Archive member included to satisfy reference by file (symbol)

/opt/devkitpro/libctru/lib/libcitro2d.a(base.o)
                              main.o (C2D_Init)
/opt/devkitpro/libctru/lib/libcitro2d.a(render2d.shbin.o)
                              /opt/devkitpro/libctru/lib/libcitro2d.a(base.o) (render2d_shbin_size)
/opt/devkitpro/libctru/lib/libcitro3d.a(base.o)
                              main.o (C3D_Init)
/opt/devkitpro/libctru/lib/libcitro3d.a(renderqueue.o)
                              main.o (C3D_FrameBegin)
/opt/devkitpro/libctru/lib/libcitro3d.a(texture.o)
                              /opt/devkitpro/libctru/lib/libcitro2d.a(base.o) (C3D_TexBind)
/opt/devkitpro/libctru/lib/libcitro3d.a(framebuffer.o)
                              /opt/devkitpro/libctru/lib/libcitro3d.a(renderqueue.o) (C3D_CalcColorBufSize)
/opt/devkitpro/libctru/lib/libcitro3d.a(texenv.o)
                              /opt/devkitpro/libctru/lib/libcitro2d.a(base.o) (C3D_GetTexEnv)
/opt/devkitpro/libctru/lib/libcitro3d.a(proctex.o)
                              /opt/devkitpro/libctru/lib/libcitro2d.a(base.o) (C3D_ProcTexInit)
/opt/devkitpro/libctru/lib/libcitro3d.a(buffers.o)
                              /opt/devkitpro/libctru/lib/libcitro2d.a(base.o) (BufInfo_Init)
/opt/devkitpro/libctru/lib/libcitro3d.a(drawArrays.o)
                              /opt/devkitpro/libctru/lib/libcitro2d.a(base.o) (C3D_DrawArrays)
/opt/devkitpro/libctru/lib/libcitro3d.a(effect.o)
                              /opt/devkitpro/libctru/lib/libcitro3d.a(base.o) (C3D_DepthMap)
/opt/devkitpro/libctru/lib/libcitro3d.a(attribs.o)
                              /opt/devkitpro/libctru/lib/libcitro2d.a(base.o) (AttrInfo_Init)
/opt/devkitpro/libctru/lib/libcitro3d.a(immediate.o)
                              /opt/devkitpro/libctru/lib/libcitro3d.a(base.o) (C3D_ImmSendAttrib)
/opt/devkitpro/libctru/lib/libcitro3d.a(uniforms.o)
                              /opt/devkitpro/libctru/lib/libcitro3d.a(base.o) (C3D_UpdateUniforms)
/opt/devkitpro/libctru/lib/libcitro3d.a(mtx_ortho.o)
                              /opt/devkitpro/libctru/lib/libcitro2d.a(base.o) (Mtx_Ortho)
/opt/devkitpro/libctru/lib/libcitro3d.a(mtx_orthotilt.o)
                              /opt/devkitpro/libctru/lib/libcitro2d.a(base.o) (Mtx_OrthoTilt)
/opt/devkitpro/libctru/lib/libctru.a(vram.o)
                              /opt/devkitpro/libctru/lib/libcitro3d.a(renderqueue.o) (vramAlloc)
/opt/devkitpro/libctru/lib/libctru.a(linear.o)
                              /opt/devkitpro/libctru/lib/libcitro2d.a(base.o) (linearAlloc)
/opt/devkitpro/libctru/lib/libctru.a(mem_pool.o)
                              /opt/devkitpro/libctru/lib/libctru.a(vram.o) (MemPool::Allocate(MemChunk&, unsigned long, int))
/opt/devkitpro/libctru/lib/libctru.a(os.o)
                              /opt/devkitpro/libctru/lib/libcitro3d.a(texture.o) (osConvertVirtToPhys)
/opt/devkitpro/libctru/lib/libctru.a(console.o)
                              main.o (consoleInit)
/opt/devkitpro/libctru/lib/libctru.a(gfx.o)
                              /opt/devkitpro/libctru/lib/libcitro3d.a(renderqueue.o) (gfxIs3D)
/opt/devkitpro/libctru/lib/libctru.a(shaderProgram.o)
                              /opt/devkitpro/libctru/lib/libcitro2d.a(base.o) (shaderInstanceGetUniformLocation)
/opt/devkitpro/libctru/lib/libctru.a(shbin.o)
                              /opt/devkitpro/libctru/lib/libcitro2d.a(base.o) (DVLB_ParseFile)
/opt/devkitpro/libctru/lib/libctru.a(gx.o)
                              /opt/devkitpro/libctru/lib/libctru.a(gfx.o) (gxCmdBuf)
/opt/devkitpro/libctru/lib/libctru.a(gxqueue.o)
                              /opt/devkitpro/libctru/lib/libcitro3d.a(renderqueue.o) (gxCmdQueueClear)
/opt/devkitpro/libctru/lib/libctru.a(gpu.o)
                              /opt/devkitpro/libctru/lib/libcitro3d.a(base.o) (gpuCmdBufOffset)
/opt/devkitpro/libctru/lib/libctru.a(gspgpu.o)
                              /opt/devkitpro/libctru/lib/libctru.a(gfx.o) (gspInit)
/opt/devkitpro/libctru/lib/libctru.a(apt.o)
                              /opt/devkitpro/libctru/lib/libcitro3d.a(base.o) (aptHook)
/opt/devkitpro/libctru/lib/libctru.a(hid.o)
                              main.o (hidScanInput)
/opt/devkitpro/libctru/lib/libctru.a(ptmsysm.o)
                              /opt/devkitpro/libctru/lib/libctru.a(os.o) (ptmSysmInit)
/opt/devkitpro/libctru/lib/libctru.a(rbtree_init.o)
                              /opt/devkitpro/libctru/lib/libctru.a(vram.o) (rbtree_init)
/opt/devkitpro/libctru/lib/libctru.a(rbtree_insert.o)
                              /opt/devkitpro/libctru/lib/libctru.a(vram.o) (rbtree_insert)
/opt/devkitpro/libctru/lib/libctru.a(rbtree_rotate.o)
                              /opt/devkitpro/libctru/lib/libctru.a(rbtree_insert.o) (rbtree_rotate)
/opt/devkitpro/libctru/lib/libctru.a(rbtree_remove.o)
                              /opt/devkitpro/libctru/lib/libctru.a(vram.o) (rbtree_remove)
/opt/devkitpro/libctru/lib/libctru.a(rbtree_find.o)
[...]
Memory Configuration

Name             Origin             Length             Attributes
*default*        0x0000000000000000 0xffffffffffffffff

Linker script and memory map

                0x0000000000100000                PROVIDE (__start__ = 0x100000)
                0x0000000000100000                . = __start__

.text           0x0000000000100000    0x1d034
 *(.crt0)
 .crt0          0x0000000000100000       0x94 /opt/devkitpro/devkitARM/lib/gcc/arm-none-eabi/9.1.0/../../../../arm-none-eabi/lib/armv6k/fpu/3dsx_crt0.o
                0x0000000000100000                _start
                0x0000000000100008                __service_ptr
                0x000000000010000c                __apt_appid
                0x0000000000100010                __heap_size
                0x0000000000100014                __linear_heap_size
                0x0000000000100018                __system_arglist
                0x000000000010001c                __system_runflags
 *(.init)
 .init          0x0000000000100094        0xc /opt/devkitpro/devkitARM/lib/gcc/arm-none-eabi/9.1.0/armv6k/fpu/crti.o
                0x0000000000100094                _init
 .init          0x00000000001000a0        0xc /opt/devkitpro/devkitARM/lib/gcc/arm-none-eabi/9.1.0/armv6k/fpu/crtn.o
                0x00000000001000ac                . = ALIGN (0x4)
 *(.text)
 .text          0x00000000001000ac       0x64 /opt/devkitpro/libctru/lib/libctru.a(stack_adjust.o)
                0x00000000001000ac                initSystem
                0x00000000001000f0                __ctru_exit
 .text          0x0000000000100110      0x20c /opt/devkitpro/devkitARM/lib/gcc/arm-none-eabi/9.1.0/armv6k/fpu/libgcc.a(_udivsi3.o)
                0x0000000000100110                __udivsi3
                0x0000000000100110                __aeabi_uidiv
                0x00000000001002fc                __aeabi_uidivmod
 .text          0x000000000010031c      0x240 /opt/devkitpro/devkitARM/lib/gcc/arm-none-eabi/9.1.0/armv6k/fpu/libgcc.a(_divsi3.o)
                0x000000000010031c                __aeabi_idiv
                0x000000000010031c                __divsi3
                0x000000000010053c                __aeabi_idivmod
 .text          0x000000000010055c        0x4 /opt/devkitpro/devkitARM/lib/gcc/arm-none-eabi/9.1.0/armv6k/fpu/libgcc.a(_dvmd_tls.o)
                0x000000000010055c                __aeabi_ldiv0
                0x000000000010055c                __aeabi_idiv0
 .text          0x0000000000100560      0x3c0 /opt/devkitpro/devkitARM/lib/gcc/arm-none-eabi/9.1.0/armv6k/fpu/libgcc.a(_arm_addsubdf3.o)
                0x0000000000100560                __aeabi_drsub
                0x0000000000100568                __aeabi_dsub
                0x0000000000100568                __subdf3
                0x000000000010056c                __adddf3
                0x000000000010056c                __aeabi_dadd
                0x0000000000100818                __aeabi_ui2d
                0x0000000000100818                __floatunsidf
                0x000000000010083c                __floatsidf
                0x000000000010083c                __aeabi_i2d
                0x0000000000100864                __extendsfdf2
                0x0000000000100864                __aeabi_f2d
                0x00000000001008ac                __aeabi_ul2d
                0x00000000001008ac                __floatundidf
                0x00000000001008c0                __floatdidf
                0x00000000001008c0                __aeabi_l2d
 .text          0x0000000000100920       0x3c /opt/devkitpro/devkitARM/lib/gcc/arm-none-eabi/9.1.0/armv6k/fpu/libgcc.a(_aeabi_uldivmod.o)
                0x0000000000100920                __aeabi_uldivmod
 *fill*         0x000000000010095c        0x4 
 .text          0x0000000000100960      0x390 /opt/devkitpro/devkitARM/lib/gcc/arm-none-eabi/9.1.0/../../../../arm-none-eabi/lib/armv6k/fpu/libg.a(lib_a-strcmp.o)
                0x0000000000100968                strcmp
 *(.text.*)
 .text.deregister_tm_clones
                0x0000000000100cf0       0x2c /opt/devkitpro/devkitARM/lib/gcc/arm-none-eabi/9.1.0/armv6k/fpu/crtbegin.o
 .text.register_tm_clones
                0x0000000000100d1c       0x38 /opt/devkitpro/devkitARM/lib/gcc/arm-none-eabi/9.1.0/armv6k/fpu/crtbegin.o
 .text.__do_global_dtors_aux
                0x0000000000100d54       0x44 /opt/devkitpro/devkitARM/lib/gcc/arm-none-eabi/9.1.0/armv6k/fpu/crtbegin.o
 .text.frame_dummy
                0x0000000000100d98       0x34 /opt/devkitpro/devkitARM/lib/gcc/arm-none-eabi/9.1.0/armv6k/fpu/crtbegin.o
 .text.drawGrid
                0x0000000000100dcc      0x118 main.o
                0x0000000000100dcc                drawGrid
 .text.startup.main
                0x0000000000100ee4       0xf0 main.o
                0x0000000000100ee4                main
 .text.C2D_Init
                0x0000000000100fd4      0x330 /opt/devkitpro/libctru/lib/libcitro2d.a(base.o)
                0x0000000000100fd4                C2D_Init
 .text.C2D_Prepare
                0x0000000000101304       0xc8 /opt/devkitpro/libctru/lib/libcitro2d.a(base.o)
                0x0000000000101304                C2D_Prepare
 .text.C2D_SceneSize
                0x00000000001013cc      0x10c /opt/devkitpro/libctru/lib/libcitro2d.a(base.o)
                0x00000000001013cc                C2D_SceneSize
 .text.C2D_CreateScreenTarget
                0x00000000001014d8       0x44 /opt/devkitpro/libctru/lib/libcitro2d.a(base.o)
                0x00000000001014d8                C2D_CreateScreenTarget
 .text.C2Di_FlushVtxBuf
                0x000000000010151c       0x30 /opt/devkitpro/libctru/lib/libcitro2d.a(base.o)
                0x000000000010151c                C2Di_FlushVtxBuf
 .text.C2Di_FrameEndHook
                0x000000000010154c       0x20 /opt/devkitpro/libctru/lib/libcitro2d.a(base.o)
 .text.C2D_Flush
                0x000000000010156c       0x18 /opt/devkitpro/libctru/lib/libcitro2d.a(base.o)
                0x000000000010156c                C2D_Flush
 .text.C2D_TargetClear
                0x0000000000101584       0x30 /opt/devkitpro/libctru/lib/libcitro2d.a(base.o)
                0x0000000000101584                C2D_TargetClear
 .text.C2Di_Update
                0x00000000001015b4      0x210 /opt/devkitpro/libctru/lib/libcitro2d.a(base.o)
                0x00000000001015b4                C2Di_Update
 .text.C2D_DrawRectangle
                0x00000000001017c4      0x19c /opt/devkitpro/libctru/lib/libcitro2d.a(base.o)
                0x00000000001017c4                C2D_DrawRectangle
 .text.C3Di_SplitFrame.part.1
                0x0000000000101960       0xc4 /opt/devkitpro/libctru/lib/libcitro3d.a(base.o)
 .text.C3Di_LightEnvUpdate
                0x0000000000101a24        0x4 /opt/devkitpro/libctru/lib/libcitro3d.a(base.o)
                0x0000000000101a24                C3Di_LightEnvUpdate
 .text.C3Di_LightEnvDirty
                0x0000000000101a28        0x4 /opt/devkitpro/libctru/lib/libcitro3d.a(base.o)
                0x0000000000101a28                C3Di_LightEnvDirty
 .text.C3Di_AptEventHook
                0x0000000000101a2c       0xac /opt/devkitpro/libctru/lib/libcitro3d.a(base.o)
 .text.C3Di_GasUpdate
                0x0000000000101ad8        0x4 /opt/devkitpro/libctru/lib/libcitro3d.a(base.o)
                0x0000000000101ad8                C3Di_GasUpdate
 .text.C3D_Init
                0x0000000000101adc      0x21c /opt/devkitpro/libctru/lib/libcitro3d.a(base.o)
                0x0000000000101adc                C3D_Init
 .text.C3D_SetViewport
                0x0000000000101cf8       0x98 /opt/devkitpro/libctru/lib/libcitro3d.a(base.o)
                0x0000000000101cf8                C3D_SetViewport
 .text.C3Di_UpdateContext
                0x0000000000101d90      0x50c /opt/devkitpro/libctru/lib/libcitro3d.a(base.o)
                0x0000000000101d90                C3Di_UpdateContext
 .text.C3Di_SplitFrame
                0x000000000010229c       0x20 /opt/devkitpro/libctru/lib/libcitro3d.a(base.o)
                0x000000000010229c                C3Di_SplitFrame
 .text.C3D_BindProgram
                0x00000000001022bc      0x114 /opt/devkitpro/libctru/lib/libcitro3d.a(base.o)
                0x00000000001022bc                C3D_BindProgram
 .text.C3Di_RenderQueueInit
                0x00000000001023d0       0x54 /opt/devkitpro/libctru/lib/libcitro3d.a(renderqueue.o)
 .text.onVBlank1
                0x0000000000102424       0xac /opt/devkitpro/libctru/lib/libcitro3d.a(renderqueue.o)
 .text.onVBlank0
                0x00000000001024d0      0x13c /opt/devkitpro/libctru/lib/libcitro3d.a(renderqueue.o)
 .text.C3Di_RenderTargetNew
                0x000000000010260c        0xc /opt/devkitpro/libctru/lib/libcitro3d.a(renderqueue.o)
 .text.C3Di_WaitAndClearQueue
                0x0000000000102618       0x7c /opt/devkitpro/libctru/lib/libcitro3d.a(renderqueue.o)
 .text.onQueueFinish
                0x0000000000102694       0xc0 /opt/devkitpro/libctru/lib/libcitro3d.a(renderqueue.o)
 .text.C3D_FrameSplit.part.6
                0x0000000000102754       0x44 /opt/devkitpro/libctru/lib/libcitro3d.a(renderqueue.o)
 .text.C3D_FrameSync
                0x0000000000102798       0x30 /opt/devkitpro/libctru/lib/libcitro3d.a(renderqueue.o)
                0x0000000000102798                C3D_FrameSync
 .text.C3Di_RenderQueueWaitDone
                0x00000000001027c8       0x20 /opt/devkitpro/libctru/lib/libcitro3d.a(renderqueue.o)
                0x00000000001027c8                C3Di_RenderQueueWaitDone
 .text.C3D_FrameBegin
                0x00000000001027e8       0x7c /opt/devkitpro/libctru/lib/libcitro3d.a(renderqueue.o)
                0x00000000001027e8                C3D_FrameBegin
 .text.C3D_FrameDrawOn
                0x0000000000102864       0x48 /opt/devkitpro/libctru/lib/libcitro3d.a(renderqueue.o)
                0x0000000000102864                C3D_FrameDrawOn
 .text.C3D_FrameSplit
                0x00000000001028ac       0x18 /opt/devkitpro/libctru/lib/libcitro3d.a(renderqueue.o)
                0x00000000001028ac                C3D_FrameSplit
 .text.C3D_FrameEnd
                0x00000000001028c4      0x164 /opt/devkitpro/libctru/lib/libcitro3d.a(renderqueue.o)
                0x00000000001028c4                C3D_FrameEnd
 .text.C3D_FrameEndHook
                0x0000000000102a28       0x1c /opt/devkitpro/libctru/lib/libcitro3d.a(renderqueue.o)
                0x0000000000102a28                C3D_FrameEndHook
 .text.C3D_RenderTargetCreate
                0x0000000000102a44      0x17c /opt/devkitpro/libctru/lib/libcitro3d.a(renderqueue.o)
                0x0000000000102a44                C3D_RenderTargetCreate
 .text.C3D_RenderTargetSetOutput
                0x0000000000102bc0       0x4c /opt/devkitpro/libctru/lib/libcitro3d.a(renderqueue.o)
                0x0000000000102bc0                C3D_RenderTargetSetOutput
 .text.C3D_TexBind
                0x0000000000102c0c       0x48 /opt/devkitpro/libctru/lib/libcitro3d.a(texture.o)
                0x0000000000102c0c                C3D_TexBind
 .text.C3Di_SetTex
                0x0000000000102c54      0x174 /opt/devkitpro/libctru/lib/libcitro3d.a(texture.o)
                0x0000000000102c54                C3Di_SetTex
 .text.C3D_CalcColorBufSize
                0x0000000000102dc8       0x1c /opt/devkitpro/libctru/lib/libcitro3d.a(framebuffer.o)
                0x0000000000102dc8                C3D_CalcColorBufSize
 .text.C3D_CalcDepthBufSize
                0x0000000000102de4       0x1c /opt/devkitpro/libctru/lib/libcitro3d.a(framebuffer.o)
                0x0000000000102de4                C3D_CalcDepthBufSize
 .text.C3D_SetFrameBuf
                0x0000000000102e00       0x44 /opt/devkitpro/libctru/lib/libcitro3d.a(framebuffer.o)
                0x0000000000102e00                C3D_SetFrameBuf
 .text.C3Di_FrameBufBind
                0x0000000000102e44      0x168 /opt/devkitpro/libctru/lib/libcitro3d.a(framebuffer.o)
                0x0000000000102e44                C3Di_FrameBufBind
 .text.C3D_FrameBufClear
                0x0000000000102fac       0xc8 /opt/devkitpro/libctru/lib/libcitro3d.a(framebuffer.o)
                0x0000000000102fac                C3D_FrameBufClear
 .text.C3D_FrameBufTransfer
                0x0000000000103074       0x48 /opt/devkitpro/libctru/lib/libcitro3d.a(framebuffer.o)
                0x0000000000103074                C3D_FrameBufTransfer
 .text.C3D_GetTexEnv
                0x00000000001030bc       0x34 /opt/devkitpro/libctru/lib/libcitro3d.a(texenv.o)
                0x00000000001030bc                C3D_GetTexEnv
 .text.C3Di_TexEnvBind
                0x00000000001030f0       0x24 /opt/devkitpro/libctru/lib/libcitro3d.a(texenv.o)
                0x00000000001030f0                C3Di_TexEnvBind
 .text.C3D_ProcTexInit
                0x0000000000103114       0x6c /opt/devkitpro/libctru/lib/libcitro3d.a(proctex.o)
                0x0000000000103114                C3D_ProcTexInit
 .text.C3D_ProcTexBind
                0x0000000000103180       0x50 /opt/devkitpro/libctru/lib/libcitro3d.a(proctex.o)
                0x0000000000103180                C3D_ProcTexBind
 .text.C3D_ProcTexLutBind
                0x00000000001031d0       0x60 /opt/devkitpro/libctru/lib/libcitro3d.a(proctex.o)
                0x00000000001031d0                C3D_ProcTexLutBind
 .text.ProcTexLut_FromArray
                0x0000000000103230       0xa4 /opt/devkitpro/libctru/lib/libcitro3d.a(proctex.o)
                0x0000000000103230                ProcTexLut_FromArray
 .text.C3Di_ProcTexUpdate
                0x00000000001032d4      0x174 /opt/devkitpro/libctru/lib/libcitro3d.a(proctex.o)
                0x00000000001032d4                C3Di_ProcTexUpdate
 .text.C3Di_ProcTexDirty
                0x0000000000103448       0x68 /opt/devkitpro/libctru/lib/libcitro3d.a(proctex.o)
                0x0000000000103448                C3Di_ProcTexDirty
 .text.BufInfo_Init
                0x00000000001034b0       0x24 /opt/devkitpro/libctru/lib/libcitro3d.a(buffers.o)
                0x00000000001034b0                BufInfo_Init
 .text.BufInfo_Add
                0x00000000001034d4       0x84 /opt/devkitpro/libctru/lib/libcitro3d.a(buffers.o)
                0x00000000001034d4                BufInfo_Add
 .text.C3D_SetBufInfo
                0x0000000000103558       0x40 /opt/devkitpro/libctru/lib/libcitro3d.a(buffers.o)
                0x0000000000103558                C3D_SetBufInfo
 .text.C3Di_BufInfoBind
                0x0000000000103598       0x48 /opt/devkitpro/libctru/lib/libcitro3d.a(buffers.o)
                0x0000000000103598                C3Di_BufInfoBind
 .text.C3D_DrawArrays
                0x00000000001035e0      0x148 /opt/devkitpro/libctru/lib/libcitro3d.a(drawArrays.o)
                0x00000000001035e0                C3D_DrawArrays
 .text.C3D_DepthMap
                0x0000000000103728       0x40 /opt/devkitpro/libctru/lib/libcitro3d.a(effect.o)
                0x0000000000103728                C3D_DepthMap
 .text.C3D_CullFace
                0x0000000000103768       0x1c /opt/devkitpro/libctru/lib/libcitro3d.a(effect.o)
                0x0000000000103768                C3D_CullFace
 .text.C3D_StencilTest
                0x0000000000103784       0x40 /opt/devkitpro/libctru/lib/libcitro3d.a(effect.o)
                0x0000000000103784                C3D_StencilTest
 .text.C3D_StencilOp
                0x00000000001037c4       0x24 /opt/devkitpro/libctru/lib/libcitro3d.a(effect.o)
                0x00000000001037c4                C3D_StencilOp
 .text.C3D_BlendingColor
                0x00000000001037e8       0x1c /opt/devkitpro/libctru/lib/libcitro3d.a(effect.o)
                0x00000000001037e8                C3D_BlendingColor
 .text.C3D_EarlyDepthTest
                0x0000000000103804       0x24 /opt/devkitpro/libctru/lib/libcitro3d.a(effect.o)
                0x0000000000103804                C3D_EarlyDepthTest
 .text.C3D_DepthTest
                0x0000000000103828       0x2c /opt/devkitpro/libctru/lib/libcitro3d.a(effect.o)
                0x0000000000103828                C3D_DepthTest
 .text.C3D_AlphaTest
                0x0000000000103854       0x2c /opt/devkitpro/libctru/lib/libcitro3d.a(effect.o)
                0x0000000000103854                C3D_AlphaTest
 .text.C3D_AlphaBlend
                0x0000000000103880       0x50 /opt/devkitpro/libctru/lib/libcitro3d.a(effect.o)
                0x0000000000103880                C3D_AlphaBlend
 .text.C3D_FragOpMode
                0x00000000001038d0       0x30 /opt/devkitpro/libctru/lib/libcitro3d.a(effect.o)
                0x00000000001038d0                C3D_FragOpMode
 .text.C3D_FragOpShadow
                0x0000000000103900       0x44 /opt/devkitpro/libctru/lib/libcitro3d.a(effect.o)
                0x0000000000103900                C3D_FragOpShadow
 .text.C3Di_EffectBind
                0x0000000000103944      0x1ac /opt/devkitpro/libctru/lib/libcitro3d.a(effect.o)
                0x0000000000103944                C3Di_EffectBind
 .text.AttrInfo_Init
                0x0000000000103af0       0x28 /opt/devkitpro/libctru/lib/libcitro3d.a(attribs.o)
                0x0000000000103af0                AttrInfo_Init
 .text.AttrInfo_AddLoader
                0x0000000000103b18       0xa0 /opt/devkitpro/libctru/lib/libcitro3d.a(attribs.o)
                0x0000000000103b18                AttrInfo_AddLoader
 .text.C3D_SetAttrInfo
                0x0000000000103bb8       0x54 /opt/devkitpro/libctru/lib/libcitro3d.a(attribs.o)
                0x0000000000103bb8                C3D_SetAttrInfo
 .text.C3Di_AttrInfoBind
                0x0000000000103c0c       0x80 /opt/devkitpro/libctru/lib/libcitro3d.a(attribs.o)
                0x0000000000103c0c                C3Di_AttrInfoBind
 .text.C3D_ImmSendAttrib
                0x0000000000103c8c       0xa4 /opt/devkitpro/libctru/lib/libcitro3d.a(immediate.o)
                0x0000000000103c8c                C3D_ImmSendAttrib
 .text.C3D_UpdateUniforms
                0x0000000000103d30      0x2b8 /opt/devkitpro/libctru/lib/libcitro3d.a(uniforms.o)
                0x0000000000103d30                C3D_UpdateUniforms
 .text.C3Di_DirtyUniforms
                0x0000000000103fe8       0xc0 /opt/devkitpro/libctru/lib/libcitro3d.a(uniforms.o)
                0x0000000000103fe8                C3Di_DirtyUniforms
 .text.C3Di_LoadShaderUniforms
                0x00000000001040a8       0xe0 /opt/devkitpro/libctru/lib/libcitro3d.a(uniforms.o)
                0x00000000001040a8                C3Di_LoadShaderUniforms
 .text.C3Di_ClearShaderUniforms
                0x0000000000104188       0x28 /opt/devkitpro/libctru/lib/libcitro3d.a(uniforms.o)
                0x0000000000104188                C3Di_ClearShaderUniforms
 .text.Mtx_Ortho
                0x00000000001041b0       0xcc /opt/devkitpro/libctru/lib/libcitro3d.a(mtx_ortho.o)
                0x00000000001041b0                Mtx_Ortho
 .text.Mtx_OrthoTilt
                0x000000000010427c       0xcc /opt/devkitpro/libctru/lib/libcitro3d.a(mtx_orthotilt.o)
                0x000000000010427c                Mtx_OrthoTilt
 .text._ZL21addrMapNodeComparatorPK11rbtree_nodeS1_
                0x0000000000104348       0x24 /opt/devkitpro/libctru/lib/libctru.a(vram.o)
 .text._ZL21addrMapNodeDestructorP11rbtree_node
                0x000000000010436c        0x4 /opt/devkitpro/libctru/lib/libctru.a(vram.o)
 .text.vramMemAlign
                0x0000000000104370      0x114 /opt/devkitpro/libctru/lib/libctru.a(vram.o)
                0x0000000000104370                vramMemAlign
 .text.vramAlloc
                0x0000000000104484        0x8 /opt/devkitpro/libctru/lib/libctru.a(vram.o)
                0x0000000000104484                vramAlloc
 .text.vramFree
                0x000000000010448c       0x54 /opt/devkitpro/libctru/lib/libctru.a(vram.o)
                0x000000000010448c                vramFree
 .text._ZL21addrMapNodeComparatorPK11rbtree_nodeS1_
                0x00000000001044e0       0x24 /opt/devkitpro/libctru/lib/libctru.a(linear.o)
 .text._ZL21addrMapNodeDestructorP11rbtree_node
                0x0000000000104504        0x4 /opt/devkitpro/libctru/lib/libctru.a(linear.o)
 .text.linearMemAlign
                0x0000000000104508      0x124 /opt/devkitpro/libctru/lib/libctru.a(linear.o)
                0x0000000000104508                linearMemAlign
 .text.linearAlloc
                0x000000000010462c        0x8 /opt/devkitpro/libctru/lib/libctru.a(linear.o)
                0x000000000010462c                linearAlloc
 .text.linearFree
                0x0000000000104634       0x54 /opt/devkitpro/libctru/lib/libctru.a(linear.o)
                0x0000000000104634                linearFree
 .text._ZN7MemPool13CoalesceRightEP8MemBlock
                0x0000000000104688       0x8c /opt/devkitpro/libctru/lib/libctru.a(mem_pool.o)
                0x0000000000104688                MemPool::CoalesceRight(MemBlock*)
 .text._ZN7MemPool8AllocateER8MemChunkmi
                0x0000000000104714      0x174 /opt/devkitpro/libctru/lib/libctru.a(mem_pool.o)
                0x0000000000104714                MemPool::Allocate(MemChunk&, unsigned long, int)
 .text._ZN7MemPool10DeallocateERK8MemChunk
                0x0000000000104888       0xfc /opt/devkitpro/libctru/lib/libctru.a(mem_pool.o)
                0x0000000000104888                MemPool::Deallocate(MemChunk const&)
 .text.getSysTime
                0x0000000000104984       0x58 /opt/devkitpro/libctru/lib/libctru.a(os.o)
 .text.__ctru_speedup_config.part.0
                0x00000000001049dc       0x28 /opt/devkitpro/libctru/lib/libctru.a(os.o)
 .text.osConvertVirtToPhys
                0x0000000000104a04       0x4c /opt/devkitpro/libctru/lib/libctru.a(os.o)
                0x0000000000104a04                osConvertVirtToPhys
 .text.osGetMemRegionUsed
                0x0000000000104a50       0x24 /opt/devkitpro/libctru/lib/libctru.a(os.o)
                0x0000000000104a50                osGetMemRegionUsed
 *fill*         0x0000000000104a74        0x4 
 .text.__libctru_gtod
                0x0000000000104a78      0x128 /opt/devkitpro/libctru/lib/libctru.a(os.o)
                0x0000000000104a78                __libctru_gtod
 .text.__ctru_speedup_config
                0x0000000000104ba0       0x18 /opt/devkitpro/libctru/lib/libctru.a(os.o)
                0x0000000000104ba0                __ctru_speedup_config
 .text.consoleDrawChar
                0x0000000000104bb8      0x1b8 /opt/devkitpro/libctru/lib/libctru.a(console.o)
                0x0000000000104bb8                consoleDrawChar
 .text.consolePrintChar
                0x0000000000104d70      0x124 /opt/devkitpro/libctru/lib/libctru.a(console.o)
                0x0000000000104d70                consolePrintChar
 .text.consoleCls
                0x0000000000104e94      0x15c /opt/devkitpro/libctru/lib/libctru.a(console.o)
 .text.consoleInit
                0x0000000000104ff0      0x104 /opt/devkitpro/libctru/lib/libctru.a(console.o)
                0x0000000000104ff0                consoleInit
 .text.consoleClearLine
                0x00000000001050f4      0x10c /opt/devkitpro/libctru/lib/libctru.a(console.o)
 .text.newRow   0x0000000000105200       0xc4 /opt/devkitpro/libctru/lib/libctru.a(console.o)
 .text.con_write
                0x00000000001052c4      0x7cc /opt/devkitpro/libctru/lib/libctru.a(console.o)
                0x00000000001052c4                con_write
 .text.gfxSetFramebufferInfo.part.0
                0x0000000000105a90       0x8c /opt/devkitpro/libctru/lib/libctru.a(gfx.o)
 .text.gfxSetFramebufferInfo
                0x0000000000105b1c       0x6c /opt/devkitpro/libctru/lib/libctru.a(gfx.o)
 .text.gfxGetFramebuffer.part.0
                0x0000000000105b88       0x58 /opt/devkitpro/libctru/lib/libctru.a(gfx.o)
 .text.gfxIs3D  0x0000000000105be0       0x10 /opt/devkitpro/libctru/lib/libctru.a(gfx.o)
                0x0000000000105be0                gfxIs3D
 .text.__get_bytes_per_pixel
                0x0000000000105bf0       0x18 /opt/devkitpro/libctru/lib/libctru.a(gfx.o)
                0x0000000000105bf0                __get_bytes_per_pixel
 .text.gfxSetScreenFormat
                0x0000000000105c08      0x184 /opt/devkitpro/libctru/lib/libctru.a(gfx.o)
                0x0000000000105c08                gfxSetScreenFormat
 .text.gfxSetDoubleBuffering
                0x0000000000105d8c       0x10 /opt/devkitpro/libctru/lib/libctru.a(gfx.o)
                0x0000000000105d8c                gfxSetDoubleBuffering
 .text.gfxInit  0x0000000000105d9c      0x214 /opt/devkitpro/libctru/lib/libctru.a(gfx.o)
                0x0000000000105d9c                gfxInit
 .text.gfxInitDefault
                0x0000000000105fb0       0x10 /opt/devkitpro/libctru/lib/libctru.a(gfx.o)
                0x0000000000105fb0                gfxInitDefault
 .text.gfxExit  0x0000000000105fc0       0xe0 /opt/devkitpro/libctru/lib/libctru.a(gfx.o)
                0x0000000000105fc0                gfxExit
 .text.gfxGetFramebuffer
                0x00000000001060a0       0x64 /opt/devkitpro/libctru/lib/libctru.a(gfx.o)
                0x00000000001060a0                gfxGetFramebuffer
 .text.gfxFlushBuffers
                0x0000000000106104       0xcc /opt/devkitpro/libctru/lib/libctru.a(gfx.o)
                0x0000000000106104                gfxFlushBuffers
 .text.gfxConfigScreen
                0x00000000001061d0       0xf4 /opt/devkitpro/libctru/lib/libctru.a(gfx.o)
                0x00000000001061d0                gfxConfigScreen
 .text.gfxSwapBuffersGpu
                0x00000000001062c4       0x20 /opt/devkitpro/libctru/lib/libctru.a(gfx.o)
                0x00000000001062c4                gfxSwapBuffersGpu
 .text.shaderInstanceInit
                0x00000000001062e4      0x1f0 /opt/devkitpro/libctru/lib/libctru.a(shaderProgram.o)
                0x00000000001062e4                shaderInstanceInit
 .text.shaderInstanceFree
                0x00000000001064d4       0x34 /opt/devkitpro/libctru/lib/libctru.a(shaderProgram.o)
                0x00000000001064d4                shaderInstanceFree
 .text.shaderInstanceGetUniformLocation
                0x0000000000106508       0x18 /opt/devkitpro/libctru/lib/libctru.a(shaderProgram.o)
                0x0000000000106508                shaderInstanceGetUniformLocation
 .text.shaderProgramInit
                0x0000000000106520       0x18 /opt/devkitpro/libctru/lib/libctru.a(shaderProgram.o)
                0x0000000000106520                shaderProgramInit
 .text.shaderProgramSetVsh
                0x0000000000106538       0x6c /opt/devkitpro/libctru/lib/libctru.a(shaderProgram.o)
                0x0000000000106538                shaderProgramSetVsh
 .text.shaderProgramConfigure
                0x00000000001065a4      0x8b4 /opt/devkitpro/libctru/lib/libctru.a(shaderProgram.o)
                0x00000000001065a4                shaderProgramConfigure
 .text.DVLE_GenerateOutmap.part.0
                0x0000000000106e58      0x1f8 /opt/devkitpro/libctru/lib/libctru.a(shbin.o)
 .text.DVLB_ParseFile
                0x0000000000107050      0x1c8 /opt/devkitpro/libctru/lib/libctru.a(shbin.o)
                0x0000000000107050                DVLB_ParseFile
 .text.DVLE_GetUniformRegister
                0x0000000000107218       0x78 /opt/devkitpro/libctru/lib/libctru.a(shbin.o)
                0x0000000000107218                DVLE_GetUniformRegister
 .text.submitGxCommand
                0x0000000000107290       0x38 /opt/devkitpro/libctru/lib/libctru.a(gx.o)
 .text.GX_BindQueue
                0x00000000001072c8       0x10 /opt/devkitpro/libctru/lib/libctru.a(gx.o)
                0x00000000001072c8                GX_BindQueue
 .text.GX_ProcessCommandList
                0x00000000001072d8       0x50 /opt/devkitpro/libctru/lib/libctru.a(gx.o)
                0x00000000001072d8                GX_ProcessCommandList
 .text.GX_MemoryFill
                0x0000000000107328       0x54 /opt/devkitpro/libctru/lib/libctru.a(gx.o)
                0x0000000000107328                GX_MemoryFill
 .text.GX_DisplayTransfer
                0x000000000010737c       0x48 /opt/devkitpro/libctru/lib/libctru.a(gx.o)
                0x000000000010737c                GX_DisplayTransfer
 .text.gxCmdQueueDoCommands.part.0
                0x00000000001073c4       0x74 /opt/devkitpro/libctru/lib/libctru.a(gxqueue.o)
 .text.gxCmdQueueInterrupt
                0x0000000000107438       0xc8 /opt/devkitpro/libctru/lib/libctru.a(gxqueue.o)
                0x0000000000107438                gxCmdQueueInterrupt
 .text.gxCmdQueueClear
                0x0000000000107500       0x4c /opt/devkitpro/libctru/lib/libctru.a(gxqueue.o)
                0x0000000000107500                gxCmdQueueClear
 .text.gxCmdQueueAdd
                0x000000000010754c       0xf8 /opt/devkitpro/libctru/lib/libctru.a(gxqueue.o)
                0x000000000010754c                gxCmdQueueAdd
 .text.gxCmdQueueRun
                0x0000000000107644       0x80 /opt/devkitpro/libctru/lib/libctru.a(gxqueue.o)
                0x0000000000107644                gxCmdQueueRun
 .text.gxCmdQueueStop
                0x00000000001076c4       0x60 /opt/devkitpro/libctru/lib/libctru.a(gxqueue.o)
                0x00000000001076c4                gxCmdQueueStop
 .text.gxCmdQueueWait
                0x0000000000107724       0x84 /opt/devkitpro/libctru/lib/libctru.a(gxqueue.o)
                0x0000000000107724                gxCmdQueueWait
 .text.GPUCMD_Add
                0x00000000001077a8      0x13c /opt/devkitpro/libctru/lib/libctru.a(gpu.o)
                0x00000000001077a8                GPUCMD_Add
 .text.GPUCMD_Split
                0x00000000001078e4       0xb0 /opt/devkitpro/libctru/lib/libctru.a(gpu.o)
                0x00000000001078e4                GPUCMD_Split
 .text.f32tof16
                0x0000000000107994       0x40 /opt/devkitpro/libctru/lib/libctru.a(gpu.o)
                0x0000000000107994                f32tof16
 .text.f32tof24
                0x00000000001079d4       0x40 /opt/devkitpro/libctru/lib/libctru.a(gpu.o)
                0x00000000001079d4                f32tof24
 .text.f32tof31
                0x0000000000107a14       0x44 /opt/devkitpro/libctru/lib/libctru.a(gpu.o)
                0x0000000000107a14                f32tof31
 .text.gspInit  0x0000000000107a58       0x74 /opt/devkitpro/libctru/lib/libctru.a(gspgpu.o)
                0x0000000000107a58                gspInit
 .text.gspExit  0x0000000000107acc       0x3c /opt/devkitpro/libctru/lib/libctru.a(gspgpu.o)
                0x0000000000107acc                gspExit
 .text.gspSetEventCallback
                0x0000000000107b08       0x34 /opt/devkitpro/libctru/lib/libctru.a(gspgpu.o)
                0x0000000000107b08                gspSetEventCallback
 .text.gspInitEventHandler
                0x0000000000107b3c       0xa4 /opt/devkitpro/libctru/lib/libctru.a(gspgpu.o)
                0x0000000000107b3c                gspInitEventHandler
 .text.gspExitEventHandler
                0x0000000000107be0       0x40 /opt/devkitpro/libctru/lib/libctru.a(gspgpu.o)
                0x0000000000107be0                gspExitEventHandler
 .text.gspWaitForEvent
                0x0000000000107c20       0x50 /opt/devkitpro/libctru/lib/libctru.a(gspgpu.o)
                0x0000000000107c20                gspWaitForEvent
 .text.gspWaitForAnyEvent
                0x0000000000107c70       0x64 /opt/devkitpro/libctru/lib/libctru.a(gspgpu.o)
                0x0000000000107c70                gspWaitForAnyEvent
 .text.gspEventThreadMain
                0x0000000000107cd4      0x178 /opt/devkitpro/libctru/lib/libctru.a(gspgpu.o)
 .text.gspSubmitGxCommand
                0x0000000000107e4c      0x124 /opt/devkitpro/libctru/lib/libctru.a(gspgpu.o)
                0x0000000000107e4c                gspSubmitGxCommand
 .text.GSPGPU_SetBufferSwap
                0x0000000000107f70       0x6c /opt/devkitpro/libctru/lib/libctru.a(gspgpu.o)
                0x0000000000107f70                GSPGPU_SetBufferSwap
 .text.GSPGPU_FlushDataCache
                0x0000000000107fdc       0x4c /opt/devkitpro/libctru/lib/libctru.a(gspgpu.o)
                0x0000000000107fdc                GSPGPU_FlushDataCache
 .text.GSPGPU_SetLcdForceBlack
                0x0000000000108028       0x34 /opt/devkitpro/libctru/lib/libctru.a(gspgpu.o)
                0x0000000000108028                GSPGPU_SetLcdForceBlack
 .text.GSPGPU_RegisterInterruptRelayQueue
                0x000000000010805c       0x64 /opt/devkitpro/libctru/lib/libctru.a(gspgpu.o)
                0x000000000010805c                GSPGPU_RegisterInterruptRelayQueue
 .text.GSPGPU_UnregisterInterruptRelayQueue
                0x00000000001080c0       0x2c /opt/devkitpro/libctru/lib/libctru.a(gspgpu.o)
                0x00000000001080c0                GSPGPU_UnregisterInterruptRelayQueue
 .text.GSPGPU_AcquireRight
                0x00000000001080ec       0x48 /opt/devkitpro/libctru/lib/libctru.a(gspgpu.o)
                0x00000000001080ec                GSPGPU_AcquireRight
 .text.GSPGPU_ReleaseRight
                0x0000000000108134       0x2c /opt/devkitpro/libctru/lib/libctru.a(gspgpu.o)
                0x0000000000108134                GSPGPU_ReleaseRight
 .text.GSPGPU_ImportDisplayCaptureInfo
                0x0000000000108160       0x80 /opt/devkitpro/libctru/lib/libctru.a(gspgpu.o)
                0x0000000000108160                GSPGPU_ImportDisplayCaptureInfo
 .text.GSPGPU_SaveVramSysArea
                0x00000000001081e0       0x2c /opt/devkitpro/libctru/lib/libctru.a(gspgpu.o)
                0x00000000001081e0                GSPGPU_SaveVramSysArea
 .text.GSPGPU_RestoreVramSysArea
                0x000000000010820c       0x2c /opt/devkitpro/libctru/lib/libctru.a(gspgpu.o)
                0x000000000010820c                GSPGPU_RestoreVramSysArea
 .text._aptDebug
                0x0000000000108238        0x4 /opt/devkitpro/libctru/lib/libctru.a(apt.o)
                0x0000000000108238                _aptDebug
 .text.aptSendCommand
                0x000000000010823c      0x170 /opt/devkitpro/libctru/lib/libctru.a(apt.o)
                0x000000000010823c                aptSendCommand
 .text.aptExitProcess
                0x00000000001083ac       0x3c /opt/devkitpro/libctru/lib/libctru.a(apt.o)
 .text.aptHook  0x00000000001083e8       0x30 /opt/devkitpro/libctru/lib/libctru.a(apt.o)
                0x00000000001083e8                aptHook
 .text.APT_InquireNotification
                0x0000000000108418       0x50 /opt/devkitpro/libctru/lib/libctru.a(apt.o)
                0x0000000000108418                APT_InquireNotification
 .text.aptEventHandler
                0x0000000000108468      0x194 /opt/devkitpro/libctru/lib/libctru.a(apt.o)
 .text.APT_AppletUtility
                0x00000000001085fc       0x74 /opt/devkitpro/libctru/lib/libctru.a(apt.o)
                0x00000000001085fc                APT_AppletUtility
 .text.aptSetSleepAllowed
                0x0000000000108670       0xb0 /opt/devkitpro/libctru/lib/libctru.a(apt.o)
                0x0000000000108670                aptSetSleepAllowed
 .text.APT_GlanceParameter
                0x0000000000108720       0xb4 /opt/devkitpro/libctru/lib/libctru.a(apt.o)
                0x0000000000108720                APT_GlanceParameter
 .text.APT_ReceiveParameter
                0x00000000001087d4       0xc8 /opt/devkitpro/libctru/lib/libctru.a(apt.o)
                0x00000000001087d4                APT_ReceiveParameter
 .text.aptReceiveParameter.constprop.0
                0x000000000010889c       0xbc /opt/devkitpro/libctru/lib/libctru.a(apt.o)
 .text.aptScreenTransfer
                0x0000000000108958      0x1e0 /opt/devkitpro/libctru/lib/libctru.a(apt.o)
 .text.aptWaitForWakeUp
                0x0000000000108b38      0x210 /opt/devkitpro/libctru/lib/libctru.a(apt.o)
 .text.APT_CancelParameter
                0x0000000000108d48       0x70 /opt/devkitpro/libctru/lib/libctru.a(apt.o)
                0x0000000000108d48                APT_CancelParameter
 .text.aptInit  0x0000000000108db8      0x25c /opt/devkitpro/libctru/lib/libctru.a(apt.o)
                0x0000000000108db8                aptInit
 .text.aptClearParamQueue
                0x0000000000109014       0x88 /opt/devkitpro/libctru/lib/libctru.a(apt.o)
 .text.aptMainLoop
                0x000000000010909c      0x264 /opt/devkitpro/libctru/lib/libctru.a(apt.o)
                0x000000000010909c                aptMainLoop
 .text.aptExit  0x0000000000109300      0x254 /opt/devkitpro/libctru/lib/libctru.a(apt.o)
                0x0000000000109300                aptExit
 .text.APT_CheckNew3DS
                0x0000000000109554       0x7c /opt/devkitpro/libctru/lib/libctru.a(apt.o)
                0x0000000000109554                APT_CheckNew3DS
 .text.hidCheckSectionUpdateTime.part.0
                0x00000000001095d0       0x28 /opt/devkitpro/libctru/lib/libctru.a(hid.o)
 .text.hidExit  0x00000000001095f8       0xd0 /opt/devkitpro/libctru/lib/libctru.a(hid.o)
                0x00000000001095f8                hidExit
 .text.hidScanInput
                0x00000000001096c8      0x1d8 /opt/devkitpro/libctru/lib/libctru.a(hid.o)
                0x00000000001096c8                hidScanInput
 .text.hidKeysDown
                0x00000000001098a0       0x10 /opt/devkitpro/libctru/lib/libctru.a(hid.o)
                0x00000000001098a0                hidKeysDown
 .text.HIDUSER_GetHandles
                0x00000000001098b0       0x90 /opt/devkitpro/libctru/lib/libctru.a(hid.o)
                0x00000000001098b0                HIDUSER_GetHandles
 .text.hidInit  0x0000000000109940      0x1a4 /opt/devkitpro/libctru/lib/libctru.a(hid.o)
                0x0000000000109940                hidInit
 .text.ptmSysmInit
                0x0000000000109ae4       0x74 /opt/devkitpro/libctru/lib/libctru.a(ptmsysm.o)
                0x0000000000109ae4                ptmSysmInit
 .text.ptmSysmExit
                0x0000000000109b58       0x3c /opt/devkitpro/libctru/lib/libctru.a(ptmsysm.o)
                0x0000000000109b58                ptmSysmExit
 .text.PTMSYSM_ConfigureNew3DSCPU
                0x0000000000109b94       0x34 /opt/devkitpro/libctru/lib/libctru.a(ptmsysm.o)
                0x0000000000109b94                PTMSYSM_ConfigureNew3DSCPU
 .text.rbtree_init
                0x0000000000109bc8       0x14 /opt/devkitpro/libctru/lib/libctru.a(rbtree_init.o)
                0x0000000000109bc8                rbtree_init
 .text.do_insert
                0x0000000000109bdc      0x1a4 /opt/devkitpro/libctru/lib/libctru.a(rbtree_insert.o)
 .text.rbtree_insert
                0x0000000000109d80        0x8 /opt/devkitpro/libctru/lib/libctru.a(rbtree_insert.o)
                0x0000000000109d80                rbtree_insert
 .text.rbtree_rotate
                0x0000000000109d88       0x90 /opt/devkitpro/libctru/lib/libctru.a(rbtree_rotate.o)
                0x0000000000109d88                rbtree_rotate
 .text.rbtree_remove
                0x0000000000109e18      0x334 /opt/devkitpro/libctru/lib/libctru.a(rbtree_remove.o)
                0x0000000000109e18                rbtree_remove
 .text.rbtree_find
                0x000000000010a14c       0x74 /opt/devkitpro/libctru/lib/libctru.a(rbtree_find.o)
                0x000000000010a14c                rbtree_find
 .text.__libctru_init
                0x000000000010a1c0       0x38 /opt/devkitpro/libctru/lib/libctru.a(initSystem.o)
                0x000000000010a1c0                __libctru_init
 .text.__libctru_nanosleep
                0x000000000010a1f8       0x34 /opt/devkitpro/libctru/lib/libctru.a(syscalls.o)
 .text.__ctru_get_reent
                0x000000000010a22c       0x30 /opt/devkitpro/libctru/lib/libctru.a(syscalls.o)
 .text.__system_initSyscalls
                0x000000000010a25c       0xfc /opt/devkitpro/libctru/lib/libctru.a(syscalls.o)
                0x000000000010a25c                __system_initSyscalls
 .text.__system_allocateHeaps
                0x000000000010a358      0x100 /opt/devkitpro/libctru/lib/libctru.a(allocateHeaps.o)
                0x000000000010a358                __system_allocateHeaps
 .text.__system_initArgv
                0x000000000010a458       0xf0 /opt/devkitpro/libctru/lib/libctru.a(initArgv.o)
                0x000000000010a458                __system_initArgv
 .text.svcControlMemory
                0x000000000010a548       0x20 /opt/devkitpro/libctru/lib/libctru.a(svc.o)
                0x000000000010a548                svcControlMemory
 .text.svcExitProcess
                0x000000000010a568        0x8 /opt/devkitpro/libctru/lib/libctru.a(svc.o)
                0x000000000010a568                svcExitProcess
 .text.svcCreateThread
                0x000000000010a570       0x20 /opt/devkitpro/libctru/lib/libctru.a(svc.o)
                0x000000000010a570                svcCreateThread
 .text.svcExitThread
                0x000000000010a590        0x8 /opt/devkitpro/libctru/lib/libctru.a(svc.o)
                0x000000000010a590                svcExitThread
 .text.svcSleepThread
                0x000000000010a598        0x8 /opt/devkitpro/libctru/lib/libctru.a(svc.o)
                0x000000000010a598                svcSleepThread
 .text.svcReleaseMutex
                0x000000000010a5a0        0x8 /opt/devkitpro/libctru/lib/libctru.a(svc.o)
                0x000000000010a5a0                svcReleaseMutex
 .text.svcCreateEvent
                0x000000000010a5a8       0x14 /opt/devkitpro/libctru/lib/libctru.a(svc.o)
                0x000000000010a5a8                svcCreateEvent
 .text.svcSignalEvent
                0x000000000010a5bc        0x8 /opt/devkitpro/libctru/lib/libctru.a(svc.o)
                0x000000000010a5bc                svcSignalEvent
 .text.svcClearEvent
                0x000000000010a5c4        0x8 /opt/devkitpro/libctru/lib/libctru.a(svc.o)
                0x000000000010a5c4                svcClearEvent
 .text.svcMapMemoryBlock
                0x000000000010a5cc        0x8 /opt/devkitpro/libctru/lib/libctru.a(svc.o)
                0x000000000010a5cc                svcMapMemoryBlock
 .text.svcUnmapMemoryBlock
                0x000000000010a5d4        0x8 /opt/devkitpro/libctru/lib/libctru.a(svc.o)
                0x000000000010a5d4                svcUnmapMemoryBlock
 .text.svcCreateAddressArbiter
                0x000000000010a5dc       0x14 /opt/devkitpro/libctru/lib/libctru.a(svc.o)
                0x000000000010a5dc                svcCreateAddressArbiter
 .text.svcArbitrateAddress
                0x000000000010a5f0       0x18 /opt/devkitpro/libctru/lib/libctru.a(svc.o)
                0x000000000010a5f0                svcArbitrateAddress
 .text.svcCloseHandle
                0x000000000010a608        0x8 /opt/devkitpro/libctru/lib/libctru.a(svc.o)
                0x000000000010a608                svcCloseHandle
 .text.svcWaitSynchronization
                0x000000000010a610        0x8 /opt/devkitpro/libctru/lib/libctru.a(svc.o)
                0x000000000010a610                svcWaitSynchronization
 .text.svcWaitSynchronizationN
                0x000000000010a618       0x28 /opt/devkitpro/libctru/lib/libctru.a(svc.o)
                0x000000000010a618                svcWaitSynchronizationN
 .text.svcDuplicateHandle
                0x000000000010a640       0x14 /opt/devkitpro/libctru/lib/libctru.a(svc.o)
                0x000000000010a640                svcDuplicateHandle
 .text.svcGetSystemTick
                0x000000000010a654        0x8 /opt/devkitpro/libctru/lib/libctru.a(svc.o)
                0x000000000010a654                svcGetSystemTick
 .text.svcGetSystemInfo
                0x000000000010a65c       0x18 /opt/devkitpro/libctru/lib/libctru.a(svc.o)
                0x000000000010a65c                svcGetSystemInfo
 .text.svcConnectToPort
                0x000000000010a674       0x14 /opt/devkitpro/libctru/lib/libctru.a(svc.o)
                0x000000000010a674                svcConnectToPort
 .text.svcSendSyncRequest
                0x000000000010a688        0x8 /opt/devkitpro/libctru/lib/libctru.a(svc.o)
                0x000000000010a688                svcSendSyncRequest
 .text.svcBreak
                0x000000000010a690        0x8 /opt/devkitpro/libctru/lib/libctru.a(svc.o)
                0x000000000010a690                svcBreak
 .text._ZL21addrMapNodeComparatorPK11rbtree_nodeS1_
                0x000000000010a698       0x24 /opt/devkitpro/libctru/lib/libctru.a(mappable.o)
 .text._ZL21addrMapNodeDestructorP11rbtree_node
                0x000000000010a6bc        0x4 /opt/devkitpro/libctru/lib/libctru.a(mappable.o)
 .text.mappableAlloc
                0x000000000010a6c0       0xe8 /opt/devkitpro/libctru/lib/libctru.a(mappable.o)
                0x000000000010a6c0                mappableAlloc
 .text.mappableFree
                0x000000000010a7a8       0x54 /opt/devkitpro/libctru/lib/libctru.a(mappable.o)
                0x000000000010a7a8                mappableFree
 .text.LightLock_Unlock.part.0
                0x000000000010a7fc       0x38 /opt/devkitpro/libctru/lib/libctru.a(synchronization.o)
 .text.__sync_init
                0x000000000010a834        0xc /opt/devkitpro/libctru/lib/libctru.a(synchronization.o)
                0x000000000010a834                __sync_init
 .text.__sync_fini
                0x000000000010a840       0x18 /opt/devkitpro/libctru/lib/libctru.a(synchronization.o)
                0x000000000010a840                __sync_fini
 .text.__sync_get_arbiter
                0x000000000010a858       0x10 /opt/devkitpro/libctru/lib/libctru.a(synchronization.o)
                0x000000000010a858                __sync_get_arbiter
 .text.LightLock_Init
                0x000000000010a868       0x18 /opt/devkitpro/libctru/lib/libctru.a(synchronization.o)
                0x000000000010a868                LightLock_Init
 .text.LightLock_Lock
                0x000000000010a880       0x90 /opt/devkitpro/libctru/lib/libctru.a(synchronization.o)
                0x000000000010a880                LightLock_Lock
 .text.LightLock_TryLock
                0x000000000010a910       0x34 /opt/devkitpro/libctru/lib/libctru.a(synchronization.o)
                0x000000000010a910                LightLock_TryLock
 .text.LightLock_Unlock
                0x000000000010a944       0x20 /opt/devkitpro/libctru/lib/libctru.a(synchronization.o)
                0x000000000010a944                LightLock_Unlock
 .text.RecursiveLock_Init
                0x000000000010a964       0x24 /opt/devkitpro/libctru/lib/libctru.a(synchronization.o)
                0x000000000010a964                RecursiveLock_Init
 .text.RecursiveLock_Lock
                0x000000000010a988       0x30 /opt/devkitpro/libctru/lib/libctru.a(synchronization.o)
                0x000000000010a988                RecursiveLock_Lock
 .text.RecursiveLock_TryLock
                0x000000000010a9b8       0x58 /opt/devkitpro/libctru/lib/libctru.a(synchronization.o)
                0x000000000010a9b8                RecursiveLock_TryLock
 .text.RecursiveLock_Unlock
                0x000000000010aa10       0x38 /opt/devkitpro/libctru/lib/libctru.a(synchronization.o)
                0x000000000010aa10                RecursiveLock_Unlock
 .text.LightEvent_Init
                0x000000000010aa48       0x38 /opt/devkitpro/libctru/lib/libctru.a(synchronization.o)
                0x000000000010aa48                LightEvent_Init
 .text.LightEvent_Clear
                0x000000000010aa80       0x7c /opt/devkitpro/libctru/lib/libctru.a(synchronization.o)
                0x000000000010aa80                LightEvent_Clear
 .text.LightEvent_Signal
                0x000000000010aafc       0xdc /opt/devkitpro/libctru/lib/libctru.a(synchronization.o)
                0x000000000010aafc                LightEvent_Signal
 .text.LightEvent_Wait
                0x000000000010abd8       0xc0 /opt/devkitpro/libctru/lib/libctru.a(synchronization.o)
                0x000000000010abd8                LightEvent_Wait
 .text.srvExit  0x000000000010ac98       0x58 /opt/devkitpro/libctru/lib/libctru.a(srv.o)
                0x000000000010ac98                srvExit
 .text.srvRegisterClient
                0x000000000010acf0       0x38 /opt/devkitpro/libctru/lib/libctru.a(srv.o)
                0x000000000010acf0                srvRegisterClient
 .text.srvInit  0x000000000010ad28       0xcc /opt/devkitpro/libctru/lib/libctru.a(srv.o)
                0x000000000010ad28                srvInit
 .text.srvGetServiceHandleDirect
                0x000000000010adf4       0x80 /opt/devkitpro/libctru/lib/libctru.a(srv.o)
                0x000000000010adf4                srvGetServiceHandleDirect
 .text.srvGetServiceHandle
                0x000000000010ae74       0x48 /opt/devkitpro/libctru/lib/libctru.a(srv.o)
                0x000000000010ae74                srvGetServiceHandle
 .text.threadFree.part.0
                0x000000000010aebc       0x1c /opt/devkitpro/libctru/lib/libctru.a(thread.o)
 .text.threadCreate
                0x000000000010aed8      0x180 /opt/devkitpro/libctru/lib/libctru.a(thread.o)
                0x000000000010aed8                threadCreate
 .text.threadJoin
                0x000000000010b058       0x24 /opt/devkitpro/libctru/lib/libctru.a(thread.o)
                0x000000000010b058                threadJoin
 .text.threadExit
                0x000000000010b07c       0x68 /opt/devkitpro/libctru/lib/libctru.a(thread.o)
                0x000000000010b07c                threadExit
 .text._thread_begin
                0x000000000010b0e4       0x48 /opt/devkitpro/libctru/lib/libctru.a(thread.o)
 .text.irrstScanInput
                0x000000000010b12c       0xac /opt/devkitpro/libctru/lib/libctru.a(irrst.o)
                0x000000000010b12c                irrstScanInput
 .text.irrstKeysHeld
                0x000000000010b1d8       0x24 /opt/devkitpro/libctru/lib/libctru.a(irrst.o)
                0x000000000010b1d8                irrstKeysHeld
 .text.IRRST_GetHandles
                0x000000000010b1fc       0x50 /opt/devkitpro/libctru/lib/libctru.a(irrst.o)
                0x000000000010b1fc                IRRST_GetHandles
 .text.irrstInit
                0x000000000010b24c      0x154 /opt/devkitpro/libctru/lib/libctru.a(irrst.o)
                0x000000000010b24c                irrstInit
 .text.IRRST_Shutdown
                0x000000000010b3a0       0x2c /opt/devkitpro/libctru/lib/libctru.a(irrst.o)
                0x000000000010b3a0                IRRST_Shutdown
 .text.irrstExit
                0x000000000010b3cc       0xac /opt/devkitpro/libctru/lib/libctru.a(irrst.o)
                0x000000000010b3cc                irrstExit
 .text.srvPmGetSessionHandle
                0x000000000010b478        0xc /opt/devkitpro/libctru/lib/libctru.a(srvpm.o)
                0x000000000010b478                srvPmGetSessionHandle
 .text.rbtree_node_next
                0x000000000010b484       0x50 /opt/devkitpro/libctru/lib/libctru.a(rbtree_iterator.o)
                0x000000000010b484                rbtree_node_next
 .text.__appInit
                0x000000000010b4d4       0x1c /opt/devkitpro/libctru/lib/libctru.a(appInit.o)
                0x000000000010b4d4                __appInit
 .text.__appExit
                0x000000000010b4f0       0x1c /opt/devkitpro/libctru/lib/libctru.a(appExit.o)
                0x000000000010b4f0                __appExit
 .text.__libctru_exit
                0x000000000010b50c       0xa0 /opt/devkitpro/libctru/lib/libctru.a(ctru_exit.o)
                0x000000000010b50c                __libctru_exit
 .text.envGetHandle
                0x000000000010b5ac       0x84 /opt/devkitpro/libctru/lib/libctru.a(env.o)
                0x000000000010b5ac                envGetHandle
 .text.envDestroyHandles
                0x000000000010b630       0x4c /opt/devkitpro/libctru/lib/libctru.a(env.o)
                0x000000000010b630                envDestroyHandles
 .text.sdmc_link
                0x000000000010b67c       0x14 /opt/devkitpro/libctru/lib/libctru.a(sdmc_dev.o)
 .text.sdmc_dirreset
                0x000000000010b690       0x14 /opt/devkitpro/libctru/lib/libctru.a(sdmc_dev.o)
 .text.sdmc_chmod
                0x000000000010b6a4       0x14 /opt/devkitpro/libctru/lib/libctru.a(sdmc_dev.o)
 .text.error_cmp
                0x000000000010b6b8       0x24 /opt/devkitpro/libctru/lib/libctru.a(sdmc_dev.o)
 .text.sdmc_translate_error
                0x000000000010b6dc       0x50 /opt/devkitpro/libctru/lib/libctru.a(sdmc_dev.o)
 .text.sdmc_fsync
                0x000000000010b72c       0x34 /opt/devkitpro/libctru/lib/libctru.a(sdmc_dev.o)
 .text.sdmc_ftruncate
                0x000000000010b760       0x54 /opt/devkitpro/libctru/lib/libctru.a(sdmc_dev.o)
 .text.sdmc_statvfs
                0x000000000010b7b4       0xbc /opt/devkitpro/libctru/lib/libctru.a(sdmc_dev.o)
 .text.sdmc_dirclose
                0x000000000010b870       0x38 /opt/devkitpro/libctru/lib/libctru.a(sdmc_dev.o)
 .text.sdmc_dirnext
                0x000000000010b8a8      0x13c /opt/devkitpro/libctru/lib/libctru.a(sdmc_dev.o)
 .text.sdmc_close
                0x000000000010b9e4       0x34 /opt/devkitpro/libctru/lib/libctru.a(sdmc_dev.o)
 .text.sdmc_fstat
                0x000000000010ba18       0x70 /opt/devkitpro/libctru/lib/libctru.a(sdmc_dev.o)
 .text.sdmc_seek
                0x000000000010ba88       0xd4 /opt/devkitpro/libctru/lib/libctru.a(sdmc_dev.o)
 .text.sdmc_read
                0x000000000010bb5c       0x78 /opt/devkitpro/libctru/lib/libctru.a(sdmc_dev.o)
 .text.sdmc_write
                0x000000000010bbd4       0xac /opt/devkitpro/libctru/lib/libctru.a(sdmc_dev.o)
 .text.sdmc_utf16path
                0x000000000010bc80      0x1b0 /opt/devkitpro/libctru/lib/libctru.a(sdmc_dev.o)
 .text.sdmc_rmdir
                0x000000000010be30       0x74 /opt/devkitpro/libctru/lib/libctru.a(sdmc_dev.o)
 .text.sdmc_diropen
                0x000000000010bea4       0xa4 /opt/devkitpro/libctru/lib/libctru.a(sdmc_dev.o)
 .text.sdmc_chdir
                0x000000000010bf48       0xac /opt/devkitpro/libctru/lib/libctru.a(sdmc_dev.o)
 .text.sdmc_mkdir
                0x000000000010bff4       0x98 /opt/devkitpro/libctru/lib/libctru.a(sdmc_dev.o)
 .text.sdmc_rename
                0x000000000010c08c      0x108 /opt/devkitpro/libctru/lib/libctru.a(sdmc_dev.o)
 .text.sdmc_unlink
                0x000000000010c194       0x74 /opt/devkitpro/libctru/lib/libctru.a(sdmc_dev.o)
 .text.sdmc_stat
                0x000000000010c208      0x108 /opt/devkitpro/libctru/lib/libctru.a(sdmc_dev.o)
 .text.sdmc_open
                0x000000000010c310      0x198 /opt/devkitpro/libctru/lib/libctru.a(sdmc_dev.o)
 .text.sdmc_fchmod
                0x000000000010c4a8       0x14 /opt/devkitpro/libctru/lib/libctru.a(sdmc_dev.o)
 .text.sdmcInit
                0x000000000010c4bc      0x168 /opt/devkitpro/libctru/lib/libctru.a(sdmc_dev.o)
                0x000000000010c4bc                sdmcInit
 .text.sdmcExit
                0x000000000010c624       0x60 /opt/devkitpro/libctru/lib/libctru.a(sdmc_dev.o)
                0x000000000010c624                sdmcExit
 .text.fsSessionForArchive.part.0
                0x000000000010c684       0x28 /opt/devkitpro/libctru/lib/libctru.a(fs.o)
 .text.fsInit   0x000000000010c6ac       0xc4 /opt/devkitpro/libctru/lib/libctru.a(fs.o)
                0x000000000010c6ac                fsInit
 .text.fsExit   0x000000000010c770       0x3c /opt/devkitpro/libctru/lib/libctru.a(fs.o)
                0x000000000010c770                fsExit
 .text.fsExemptFromSession
                0x000000000010c7ac       0x64 /opt/devkitpro/libctru/lib/libctru.a(fs.o)
                0x000000000010c7ac                fsExemptFromSession
 .text.fsUnexemptFromSession
                0x000000000010c810       0x5c /opt/devkitpro/libctru/lib/libctru.a(fs.o)
                0x000000000010c810                fsUnexemptFromSession
 .text.FSUSER_OpenFile
                0x000000000010c86c       0xbc /opt/devkitpro/libctru/lib/libctru.a(fs.o)
                0x000000000010c86c                FSUSER_OpenFile
 .text.FSUSER_DeleteFile
                0x000000000010c928       0xac /opt/devkitpro/libctru/lib/libctru.a(fs.o)
                0x000000000010c928                FSUSER_DeleteFile
 .text.FSUSER_RenameFile
                0x000000000010c9d4       0xe8 /opt/devkitpro/libctru/lib/libctru.a(fs.o)
                0x000000000010c9d4                FSUSER_RenameFile
 .text.FSUSER_DeleteDirectory
                0x000000000010cabc       0xac /opt/devkitpro/libctru/lib/libctru.a(fs.o)
                0x000000000010cabc                FSUSER_DeleteDirectory
 .text.FSUSER_CreateFile
                0x000000000010cb68       0xc4 /opt/devkitpro/libctru/lib/libctru.a(fs.o)
                0x000000000010cb68                FSUSER_CreateFile
 .text.FSUSER_CreateDirectory
                0x000000000010cc2c       0xb4 /opt/devkitpro/libctru/lib/libctru.a(fs.o)
                0x000000000010cc2c                FSUSER_CreateDirectory
 .text.FSUSER_RenameDirectory
                0x000000000010cce0       0xe8 /opt/devkitpro/libctru/lib/libctru.a(fs.o)
                0x000000000010cce0                FSUSER_RenameDirectory
 .text.FSUSER_OpenDirectory
                0x000000000010cdc8       0xa0 /opt/devkitpro/libctru/lib/libctru.a(fs.o)
                0x000000000010cdc8                FSUSER_OpenDirectory
 .text.FSUSER_OpenArchive
                0x000000000010ce68       0x98 /opt/devkitpro/libctru/lib/libctru.a(fs.o)
                0x000000000010ce68                FSUSER_OpenArchive
 .text.FSUSER_CloseArchive
                0x000000000010cf00       0x78 /opt/devkitpro/libctru/lib/libctru.a(fs.o)
                0x000000000010cf00                FSUSER_CloseArchive
 .text.FSUSER_GetSdmcArchiveResource
                0x000000000010cf78       0x78 /opt/devkitpro/libctru/lib/libctru.a(fs.o)
                0x000000000010cf78                FSUSER_GetSdmcArchiveResource
 .text.FSUSER_IsSdmcWritable
                0x000000000010cff0       0x64 /opt/devkitpro/libctru/lib/libctru.a(fs.o)
                0x000000000010cff0                FSUSER_IsSdmcWritable
 .text.FSFILE_Read
                0x000000000010d054       0x5c /opt/devkitpro/libctru/lib/libctru.a(fs.o)
                0x000000000010d054                FSFILE_Read
 .text.FSFILE_Write
                0x000000000010d0b0       0x64 /opt/devkitpro/libctru/lib/libctru.a(fs.o)
                0x000000000010d0b0                FSFILE_Write
 .text.FSFILE_GetSize
                0x000000000010d114       0x38 /opt/devkitpro/libctru/lib/libctru.a(fs.o)
                0x000000000010d114                FSFILE_GetSize
 .text.FSFILE_SetSize
                0x000000000010d14c       0x28 /opt/devkitpro/libctru/lib/libctru.a(fs.o)
                0x000000000010d14c                FSFILE_SetSize
 .text.FSFILE_Close
                0x000000000010d174       0x3c /opt/devkitpro/libctru/lib/libctru.a(fs.o)
                0x000000000010d174                FSFILE_Close
 .text.FSFILE_Flush
                0x000000000010d1b0       0x24 /opt/devkitpro/libctru/lib/libctru.a(fs.o)
                0x000000000010d1b0                FSFILE_Flush
 .text.FSDIR_Read
                0x000000000010d1d4       0x54 /opt/devkitpro/libctru/lib/libctru.a(fs.o)
                0x000000000010d1d4                FSDIR_Read
 .text.FSDIR_Close
                0x000000000010d228       0x3c /opt/devkitpro/libctru/lib/libctru.a(fs.o)
                0x000000000010d228                FSDIR_Close
 .text.utf16_to_utf8
                0x000000000010d264       0xe8 /opt/devkitpro/libctru/lib/libctru.a(utf16_to_utf8.o)
                0x000000000010d264                utf16_to_utf8
 .text.decode_utf16
                0x000000000010d34c       0x60 /opt/devkitpro/libctru/lib/libctru.a(decode_utf16.o)
                0x000000000010d34c                decode_utf16
 .text.decode_utf8
                0x000000000010d3ac      0x138 /opt/devkitpro/libctru/lib/libctru.a(decode_utf8.o)
                0x000000000010d3ac                decode_utf8
 .text.utf8_to_utf16
                0x000000000010d4e4       0xc0 /opt/devkitpro/libctru/lib/libctru.a(utf8_to_utf16.o)
                0x000000000010d4e4                utf8_to_utf16
 .text.__aeabi_read_tp
                0x000000000010d5a4        0xc /opt/devkitpro/libctru/lib/libctru.a(readtp.o)
                0x000000000010d5a4                __aeabi_read_tp
 .text.encode_utf16
                0x000000000010d5b0       0x68 /opt/devkitpro/libctru/lib/libctru.a(encode_utf16.o)
                0x000000000010d5b0                encode_utf16
 .text.encode_utf8
                0x000000000010d618      0x104 /opt/devkitpro/libctru/lib/libctru.a(encode_utf8.o)
                0x000000000010d618                encode_utf8
 .text.__fixdfdi
                0x000000000010d71c       0x38 /opt/devkitpro/devkitARM/lib/gcc/arm-none-eabi/9.1.0/armv6k/fpu/libgcc.a(_fixdfdi.o)
                0x000000000010d71c                __aeabi_d2lz
                0x000000000010d71c                __fixdfdi
 *fill*         0x000000000010d754        0x4 
 .text.__fixunsdfdi
                0x000000000010d758       0x40 /opt/devkitpro/devkitARM/lib/gcc/arm-none-eabi/9.1.0/armv6k/fpu/libgcc.a(_fixunsdfdi.o)
                0x000000000010d758                __aeabi_d2ulz
                0x000000000010d758                __fixunsdfdi
 .text.__udivmoddi4
                0x000000000010d798      0x130 /opt/devkitpro/devkitARM/lib/gcc/arm-none-eabi/9.1.0/armv6k/fpu/libgcc.a(_udivmoddi4.o)
                0x000000000010d798                __udivmoddi4
 .text.bsearch  0x000000000010d8c8       0x7c /opt/devkitpro/devkitARM/lib/gcc/arm-none-eabi/9.1.0/../../../../arm-none-eabi/lib/armv6k/fpu/libg.a(lib_a-bsearch.o)
                0x000000000010d8c8                bsearch
 .text.calloc   0x000000000010d944       0x28 /opt/devkitpro/devkitARM/lib/gcc/arm-none-eabi/9.1.0/../../../../arm-none-eabi/lib/armv6k/fpu/libg.a(lib_a-calloc.o)
                0x000000000010d944                calloc
 .text._calloc_r
                0x000000000010d96c       0x94 /opt/devkitpro/devkitARM/lib/gcc/arm-none-eabi/9.1.0/../../../../arm-none-eabi/lib/armv6k/fpu/libg.a(lib_a-callocr.o)
                0x000000000010d96c                _calloc_r
 .text.exit     0x000000000010da00       0x34 /opt/devkitpro/devkitARM/lib/gcc/arm-none-eabi/9.1.0/../../../../arm-none-eabi/lib/armv6k/fpu/libg.a(lib_a-exit.o)
                0x000000000010da00                exit
 .text.__libc_fini_array
                0x000000000010da34       0x3c /opt/devkitpro/devkitARM/lib/gcc/arm-none-eabi/9.1.0/../../../../arm-none-eabi/lib/armv6k/fpu/libg.a(lib_a-fini.o)
                0x000000000010da34                __libc_fini_array
 .text.__libc_init_array
                0x000000000010da70       0x7c /opt/devkitpro/devkitARM/lib/gcc/arm-none-eabi/9.1.0/../../../../arm-none-eabi/lib/armv6k/fpu/libg.a(lib_a-init.o)
                0x000000000010da70                __libc_init_array
 .text.memalign
                0x000000000010daec       0x28 /opt/devkitpro/devkitARM/lib/gcc/arm-none-eabi/9.1.0/../../../../arm-none-eabi/lib/armv6k/fpu/libg.a(lib_a-malign.o)
                0x000000000010daec                memalign
 .text._memalign_r
                0x000000000010db14      0x14c /opt/devkitpro/devkitARM/lib/gcc/arm-none-eabi/9.1.0/../../../../arm-none-eabi/lib/armv6k/fpu/libg.a(lib_a-malignr.o)
                0x000000000010db14                _memalign_r
 .text.malloc   0x000000000010dc60       0x20 /opt/devkitpro/devkitARM/lib/gcc/arm-none-eabi/9.1.0/../../../../arm-none-eabi/lib/armv6k/fpu/libg.a(lib_a-malloc.o)
                0x000000000010dc60                malloc
 .text.free     0x000000000010dc80       0x20 /opt/devkitpro/devkitARM/lib/gcc/arm-none-eabi/9.1.0/../../../../arm-none-eabi/lib/armv6k/fpu/libg.a(lib_a-malloc.o)
                0x000000000010dc80                free
 .text._malloc_r
                0x000000000010dca0      0x7d0 /opt/devkitpro/devkitARM/lib/gcc/arm-none-eabi/9.1.0/../../../../arm-none-eabi/lib/armv6k/fpu/libg.a(lib_a-mallocr.o)
                0x000000000010dca0                _malloc_r
 .text.memchr   0x000000000010e470       0xe0 /opt/devkitpro/devkitARM/lib/gcc/arm-none-eabi/9.1.0/../../../../arm-none-eabi/lib/armv6k/fpu/libg.a(lib_a-memchr-stub.o)
                0x000000000010e470                memchr
 .text.memcpy   0x000000000010e550      0x120 /opt/devkitpro/devkitARM/lib/gcc/arm-none-eabi/9.1.0/../../../../arm-none-eabi/lib/armv6k/fpu/libg.a(lib_a-memcpy-stub.o)
                0x000000000010e550                memcpy
 .text.memset   0x000000000010e670      0x118 /opt/devkitpro/devkitARM/lib/gcc/arm-none-eabi/9.1.0/../../../../arm-none-eabi/lib/armv6k/fpu/libg.a(lib_a-memset.o)
                0x000000000010e670                memset
 .text.__malloc_lock
                0x000000000010e788        0xc /opt/devkitpro/devkitARM/lib/gcc/arm-none-eabi/9.1.0/../../../../arm-none-eabi/lib/armv6k/fpu/libg.a(lib_a-mlock.o)
                0x000000000010e788                __malloc_lock
 .text.__malloc_unlock
                0x000000000010e794        0xc /opt/devkitpro/devkitARM/lib/gcc/arm-none-eabi/9.1.0/../../../../arm-none-eabi/lib/armv6k/fpu/libg.a(lib_a-mlock.o)
                0x000000000010e794                __malloc_unlock
 .text.setvbuf  0x000000000010e7a0      0x260 /opt/devkitpro/devkitARM/lib/gcc/arm-none-eabi/9.1.0/../../../../arm-none-eabi/lib/armv6k/fpu/libg.a(lib_a-setvbuf.o)
                0x000000000010e7a0                setvbuf
 .text.sscanf   0x000000000010ea00       0x74 /opt/devkitpro/devkitARM/lib/gcc/arm-none-eabi/9.1.0/../../../../arm-none-eabi/lib/armv6k/fpu/libg.a(lib_a-sscanf.o)
                0x000000000010ea00                sscanf
 .text.__sread  0x000000000010ea74       0x3c /opt/devkitpro/devkitARM/lib/gcc/arm-none-eabi/9.1.0/../../../../arm-none-eabi/lib/armv6k/fpu/libg.a(lib_a-stdio.o)
                0x000000000010ea74                __sread
 .text.__seofread
                0x000000000010eab0        0x8 /opt/devkitpro/devkitARM/lib/gcc/arm-none-eabi/9.1.0/../../../../arm-none-eabi/lib/armv6k/fpu/libg.a(lib_a-stdio.o)
                0x000000000010eab0                __seofread
 .text.__swrite
                0x000000000010eab8       0x68 /opt/devkitpro/devkitARM/lib/gcc/arm-none-eabi/9.1.0/../../../../arm-none-eabi/lib/armv6k/fpu/libg.a(lib_a-stdio.o)
                0x000000000010eab8                __swrite
 .text.__sseek  0x000000000010eb20       0x58 /opt/devkitpro/devkitARM/lib/gcc/arm-none-eabi/9.1.0/../../../../arm-none-eabi/lib/armv6k/fpu/libg.a(lib_a-stdio.o)
                0x000000000010eb20                __sseek
 .text.__sclose
                0x000000000010eb78        0x8 /opt/devkitpro/devkitARM/lib/gcc/arm-none-eabi/9.1.0/../../../../arm-none-eabi/lib/armv6k/fpu/libg.a(lib_a-stdio.o)
                0x000000000010eb78                __sclose
 .text.strlen   0x000000000010eb80       0x5c /opt/devkitpro/devkitARM/lib/gcc/arm-none-eabi/9.1.0/../../../../arm-none-eabi/lib/armv6k/fpu/libg.a(lib_a-strlen-stub.o)
                0x000000000010eb80                strlen
 .text.strncat  0x000000000010ebdc       0x98 /opt/devkitpro/devkitARM/lib/gcc/arm-none-eabi/9.1.0/../../../../arm-none-eabi/lib/armv6k/fpu/libg.a(lib_a-strncat.o)
                0x000000000010ebdc                strncat
 .text.strncpy  0x000000000010ec74       0xc0 /opt/devkitpro/devkitARM/lib/gcc/arm-none-eabi/9.1.0/../../../../arm-none-eabi/lib/armv6k/fpu/libg.a(lib_a-strncpy.o)
                0x000000000010ec74                strncpy
 .text.strnlen  0x000000000010ed34       0x48 /opt/devkitpro/devkitARM/lib/gcc/arm-none-eabi/9.1.0/../../../../arm-none-eabi/lib/armv6k/fpu/libg.a(lib_a-strnlen.o)
                0x000000000010ed34                strnlen
 .text.get_arg  0x000000000010ed7c       0x48 /opt/devkitpro/devkitARM/lib/gcc/arm-none-eabi/9.1.0/../../../../arm-none-eabi/lib/armv6k/fpu/libg.a(lib_a-svfscanf.o)
 .text.__ssvfscanf_r
                0x000000000010edc4     0x2b84 /opt/devkitpro/devkitARM/lib/gcc/arm-none-eabi/9.1.0/../../../../arm-none-eabi/lib/armv6k/fpu/libg.a(lib_a-svfscanf.o)
                0x000000000010edc4                __ssvfscanf_r
 .text._wcrtomb_r
                0x0000000000111948       0x54 /opt/devkitpro/devkitARM/lib/gcc/arm-none-eabi/9.1.0/../../../../arm-none-eabi/lib/armv6k/fpu/libg.a(lib_a-wcrtomb.o)
                0x0000000000111948                _wcrtomb_r
 .text._wcsrtombs_r
                0x000000000011199c       0x20 /opt/devkitpro/devkitARM/lib/gcc/arm-none-eabi/9.1.0/../../../../arm-none-eabi/lib/armv6k/fpu/libg.a(lib_a-wcsrtombs.o)
                0x000000000011199c                _wcsrtombs_r
 .text.__call_exitprocs
                0x00000000001119bc      0x118 /opt/devkitpro/devkitARM/lib/gcc/arm-none-eabi/9.1.0/../../../../arm-none-eabi/lib/armv6k/fpu/libg.a(lib_a-__call_atexit.o)
                0x00000000001119bc                __call_exitprocs
 .text.__sflush_r
                0x0000000000111ad4      0x278 /opt/devkitpro/devkitARM/lib/gcc/arm-none-eabi/9.1.0/../../../../arm-none-eabi/lib/armv6k/fpu/libg.a(lib_a-fflush.o)
                0x0000000000111ad4                __sflush_r
 .text._fflush_r
                0x0000000000111d4c       0x94 /opt/devkitpro/devkitARM/lib/gcc/arm-none-eabi/9.1.0/../../../../arm-none-eabi/lib/armv6k/fpu/libg.a(lib_a-fflush.o)
                0x0000000000111d4c                _fflush_r
 .text.std      0x0000000000111de0       0x78 /opt/devkitpro/devkitARM/lib/gcc/arm-none-eabi/9.1.0/../../../../arm-none-eabi/lib/armv6k/fpu/libg.a(lib_a-findfp.o)
 .text._cleanup_r
                0x0000000000111e58        0xc /opt/devkitpro/devkitARM/lib/gcc/arm-none-eabi/9.1.0/../../../../arm-none-eabi/lib/armv6k/fpu/libg.a(lib_a-findfp.o)
                0x0000000000111e58                _cleanup_r
 .text.__sinit  0x0000000000111e64       0x8c /opt/devkitpro/devkitARM/lib/gcc/arm-none-eabi/9.1.0/../../../../arm-none-eabi/lib/armv6k/fpu/libg.a(lib_a-findfp.o)
                0x0000000000111e64                __sinit
 .text.__sfp_lock_acquire
                0x0000000000111ef0        0xc /opt/devkitpro/devkitARM/lib/gcc/arm-none-eabi/9.1.0/../../../../arm-none-eabi/lib/armv6k/fpu/libg.a(lib_a-findfp.o)
                0x0000000000111ef0                __sfp_lock_acquire
 .text.__sfp_lock_release
                0x0000000000111efc        0xc /opt/devkitpro/devkitARM/lib/gcc/arm-none-eabi/9.1.0/../../../../arm-none-eabi/lib/armv6k/fpu/libg.a(lib_a-findfp.o)
                0x0000000000111efc                __sfp_lock_release
 .text._malloc_trim_r
                0x0000000000111f08       0xf8 /opt/devkitpro/devkitARM/lib/gcc/arm-none-eabi/9.1.0/../../../../arm-none-eabi/lib/armv6k/fpu/libg.a(lib_a-freer.o)
                0x0000000000111f08                _malloc_trim_r
 .text._free_r  0x0000000000112000      0x2e8 /opt/devkitpro/devkitARM/lib/gcc/arm-none-eabi/9.1.0/../../../../arm-none-eabi/lib/armv6k/fpu/libg.a(lib_a-freer.o)
                0x0000000000112000                _free_r
 .text._fwalk_reent
                0x00000000001122e8       0x70 /opt/devkitpro/devkitARM/lib/gcc/arm-none-eabi/9.1.0/../../../../arm-none-eabi/lib/armv6k/fpu/libg.a(lib_a-fwalk.o)
                0x00000000001122e8                _fwalk_reent
 .text.iswspace
                0x0000000000112358        0x8 /opt/devkitpro/devkitARM/lib/gcc/arm-none-eabi/9.1.0/../../../../arm-none-eabi/lib/armv6k/fpu/libg.a(lib_a-iswspace.o)
                0x0000000000112358                iswspace
 .text._localeconv_r
                0x0000000000112360        0xc /opt/devkitpro/devkitARM/lib/gcc/arm-none-eabi/9.1.0/../../../../arm-none-eabi/lib/armv6k/fpu/libg.a(lib_a-localeconv.o)
                0x0000000000112360                _localeconv_r
 .text.__locale_mb_cur_max
                0x000000000011236c       0x10 /opt/devkitpro/devkitARM/lib/gcc/arm-none-eabi/9.1.0/../../../../arm-none-eabi/lib/armv6k/fpu/libg.a(lib_a-locale.o)
                0x000000000011236c                __locale_mb_cur_max
 .text.__swhatbuf_r
                0x000000000011237c       0x94 /opt/devkitpro/devkitARM/lib/gcc/arm-none-eabi/9.1.0/../../../../arm-none-eabi/lib/armv6k/fpu/libg.a(lib_a-makebuf.o)
                0x000000000011237c                __swhatbuf_r
 .text._mbrtowc_r
                0x0000000000112410       0x60 /opt/devkitpro/devkitARM/lib/gcc/arm-none-eabi/9.1.0/../../../../arm-none-eabi/lib/armv6k/fpu/libg.a(lib_a-mbrtowc.o)
                0x0000000000112410                _mbrtowc_r
 .text.__utf8_mbtowc
                0x0000000000112470      0x2fc /opt/devkitpro/devkitARM/lib/gcc/arm-none-eabi/9.1.0/../../../../arm-none-eabi/lib/armv6k/fpu/libg.a(lib_a-mbtowc_r.o)
                0x0000000000112470                __utf8_mbtowc
 .text.memmove  0x000000000011276c      0x154 /opt/devkitpro/devkitARM/lib/gcc/arm-none-eabi/9.1.0/../../../../arm-none-eabi/lib/armv6k/fpu/libg.a(lib_a-memmove.o)
                0x000000000011276c                memmove
 .text.realloc  0x00000000001128c0       0x28 /opt/devkitpro/devkitARM/lib/gcc/arm-none-eabi/9.1.0/../../../../arm-none-eabi/lib/armv6k/fpu/libg.a(lib_a-realloc.o)
                0x00000000001128c0                realloc
 .text._realloc_r
                0x00000000001128e8      0x4bc /opt/devkitpro/devkitARM/lib/gcc/arm-none-eabi/9.1.0/../../../../arm-none-eabi/lib/armv6k/fpu/libg.a(lib_a-reallocr.o)
                0x00000000001128e8                _realloc_r
 .text.__sccl   0x0000000000112da4       0xe8 /opt/devkitpro/devkitARM/lib/gcc/arm-none-eabi/9.1.0/../../../../arm-none-eabi/lib/armv6k/fpu/libg.a(lib_a-sccl.o)
                0x0000000000112da4                __sccl
 .text.nanf     0x0000000000112e8c        0xc /opt/devkitpro/devkitARM/lib/gcc/arm-none-eabi/9.1.0/../../../../arm-none-eabi/lib/armv6k/fpu/libg.a(lib_a-sf_nan.o)
                0x0000000000112e8c                nanf
 .text.sprintf  0x0000000000112e98       0x64 /opt/devkitpro/devkitARM/lib/gcc/arm-none-eabi/9.1.0/../../../../arm-none-eabi/lib/armv6k/fpu/libg.a(lib_a-sprintf.o)
                0x0000000000112e98                sprintf
 .text.stpncpy  0x0000000000112efc       0xb8 /opt/devkitpro/devkitARM/lib/gcc/arm-none-eabi/9.1.0/../../../../arm-none-eabi/lib/armv6k/fpu/libg.a(lib_a-stpncpy.o)
                0x0000000000112efc                stpncpy
 .text.strchr   0x0000000000112fb4      0x144 /opt/devkitpro/devkitARM/lib/gcc/arm-none-eabi/9.1.0/../../../../arm-none-eabi/lib/armv6k/fpu/libg.a(lib_a-strchr.o)
                0x0000000000112fb4                strchr
 .text.strncmp  0x00000000001130f8       0xec /opt/devkitpro/devkitARM/lib/gcc/arm-none-eabi/9.1.0/../../../../arm-none-eabi/lib/armv6k/fpu/libg.a(lib_a-strncmp.o)
                0x00000000001130f8                strncmp
 .text.sulp     0x00000000001131e4       0x54 /opt/devkitpro/devkitARM/lib/gcc/arm-none-eabi/9.1.0/../../../../arm-none-eabi/lib/armv6k/fpu/libg.a(lib_a-strtod.o)
 .text._strtod_l
                0x0000000000113238     0x1414 /opt/devkitpro/devkitARM/lib/gcc/arm-none-eabi/9.1.0/../../../../arm-none-eabi/lib/armv6k/fpu/libg.a(lib_a-strtod.o)
                0x0000000000113238                _strtod_l
 .text._strtod_r
                0x000000000011464c        0xc /opt/devkitpro/devkitARM/lib/gcc/arm-none-eabi/9.1.0/../../../../arm-none-eabi/lib/armv6k/fpu/libg.a(lib_a-strtod.o)
                0x000000000011464c                _strtod_r
 .text._strtoll_l.isra.0
                0x0000000000114658      0x23c /opt/devkitpro/devkitARM/lib/gcc/arm-none-eabi/9.1.0/../../../../arm-none-eabi/lib/armv6k/fpu/libg.a(lib_a-strtoll.o)
 .text._strtoll_r
                0x0000000000114894        0x4 /opt/devkitpro/devkitARM/lib/gcc/arm-none-eabi/9.1.0/../../../../arm-none-eabi/lib/armv6k/fpu/libg.a(lib_a-strtoll.o)
                0x0000000000114894                _strtoll_r
 .text._strtol_l.isra.0
                0x0000000000114898      0x1b4 /opt/devkitpro/devkitARM/lib/gcc/arm-none-eabi/9.1.0/../../../../arm-none-eabi/lib/armv6k/fpu/libg.a(lib_a-strtol.o)
 .text._strtol_r
                0x0000000000114a4c        0x4 /opt/devkitpro/devkitARM/lib/gcc/arm-none-eabi/9.1.0/../../../../arm-none-eabi/lib/armv6k/fpu/libg.a(lib_a-strtol.o)
                0x0000000000114a4c                _strtol_r
 .text._strtoull_l.isra.0
                0x0000000000114a50      0x24c /opt/devkitpro/devkitARM/lib/gcc/arm-none-eabi/9.1.0/../../../../arm-none-eabi/lib/armv6k/fpu/libg.a(lib_a-strtoull.o)
 .text._strtoull_r
                0x0000000000114c9c        0x4 /opt/devkitpro/devkitARM/lib/gcc/arm-none-eabi/9.1.0/../../../../arm-none-eabi/lib/armv6k/fpu/libg.a(lib_a-strtoull.o)
                0x0000000000114c9c                _strtoull_r
 .text._strtoul_l.isra.0
                0x0000000000114ca0      0x1c8 /opt/devkitpro/devkitARM/lib/gcc/arm-none-eabi/9.1.0/../../../../arm-none-eabi/lib/armv6k/fpu/libg.a(lib_a-strtoul.o)
 .text._strtoul_r
                0x0000000000114e68        0x4 /opt/devkitpro/devkitARM/lib/gcc/arm-none-eabi/9.1.0/../../../../arm-none-eabi/lib/armv6k/fpu/libg.a(lib_a-strtoul.o)
                0x0000000000114e68                _strtoul_r
 .text.__ssprint_r
                0x0000000000114e6c      0x188 /opt/devkitpro/devkitARM/lib/gcc/arm-none-eabi/9.1.0/../../../../arm-none-eabi/lib/armv6k/fpu/libg.a(lib_a-svfiprintf.o)
                0x0000000000114e6c                __ssprint_r
 .text._sungetc_r
                0x0000000000114ff4       0xe0 /opt/devkitpro/devkitARM/lib/gcc/arm-none-eabi/9.1.0/../../../../arm-none-eabi/lib/armv6k/fpu/libg.a(lib_a-svfiscanf.o)
                0x0000000000114ff4                _sungetc_r
 .text.__ssrefill_r
                0x00000000001150d4       0x6c /opt/devkitpro/devkitARM/lib/gcc/arm-none-eabi/9.1.0/../../../../arm-none-eabi/lib/armv6k/fpu/libg.a(lib_a-svfiscanf.o)
                0x00000000001150d4                __ssrefill_r
 .text._sfread_r
                0x0000000000115140       0xc8 /opt/devkitpro/devkitARM/lib/gcc/arm-none-eabi/9.1.0/../../../../arm-none-eabi/lib/armv6k/fpu/libg.a(lib_a-svfiscanf.o)
                0x0000000000115140                _sfread_r
 .text.get_arg  0x0000000000115208      0x650 /opt/devkitpro/devkitARM/lib/gcc/arm-none-eabi/9.1.0/../../../../arm-none-eabi/lib/armv6k/fpu/libg.a(lib_a-svfprintf.o)
 .text._svfprintf_r
                0x0000000000115858     0x3814 /opt/devkitpro/devkitARM/lib/gcc/arm-none-eabi/9.1.0/../../../../arm-none-eabi/lib/armv6k/fpu/libg.a(lib_a-svfprintf.o)
                0x0000000000115858                _svfprintf_r
 .text.__submore
                0x000000000011906c       0xa8 /opt/devkitpro/devkitARM/lib/gcc/arm-none-eabi/9.1.0/../../../../arm-none-eabi/lib/armv6k/fpu/libg.a(lib_a-ungetc.o)
                0x000000000011906c                __submore
 .text._wcsnrtombs_l
                0x0000000000119114      0x190 /opt/devkitpro/devkitARM/lib/gcc/arm-none-eabi/9.1.0/../../../../arm-none-eabi/lib/armv6k/fpu/libg.a(lib_a-wcsnrtombs.o)
                0x0000000000119114                _wcsnrtombs_l
 .text._wcsnrtombs_r
                0x00000000001192a4       0x48 /opt/devkitpro/devkitARM/lib/gcc/arm-none-eabi/9.1.0/../../../../arm-none-eabi/lib/armv6k/fpu/libg.a(lib_a-wcsnrtombs.o)
                0x00000000001192a4                _wcsnrtombs_r
 .text.__utf8_wctomb
                0x00000000001192ec       0xf0 /opt/devkitpro/devkitARM/lib/gcc/arm-none-eabi/9.1.0/../../../../arm-none-eabi/lib/armv6k/fpu/libg.a(lib_a-wctomb_r.o)
                0x00000000001192ec                __utf8_wctomb
 .text.quorem   0x00000000001193dc      0x1a8 /opt/devkitpro/devkitARM/lib/gcc/arm-none-eabi/9.1.0/../../../../arm-none-eabi/lib/armv6k/fpu/libg.a(lib_a-dtoa.o)
 *fill*         0x0000000000119584        0x4 
 .text._dtoa_r  0x0000000000119588     0x12ac /opt/devkitpro/devkitARM/lib/gcc/arm-none-eabi/9.1.0/../../../../arm-none-eabi/lib/armv6k/fpu/libg.a(lib_a-dtoa.o)
                0x0000000000119588                _dtoa_r
 .text._fclose_r
                0x000000000011a834      0x160 /opt/devkitpro/devkitARM/lib/gcc/arm-none-eabi/9.1.0/../../../../arm-none-eabi/lib/armv6k/fpu/libg.a(lib_a-fclose.o)
                0x000000000011a834                _fclose_r
 .text.rshift   0x000000000011a994       0xec /opt/devkitpro/devkitARM/lib/gcc/arm-none-eabi/9.1.0/../../../../arm-none-eabi/lib/armv6k/fpu/libg.a(lib_a-gdtoa-gethex.o)
 .text.__gethex
                0x000000000011aa80      0x828 /opt/devkitpro/devkitARM/lib/gcc/arm-none-eabi/9.1.0/../../../../arm-none-eabi/lib/armv6k/fpu/libg.a(lib_a-gdtoa-gethex.o)
                0x000000000011aa80                __gethex
 .text.__match  0x000000000011b2a8       0x60 /opt/devkitpro/devkitARM/lib/gcc/arm-none-eabi/9.1.0/../../../../arm-none-eabi/lib/armv6k/fpu/libg.a(lib_a-gdtoa-hexnan.o)
                0x000000000011b2a8                __match
 .text.__hexnan
                0x000000000011b308      0x28c /opt/devkitpro/devkitARM/lib/gcc/arm-none-eabi/9.1.0/../../../../arm-none-eabi/lib/armv6k/fpu/libg.a(lib_a-gdtoa-hexnan.o)
                0x000000000011b308                __hexnan
 .text.iswspace_l
                0x000000000011b594       0x3c /opt/devkitpro/devkitARM/lib/gcc/arm-none-eabi/9.1.0/../../../../arm-none-eabi/lib/armv6k/fpu/libg.a(lib_a-iswspace_l.o)
                0x000000000011b594                iswspace_l
 .text.__jp2uc  0x000000000011b5d0      0x1e0 /opt/devkitpro/devkitARM/lib/gcc/arm-none-eabi/9.1.0/../../../../arm-none-eabi/lib/armv6k/fpu/libg.a(lib_a-jp2uc.o)
 .text._jp2uc_l
                0x000000000011b7b0       0x94 /opt/devkitpro/devkitARM/lib/gcc/arm-none-eabi/9.1.0/../../../../arm-none-eabi/lib/armv6k/fpu/libg.a(lib_a-jp2uc.o)
                0x000000000011b7b0                _jp2uc_l
 .text._Balloc  0x000000000011b844       0x88 /opt/devkitpro/devkitARM/lib/gcc/arm-none-eabi/9.1.0/../../../../arm-none-eabi/lib/armv6k/fpu/libg.a(lib_a-mprec.o)
                0x000000000011b844                _Balloc
 .text._Bfree   0x000000000011b8cc       0x1c /opt/devkitpro/devkitARM/lib/gcc/arm-none-eabi/9.1.0/../../../../arm-none-eabi/lib/armv6k/fpu/libg.a(lib_a-mprec.o)
                0x000000000011b8cc                _Bfree
 .text.__multadd
                0x000000000011b8e8       0xd0 /opt/devkitpro/devkitARM/lib/gcc/arm-none-eabi/9.1.0/../../../../arm-none-eabi/lib/armv6k/fpu/libg.a(lib_a-mprec.o)
                0x000000000011b8e8                __multadd
 .text.__s2b    0x000000000011b9b8       0xec /opt/devkitpro/devkitARM/lib/gcc/arm-none-eabi/9.1.0/../../../../arm-none-eabi/lib/armv6k/fpu/libg.a(lib_a-mprec.o)
                0x000000000011b9b8                __s2b
 .text.__hi0bits
                0x000000000011baa4       0x58 /opt/devkitpro/devkitARM/lib/gcc/arm-none-eabi/9.1.0/../../../../arm-none-eabi/lib/armv6k/fpu/libg.a(lib_a-mprec.o)
                0x000000000011baa4                __hi0bits
 .text.__lo0bits
                0x000000000011bafc       0x9c /opt/devkitpro/devkitARM/lib/gcc/arm-none-eabi/9.1.0/../../../../arm-none-eabi/lib/armv6k/fpu/libg.a(lib_a-mprec.o)
                0x000000000011bafc                __lo0bits
 .text.__i2b    0x000000000011bb98       0x20 /opt/devkitpro/devkitARM/lib/gcc/arm-none-eabi/9.1.0/../../../../arm-none-eabi/lib/armv6k/fpu/libg.a(lib_a-mprec.o)
                0x000000000011bb98                __i2b
 .text.__multiply
                0x000000000011bbb8      0x1e0 /opt/devkitpro/devkitARM/lib/gcc/arm-none-eabi/9.1.0/../../../../arm-none-eabi/lib/armv6k/fpu/libg.a(lib_a-mprec.o)
                0x000000000011bbb8                __multiply
 .text.__pow5mult
                0x000000000011bd98      0x100 /opt/devkitpro/devkitARM/lib/gcc/arm-none-eabi/9.1.0/../../../../arm-none-eabi/lib/armv6k/fpu/libg.a(lib_a-mprec.o)
                0x000000000011bd98                __pow5mult
 .text.__lshift
                0x000000000011be98      0x114 /opt/devkitpro/devkitARM/lib/gcc/arm-none-eabi/9.1.0/../../../../arm-none-eabi/lib/armv6k/fpu/libg.a(lib_a-mprec.o)
                0x000000000011be98                __lshift
 .text.__mcmp   0x000000000011bfac       0x58 /opt/devkitpro/devkitARM/lib/gcc/arm-none-eabi/9.1.0/../../../../arm-none-eabi/lib/armv6k/fpu/libg.a(lib_a-mprec.o)
                0x000000000011bfac                __mcmp
 .text.__mdiff  0x000000000011c004      0x190 /opt/devkitpro/devkitARM/lib/gcc/arm-none-eabi/9.1.0/../../../../arm-none-eabi/lib/armv6k/fpu/libg.a(lib_a-mprec.o)
                0x000000000011c004                __mdiff
 .text.__ulp    0x000000000011c194       0x88 /opt/devkitpro/devkitARM/lib/gcc/arm-none-eabi/9.1.0/../../../../arm-none-eabi/lib/armv6k/fpu/libg.a(lib_a-mprec.o)
                0x000000000011c194                __ulp
 .text.__b2d    0x000000000011c21c       0xd4 /opt/devkitpro/devkitARM/lib/gcc/arm-none-eabi/9.1.0/../../../../arm-none-eabi/lib/armv6k/fpu/libg.a(lib_a-mprec.o)
                0x000000000011c21c                __b2d
 .text.__d2b    0x000000000011c2f0      0x104 /opt/devkitpro/devkitARM/lib/gcc/arm-none-eabi/9.1.0/../../../../arm-none-eabi/lib/armv6k/fpu/libg.a(lib_a-mprec.o)
                0x000000000011c2f0                __d2b
 .text.__ratio  0x000000000011c3f4       0x84 /opt/devkitpro/devkitARM/lib/gcc/arm-none-eabi/9.1.0/../../../../arm-none-eabi/lib/armv6k/fpu/libg.a(lib_a-mprec.o)
                0x000000000011c3f4                __ratio
 .text.__copybits
                0x000000000011c478       0x6c /opt/devkitpro/devkitARM/lib/gcc/arm-none-eabi/9.1.0/../../../../arm-none-eabi/lib/armv6k/fpu/libg.a(lib_a-mprec.o)
                0x000000000011c478                __copybits
 .text.__any_on
                0x000000000011c4e4       0x5c /opt/devkitpro/devkitARM/lib/gcc/arm-none-eabi/9.1.0/../../../../arm-none-eabi/lib/armv6k/fpu/libg.a(lib_a-mprec.o)
                0x000000000011c4e4                __any_on
 .text.frexp    0x000000000011c540       0xa8 /opt/devkitpro/devkitARM/lib/gcc/arm-none-eabi/9.1.0/../../../../arm-none-eabi/lib/armv6k/fpu/libg.a(lib_a-s_frexp.o)
                0x000000000011c540                frexp
 .text.nan      0x000000000011c5e8       0x10 /opt/devkitpro/devkitARM/lib/gcc/arm-none-eabi/9.1.0/../../../../arm-none-eabi/lib/armv6k/fpu/libg.a(lib_a-s_nan.o)
                0x000000000011c5e8                nan
 .text.category
                0x000000000011c5f8       0x88 /opt/devkitpro/devkitARM/lib/gcc/arm-none-eabi/9.1.0/../../../../arm-none-eabi/lib/armv6k/fpu/libg.a(lib_a-categories.o)
                0x000000000011c5f8                category
 .text.null_write
                0x000000000011c680        0x8 /opt/devkitpro/devkitARM/lib/gcc/arm-none-eabi/9.1.0/../../../../arm-none-eabi/lib/armv6k/fpu/libsysbase.a(iosupport.o)
 .text.setDefaultDevice
                0x000000000011c688       0x18 /opt/devkitpro/devkitARM/lib/gcc/arm-none-eabi/9.1.0/../../../../arm-none-eabi/lib/armv6k/fpu/libsysbase.a(iosupport.o)
                0x000000000011c688                setDefaultDevice
 .text.FindDevice
                0x000000000011c6a0       0xc8 /opt/devkitpro/devkitARM/lib/gcc/arm-none-eabi/9.1.0/../../../../arm-none-eabi/lib/armv6k/fpu/libsysbase.a(iosupport.o)
                0x000000000011c6a0                FindDevice
 .text.RemoveDevice
                0x000000000011c768       0x28 /opt/devkitpro/devkitARM/lib/gcc/arm-none-eabi/9.1.0/../../../../arm-none-eabi/lib/armv6k/fpu/libsysbase.a(iosupport.o)
                0x000000000011c768                RemoveDevice
 .text.AddDevice
                0x000000000011c790       0x9c /opt/devkitpro/devkitARM/lib/gcc/arm-none-eabi/9.1.0/../../../../arm-none-eabi/lib/armv6k/fpu/libsysbase.a(iosupport.o)
                0x000000000011c790                AddDevice
 .text._fstat_r
                0x000000000011c82c       0x78 /opt/devkitpro/devkitARM/lib/gcc/arm-none-eabi/9.1.0/../../../../arm-none-eabi/lib/armv6k/fpu/libsysbase.a(fstat.o)
                0x000000000011c82c                _fstat_r
 .text._lseek_r
                0x000000000011c8a4       0x84 /opt/devkitpro/devkitARM/lib/gcc/arm-none-eabi/9.1.0/../../../../arm-none-eabi/lib/armv6k/fpu/libsysbase.a(lseek.o)
                0x000000000011c8a4                _lseek_r
 .text._read_r  0x000000000011c928       0x80 /opt/devkitpro/devkitARM/lib/gcc/arm-none-eabi/9.1.0/../../../../arm-none-eabi/lib/armv6k/fpu/libsysbase.a(read.o)
                0x000000000011c928                _read_r
 .text._sbrk_r  0x000000000011c9a8       0x78 /opt/devkitpro/devkitARM/lib/gcc/arm-none-eabi/9.1.0/../../../../arm-none-eabi/lib/armv6k/fpu/libsysbase.a(sbrk.o)
                0x000000000011c9a8                _sbrk_r
 .text._write_r
                0x000000000011ca20       0x80 /opt/devkitpro/devkitARM/lib/gcc/arm-none-eabi/9.1.0/../../../../arm-none-eabi/lib/armv6k/fpu/libsysbase.a(write.o)
                0x000000000011ca20                _write_r
 .text._exit    0x000000000011caa0       0x24 /opt/devkitpro/devkitARM/lib/gcc/arm-none-eabi/9.1.0/../../../../arm-none-eabi/lib/armv6k/fpu/libsysbase.a(_exit.o)
                0x000000000011caa0                _exit
 .text._concatenate_path
                0x000000000011cac4      0x1bc /opt/devkitpro/devkitARM/lib/gcc/arm-none-eabi/9.1.0/../../../../arm-none-eabi/lib/armv6k/fpu/libsysbase.a(chdir.o)
                0x000000000011cac4                _concatenate_path
 .text.chdir    0x000000000011cc80      0x15c /opt/devkitpro/devkitARM/lib/gcc/arm-none-eabi/9.1.0/../../../../arm-none-eabi/lib/armv6k/fpu/libsysbase.a(chdir.o)
                0x000000000011cc80                chdir
 .text.__flockfile
                0x000000000011cddc        0x8 /opt/devkitpro/devkitARM/lib/gcc/arm-none-eabi/9.1.0/../../../../arm-none-eabi/lib/armv6k/fpu/libsysbase.a(flock.o)
                0x000000000011cddc                __flockfile
 .text.__funlockfile
                0x000000000011cde4        0x8 /opt/devkitpro/devkitARM/lib/gcc/arm-none-eabi/9.1.0/../../../../arm-none-eabi/lib/armv6k/fpu/libsysbase.a(flock.o)
                0x000000000011cde4                __funlockfile
 .text.__libc_lock_acquire
                0x000000000011cdec       0x18 /opt/devkitpro/devkitARM/lib/gcc/arm-none-eabi/9.1.0/../../../../arm-none-eabi/lib/armv6k/fpu/libsysbase.a(syscall_support.o)
                0x000000000011cdec                __libc_lock_acquire
 .text.__libc_lock_release
                0x000000000011ce04       0x18 /opt/devkitpro/devkitARM/lib/gcc/arm-none-eabi/9.1.0/../../../../arm-none-eabi/lib/armv6k/fpu/libsysbase.a(syscall_support.o)
                0x000000000011ce04                __libc_lock_release
 .text.__libc_lock_init_recursive
                0x000000000011ce1c       0x18 /opt/devkitpro/devkitARM/lib/gcc/arm-none-eabi/9.1.0/../../../../arm-none-eabi/lib/armv6k/fpu/libsysbase.a(syscall_support.o)
                0x000000000011ce1c                __libc_lock_init_recursive
 .text.__libc_lock_acquire_recursive
                0x000000000011ce34       0x18 /opt/devkitpro/devkitARM/lib/gcc/arm-none-eabi/9.1.0/../../../../arm-none-eabi/lib/armv6k/fpu/libsysbase.a(syscall_support.o)
                0x000000000011ce34                __libc_lock_acquire_recursive
 .text.__libc_lock_release_recursive
                0x000000000011ce4c       0x18 /opt/devkitpro/devkitARM/lib/gcc/arm-none-eabi/9.1.0/../../../../arm-none-eabi/lib/armv6k/fpu/libsysbase.a(syscall_support.o)
                0x000000000011ce4c                __libc_lock_release_recursive
 .text.__libc_lock_close_recursive
                0x000000000011ce64       0x18 /opt/devkitpro/devkitARM/lib/gcc/arm-none-eabi/9.1.0/../../../../arm-none-eabi/lib/armv6k/fpu/libsysbase.a(syscall_support.o)
                0x000000000011ce64                __libc_lock_close_recursive
 .text.__get_handle
                0x000000000011ce7c       0x3c /opt/devkitpro/devkitARM/lib/gcc/arm-none-eabi/9.1.0/../../../../arm-none-eabi/lib/armv6k/fpu/libsysbase.a(handle_manager.o)
                0x000000000011ce7c                __get_handle
 .text._close_r
                0x000000000011ceb8       0xf8 /opt/devkitpro/devkitARM/lib/gcc/arm-none-eabi/9.1.0/../../../../arm-none-eabi/lib/armv6k/fpu/libsysbase.a(handle_manager.o)
                0x000000000011ceb8                _close_r
 .text.__getreent
                0x000000000011cfb0       0x28 /opt/devkitpro/devkitARM/lib/gcc/arm-none-eabi/9.1.0/../../../../arm-none-eabi/lib/armv6k/fpu/libsysbase.a(getreent.o)
                0x000000000011cfb0                __getreent
 .text.strrchr  0x000000000011cfd8       0x44 /opt/devkitpro/devkitARM/lib/gcc/arm-none-eabi/9.1.0/../../../../arm-none-eabi/lib/armv6k/fpu/libg.a(lib_a-strrchr.o)
                0x000000000011cfd8                strrchr
 *(.glue_7)
 .glue_7        0x000000000011d01c        0x0 linker stubs
 *(.glue_7t)
 .glue_7t       0x000000000011d01c        0x0 linker stubs
 *(.stub)
 *(.gnu.warning)
 *(.gnu.linkonce.t*)
                0x000000000011d01c                . = ALIGN (0x4)
 *(.fini)
 .fini          0x000000000011d01c        0xc /opt/devkitpro/devkitARM/lib/gcc/arm-none-eabi/9.1.0/armv6k/fpu/crti.o
                0x000000000011d01c                _fini
 .fini          0x000000000011d028        0xc /opt/devkitpro/devkitARM/lib/gcc/arm-none-eabi/9.1.0/armv6k/fpu/crtn.o
                0x000000000011d034                . = ALIGN (0x4)

.vfp11_veneer   0x000000000011d034        0x0
 .vfp11_veneer  0x000000000011d034        0x0 linker stubs

.v4_bx          0x000000000011d034        0x0
 .v4_bx         0x000000000011d034        0x0 linker stubs

.iplt           0x000000000011d034        0x0
 .iplt          0x000000000011d034        0x0 /opt/devkitpro/devkitARM/lib/gcc/arm-none-eabi/9.1.0/../../../../arm-none-eabi/lib/armv6k/fpu/3dsx_crt0.o
                0x000000000011e000                . = ALIGN (0x1000)

.rodata         0x000000000011e000     0x77b0
 *(.rodata)
 .rodata        0x000000000011e000      0x190 /opt/devkitpro/libctru/lib/libcitro2d.a(render2d.shbin.o)
                0x000000000011e000                render2d_shbin
                0x000000000011e18c                render2d_shbin_size
                0x000000000011e18c                render2d_shbin_end
 .rodata        0x000000000011e190      0x804 /opt/devkitpro/libctru/lib/libctru.a(default_font.bin.o)
                0x000000000011e190                default_font_bin
                0x000000000011e990                default_font_bin_end
                0x000000000011e990                default_font_bin_size
 .rodata        0x000000000011e994        0xc /opt/devkitpro/libctru/lib/libctru.a(sdmc_dev.o)
 *(.roda)
 *(.rodata.*)
 .rodata.C2D_Init.str1.4
                0x000000000011e9a0       0x10 /opt/devkitpro/libctru/lib/libcitro2d.a(base.o)