Archive member included to satisfy reference by file (symbol)

/opt/devkitpro/libctru/lib/libcitro2d.a(base.o)
                              main.o (C2D_Init)
/opt/devkitpro/libctru/lib/libcitro2d.a(render2d.shbin.o)
                              /opt/devkitpro/libctru/lib/libcitro2d.a(base.o) (render2d_shbin_size)
/opt/devkitpro/libctru/lib/libcitro3d.a(base.o)
                              main.o (C3D_Init)
/opt/devkitpro/libctru/lib/libcitro3d.a(renderqueue.o)
                              main.o (C3D_FrameBegin)
/opt/devkitpro/libctru/lib/libcitro3d.a(texture.o)
                              /opt/devkitpro/libctru/lib/libcitro2d.a(base.o) (C3D_TexBind)
/opt/devkitpro/libctru/lib/libcitro3d.a(framebuffer.o)
                              /opt/devkitpro/libctru/lib/libcitro3d.a(renderqueue.o) (C3D_CalcColorBufSize)
/opt/devkitpro/libctru/lib/libcitro3d.a(texenv.o)
                              /opt/devkitpro/libctru/lib/libcitro2d.a(base.o) (C3D_GetTexEnv)
/opt/devkitpro/libctru/lib/libcitro3d.a(proctex.o)
                              /opt/devkitpro/libctru/lib/libcitro2d.a(base.o) (C3D_ProcTexInit)
/opt/devkitpro/libctru/lib/libcitro3d.a(buffers.o)
                              /opt/devkitpro/libctru/lib/libcitro2d.a(base.o) (BufInfo_Init)
/opt/devkitpro/libctru/lib/libcitro3d.a(drawArrays.o)
                              /opt/devkitpro/libctru/lib/libcitro2d.a(base.o) (C3D_DrawArrays)
/opt/devkitpro/libctru/lib/libcitro3d.a(effect.o)
                              /opt/devkitpro/libctru/lib/libcitro3d.a(base.o) (C3D_DepthMap)
/opt/devkitpro/libctru/lib/libcitro3d.a(attribs.o)
                              /opt/devkitpro/libctru/lib/libcitro2d.a(base.o) (AttrInfo_Init)
/opt/devkitpro/libctru/lib/libcitro3d.a(immediate.o)
                              /opt/devkitpro/libctru/lib/libcitro3d.a(base.o) (C3D_ImmSendAttrib)
/opt/devkitpro/libctru/lib/libcitro3d.a(uniforms.o)
                              /opt/devkitpro/libctru/lib/libcitro3d.a(base.o) (C3D_UpdateUniforms)
/opt/devkitpro/libctru/lib/libcitro3d.a(mtx_ortho.o)
                              /opt/devkitpro/libctru/lib/libcitro2d.a(base.o) (Mtx_Ortho)
/opt/devkitpro/libctru/lib/libcitro3d.a(mtx_orthotilt.o)
                              /opt/devkitpro/libctru/lib/libcitro2d.a(base.o) (Mtx_OrthoTilt)
/opt/devkitpro/libctru/lib/libctru.a(vram.o)
                              /opt/devkitpro/libctru/lib/libcitro3d.a(renderqueue.o) (vramAlloc)
/opt/devkitpro/libctru/lib/libctru.a(linear.o)
                              /opt/devkitpro/libctru/lib/libcitro2d.a(base.o) (linearAlloc)
/opt/devkitpro/libctru/lib/libctru.a(mem_pool.o)
                              /opt/devkitpro/libctru/lib/libctru.a(vram.o) (MemPool::Allocate(MemChunk&, unsigned long, int))
/opt/devkitpro/libctru/lib/libctru.a(os.o)
                              /opt/devkitpro/libctru/lib/libcitro3d.a(texture.o) (osConvertVirtToPhys)
/opt/devkitpro/libctru/lib/libctru.a(gfx.o)
                              /opt/devkitpro/libctru/lib/libcitro3d.a(renderqueue.o) (gfxIs3D)
/opt/devkitpro/libctru/lib/libctru.a(shaderProgram.o)
                              /opt/devkitpro/libctru/lib/libcitro2d.a(base.o) (shaderInstanceGetUniformLocation)
/opt/devkitpro/libctru/lib/libctru.a(shbin.o)
                              /opt/devkitpro/libctru/lib/libcitro2d.a(base.o) (DVLB_ParseFile)
/opt/devkitpro/libctru/lib/libctru.a(gx.o)
                              /opt/devkitpro/libctru/lib/libctru.a(gfx.o) (gxCmdBuf)
/opt/devkitpro/libctru/lib/libctru.a(gxqueue.o)
                              /opt/devkitpro/libctru/lib/libcitro3d.a(renderqueue.o) (gxCmdQueueClear)
/opt/devkitpro/libctru/lib/libctru.a(gpu.o)
                              /opt/devkitpro/libctru/lib/libcitro3d.a(base.o) (gpuCmdBufOffset)
/opt/devkitpro/libctru/lib/libctru.a(gspgpu.o)
                              /opt/devkitpro/libctru/lib/libctru.a(gfx.o) (gspInit)
/opt/devkitpro/libctru/lib/libctru.a(apt.o)
                              /opt/devkitpro/libctru/lib/libcitro3d.a(base.o) (aptHook)
/opt/devkitpro/libctru/lib/libctru.a(hid.o)
                              main.o (hidScanInput)
/opt/devkitpro/libctru/lib/libctru.a(ptmsysm.o)
                              /opt/devkitpro/libctru/lib/libctru.a(os.o) (ptmSysmInit)
/opt/devkitpro/libctru/lib/libctru.a(rbtree_init.o)
                              /opt/devkitpro/libctru/lib/libctru.a(vram.o) (rbtree_init)
/opt/devkitpro/libctru/lib/libctru.a(rbtree_insert.o)
                              /opt/devkitpro/libctru/lib/libctru.a(vram.o) (rbtree_insert)
/opt/devkitpro/libctru/lib/libctru.a(rbtree_rotate.o)
                              /opt/devkitpro/libctru/lib/libctru.a(rbtree_insert.o) (rbtree_rotate)
/opt/devkitpro/libctru/lib/libctru.a(rbtree_remove.o)
                              /opt/devkitpro/libctru/lib/libctru.a(vram.o) (rbtree_remove)
/opt/devkitpro/libctru/lib/libctru.a(rbtree_find.o)
                              /opt/devkitpro/libctru/lib/libctru.a(vram.o) (rbtree_find)
[...]
Memory Configuration

Name             Origin             Length             Attributes
*default*        0x0000000000000000 0xffffffffffffffff

Linker script and memory map

                0x0000000000100000                PROVIDE (__start__ = 0x100000)
                0x0000000000100000                . = __start__

.text           0x0000000000100000     0xe230
 *(.crt0)
 .crt0          0x0000000000100000       0x94 /opt/devkitpro/devkitARM/lib/gcc/arm-none-eabi/9.1.0/../../../../arm-none-eabi/lib/armv6k/fpu/3dsx_crt0.o
                0x0000000000100000                _start
                0x0000000000100008                __service_ptr
                0x000000000010000c                __apt_appid
                0x0000000000100010                __heap_size
                0x0000000000100014                __linear_heap_size
                0x0000000000100018                __system_arglist
                0x000000000010001c                __system_runflags
 *(.init)
 .init          0x0000000000100094        0xc /opt/devkitpro/devkitARM/lib/gcc/arm-none-eabi/9.1.0/armv6k/fpu/crti.o
                0x0000000000100094                _init
 .init          0x00000000001000a0        0xc /opt/devkitpro/devkitARM/lib/gcc/arm-none-eabi/9.1.0/armv6k/fpu/crtn.o
                0x00000000001000ac                . = ALIGN (0x4)
 *(.text)
 .text          0x00000000001000ac       0x64 /opt/devkitpro/libctru/lib/libctru.a(stack_adjust.o)
                0x00000000001000ac                initSystem
                0x00000000001000f0                __ctru_exit
 .text          0x0000000000100110      0x20c /opt/devkitpro/devkitARM/lib/gcc/arm-none-eabi/9.1.0/armv6k/fpu/libgcc.a(_udivsi3.o)
                0x0000000000100110                __udivsi3
                0x0000000000100110                __aeabi_uidiv
                0x00000000001002fc                __aeabi_uidivmod
 .text          0x000000000010031c      0x240 /opt/devkitpro/devkitARM/lib/gcc/arm-none-eabi/9.1.0/armv6k/fpu/libgcc.a(_divsi3.o)
                0x000000000010031c                __aeabi_idiv
                0x000000000010031c                __divsi3
                0x000000000010053c                __aeabi_idivmod
 .text          0x000000000010055c        0x4 /opt/devkitpro/devkitARM/lib/gcc/arm-none-eabi/9.1.0/armv6k/fpu/libgcc.a(_dvmd_tls.o)
                0x000000000010055c                __aeabi_ldiv0
                0x000000000010055c                __aeabi_idiv0
 .text          0x0000000000100560      0x390 /opt/devkitpro/devkitARM/lib/gcc/arm-none-eabi/9.1.0/../../../../arm-none-eabi/lib/armv6k/fpu/libg.a(lib_a-strcmp.o)
                0x0000000000100568                strcmp
 *(.text.*)
 .text.deregister_tm_clones
                0x00000000001008f0       0x2c /opt/devkitpro/devkitARM/lib/gcc/arm-none-eabi/9.1.0/armv6k/fpu/crtbegin.o
 .text.register_tm_clones
                0x000000000010091c       0x38 /opt/devkitpro/devkitARM/lib/gcc/arm-none-eabi/9.1.0/armv6k/fpu/crtbegin.o
 .text.__do_global_dtors_aux
                0x0000000000100954       0x44 /opt/devkitpro/devkitARM/lib/gcc/arm-none-eabi/9.1.0/armv6k/fpu/crtbegin.o
 .text.frame_dummy
                0x0000000000100998       0x34 /opt/devkitpro/devkitARM/lib/gcc/arm-none-eabi/9.1.0/armv6k/fpu/crtbegin.o
 .text.changeGameSize
                0x00000000001009cc       0x80 main.o
                0x00000000001009cc                changeGameSize
 .text.drawGrid
                0x0000000000100a4c      0x190 main.o
                0x0000000000100a4c                drawGrid
 .text.startup.main
                0x0000000000100bdc      0x130 main.o
                0x0000000000100bdc                main
 .text.C2D_Init
                0x0000000000100d0c      0x330 /opt/devkitpro/libctru/lib/libcitro2d.a(base.o)
                0x0000000000100d0c                C2D_Init
 .text.C2D_Prepare
                0x000000000010103c       0xc8 /opt/devkitpro/libctru/lib/libcitro2d.a(base.o)
                0x000000000010103c                C2D_Prepare
 .text.C2D_SceneSize
                0x0000000000101104      0x10c /opt/devkitpro/libctru/lib/libcitro2d.a(base.o)
                0x0000000000101104                C2D_SceneSize
 .text.C2D_CreateScreenTarget
                0x0000000000101210       0x44 /opt/devkitpro/libctru/lib/libcitro2d.a(base.o)
                0x0000000000101210                C2D_CreateScreenTarget
 .text.C2Di_FlushVtxBuf
                0x0000000000101254       0x30 /opt/devkitpro/libctru/lib/libcitro2d.a(base.o)
                0x0000000000101254                C2Di_FlushVtxBuf
 .text.C2Di_FrameEndHook
                0x0000000000101284       0x20 /opt/devkitpro/libctru/lib/libcitro2d.a(base.o)
 .text.C2D_Flush
                0x00000000001012a4       0x18 /opt/devkitpro/libctru/lib/libcitro2d.a(base.o)
                0x00000000001012a4                C2D_Flush
 .text.C2D_TargetClear
                0x00000000001012bc       0x30 /opt/devkitpro/libctru/lib/libcitro2d.a(base.o)
                0x00000000001012bc                C2D_TargetClear
 .text.C2Di_Update
                0x00000000001012ec      0x210 /opt/devkitpro/libctru/lib/libcitro2d.a(base.o)
                0x00000000001012ec                C2Di_Update
 .text.C2D_DrawRectangle
                0x00000000001014fc      0x19c /opt/devkitpro/libctru/lib/libcitro2d.a(base.o)
                0x00000000001014fc                C2D_DrawRectangle
 .text.C3Di_SplitFrame.part.1
                0x0000000000101698       0xc4 /opt/devkitpro/libctru/lib/libcitro3d.a(base.o)
 .text.C3Di_LightEnvUpdate
                0x000000000010175c        0x4 /opt/devkitpro/libctru/lib/libcitro3d.a(base.o)
                0x000000000010175c                C3Di_LightEnvUpdate
 .text.C3Di_LightEnvDirty
                0x0000000000101760        0x4 /opt/devkitpro/libctru/lib/libcitro3d.a(base.o)
                0x0000000000101760                C3Di_LightEnvDirty
 .text.C3Di_AptEventHook
                0x0000000000101764       0xac /opt/devkitpro/libctru/lib/libcitro3d.a(base.o)
 .text.C3Di_GasUpdate
                0x0000000000101810        0x4 /opt/devkitpro/libctru/lib/libcitro3d.a(base.o)
                0x0000000000101810                C3Di_GasUpdate
 .text.C3D_Init
                0x0000000000101814      0x21c /opt/devkitpro/libctru/lib/libcitro3d.a(base.o)
                0x0000000000101814                C3D_Init
 .text.C3D_SetViewport
                0x0000000000101a30       0x98 /opt/devkitpro/libctru/lib/libcitro3d.a(base.o)
                0x0000000000101a30                C3D_SetViewport
 .text.C3Di_UpdateContext
                0x0000000000101ac8      0x50c /opt/devkitpro/libctru/lib/libcitro3d.a(base.o)
                0x0000000000101ac8                C3Di_UpdateContext
 .text.C3Di_SplitFrame
                0x0000000000101fd4       0x20 /opt/devkitpro/libctru/lib/libcitro3d.a(base.o)
                0x0000000000101fd4                C3Di_SplitFrame
 .text.C3D_BindProgram
                0x0000000000101ff4      0x114 /opt/devkitpro/libctru/lib/libcitro3d.a(base.o)
                0x0000000000101ff4                C3D_BindProgram
 .text.C3Di_RenderQueueInit
                0x0000000000102108       0x54 /opt/devkitpro/libctru/lib/libcitro3d.a(renderqueue.o)
 .text.onVBlank1
                0x000000000010215c       0xac /opt/devkitpro/libctru/lib/libcitro3d.a(renderqueue.o)
 .text.onVBlank0
                0x0000000000102208      0x13c /opt/devkitpro/libctru/lib/libcitro3d.a(renderqueue.o)
 .text.C3Di_RenderTargetNew
                0x0000000000102344        0xc /opt/devkitpro/libctru/lib/libcitro3d.a(renderqueue.o)
 .text.C3Di_WaitAndClearQueue
                0x0000000000102350       0x7c /opt/devkitpro/libctru/lib/libcitro3d.a(renderqueue.o)
 .text.onQueueFinish
                0x00000000001023cc       0xc0 /opt/devkitpro/libctru/lib/libcitro3d.a(renderqueue.o)
 .text.C3D_FrameSplit.part.6
                0x000000000010248c       0x44 /opt/devkitpro/libctru/lib/libcitro3d.a(renderqueue.o)
 .text.C3D_FrameSync
                0x00000000001024d0       0x30 /opt/devkitpro/libctru/lib/libcitro3d.a(renderqueue.o)
                0x00000000001024d0                C3D_FrameSync
 .text.C3Di_RenderQueueWaitDone
                0x0000000000102500       0x20 /opt/devkitpro/libctru/lib/libcitro3d.a(renderqueue.o)
                0x0000000000102500                C3Di_RenderQueueWaitDone
 .text.C3D_FrameBegin
                0x0000000000102520       0x7c /opt/devkitpro/libctru/lib/libcitro3d.a(renderqueue.o)
                0x0000000000102520                C3D_FrameBegin
 .text.C3D_FrameDrawOn
                0x000000000010259c       0x48 /opt/devkitpro/libctru/lib/libcitro3d.a(renderqueue.o)
                0x000000000010259c                C3D_FrameDrawOn
 .text.C3D_FrameSplit
                0x00000000001025e4       0x18 /opt/devkitpro/libctru/lib/libcitro3d.a(renderqueue.o)
                0x00000000001025e4                C3D_FrameSplit
 .text.C3D_FrameEnd
                0x00000000001025fc      0x164 /opt/devkitpro/libctru/lib/libcitro3d.a(renderqueue.o)
                0x00000000001025fc                C3D_FrameEnd
 .text.C3D_FrameEndHook
                0x0000000000102760       0x1c /opt/devkitpro/libctru/lib/libcitro3d.a(renderqueue.o)
                0x0000000000102760                C3D_FrameEndHook
 .text.C3D_RenderTargetCreate
                0x000000000010277c      0x17c /opt/devkitpro/libctru/lib/libcitro3d.a(renderqueue.o)
                0x000000000010277c                C3D_RenderTargetCreate
 .text.C3D_RenderTargetSetOutput
                0x00000000001028f8       0x4c /opt/devkitpro/libctru/lib/libcitro3d.a(renderqueue.o)
                0x00000000001028f8                C3D_RenderTargetSetOutput
 .text.C3D_TexBind
                0x0000000000102944       0x48 /opt/devkitpro/libctru/lib/libcitro3d.a(texture.o)
                0x0000000000102944                C3D_TexBind
 .text.C3Di_SetTex
                0x000000000010298c      0x174 /opt/devkitpro/libctru/lib/libcitro3d.a(texture.o)
                0x000000000010298c                C3Di_SetTex
 .text.C3D_CalcColorBufSize
                0x0000000000102b00       0x1c /opt/devkitpro/libctru/lib/libcitro3d.a(framebuffer.o)
                0x0000000000102b00                C3D_CalcColorBufSize
 .text.C3D_CalcDepthBufSize
                0x0000000000102b1c       0x1c /opt/devkitpro/libctru/lib/libcitro3d.a(framebuffer.o)
                0x0000000000102b1c                C3D_CalcDepthBufSize
 .text.C3D_SetFrameBuf
                0x0000000000102b38       0x44 /opt/devkitpro/libctru/lib/libcitro3d.a(framebuffer.o)
                0x0000000000102b38                C3D_SetFrameBuf
 .text.C3Di_FrameBufBind
                0x0000000000102b7c      0x168 /opt/devkitpro/libctru/lib/libcitro3d.a(framebuffer.o)
                0x0000000000102b7c                C3Di_FrameBufBind
 .text.C3D_FrameBufClear
                0x0000000000102ce4       0xc8 /opt/devkitpro/libctru/lib/libcitro3d.a(framebuffer.o)
                0x0000000000102ce4                C3D_FrameBufClear
 .text.C3D_FrameBufTransfer
                0x0000000000102dac       0x48 /opt/devkitpro/libctru/lib/libcitro3d.a(framebuffer.o)
                0x0000000000102dac                C3D_FrameBufTransfer
 .text.C3D_GetTexEnv
                0x0000000000102df4       0x34 /opt/devkitpro/libctru/lib/libcitro3d.a(texenv.o)
                0x0000000000102df4                C3D_GetTexEnv
 .text.C3Di_TexEnvBind
                0x0000000000102e28       0x24 /opt/devkitpro/libctru/lib/libcitro3d.a(texenv.o)
                0x0000000000102e28                C3Di_TexEnvBind
 .text.C3D_ProcTexInit
                0x0000000000102e4c       0x6c /opt/devkitpro/libctru/lib/libcitro3d.a(proctex.o)
                0x0000000000102e4c                C3D_ProcTexInit
 .text.C3D_ProcTexBind
                0x0000000000102eb8       0x50 /opt/devkitpro/libctru/lib/libcitro3d.a(proctex.o)
                0x0000000000102eb8                C3D_ProcTexBind
 .text.C3D_ProcTexLutBind
                0x0000000000102f08       0x60 /opt/devkitpro/libctru/lib/libcitro3d.a(proctex.o)
                0x0000000000102f08                C3D_ProcTexLutBind
 .text.ProcTexLut_FromArray
                0x0000000000102f68       0xa4 /opt/devkitpro/libctru/lib/libcitro3d.a(proctex.o)
                0x0000000000102f68                ProcTexLut_FromArray
 .text.C3Di_ProcTexUpdate
                0x000000000010300c      0x174 /opt/devkitpro/libctru/lib/libcitro3d.a(proctex.o)
                0x000000000010300c                C3Di_ProcTexUpdate
 .text.C3Di_ProcTexDirty
                0x0000000000103180       0x68 /opt/devkitpro/libctru/lib/libcitro3d.a(proctex.o)
                0x0000000000103180                C3Di_ProcTexDirty
 .text.BufInfo_Init
                0x00000000001031e8       0x24 /opt/devkitpro/libctru/lib/libcitro3d.a(buffers.o)
                0x00000000001031e8                BufInfo_Init
 .text.BufInfo_Add
                0x000000000010320c       0x84 /opt/devkitpro/libctru/lib/libcitro3d.a(buffers.o)
                0x000000000010320c                BufInfo_Add
 .text.C3D_SetBufInfo
                0x0000000000103290       0x40 /opt/devkitpro/libctru/lib/libcitro3d.a(buffers.o)
                0x0000000000103290                C3D_SetBufInfo
 .text.C3Di_BufInfoBind
                0x00000000001032d0       0x48 /opt/devkitpro/libctru/lib/libcitro3d.a(buffers.o)
                0x00000000001032d0                C3Di_BufInfoBind
 .text.C3D_DrawArrays
                0x0000000000103318      0x148 /opt/devkitpro/libctru/lib/libcitro3d.a(drawArrays.o)
                0x0000000000103318                C3D_DrawArrays
 .text.C3D_DepthMap
                0x0000000000103460       0x40 /opt/devkitpro/libctru/lib/libcitro3d.a(effect.o)
                0x0000000000103460                C3D_DepthMap
 .text.C3D_CullFace
                0x00000000001034a0       0x1c /opt/devkitpro/libctru/lib/libcitro3d.a(effect.o)
                0x00000000001034a0                C3D_CullFace
 .text.C3D_StencilTest
                0x00000000001034bc       0x40 /opt/devkitpro/libctru/lib/libcitro3d.a(effect.o)
                0x00000000001034bc                C3D_StencilTest
 .text.C3D_StencilOp
                0x00000000001034fc       0x24 /opt/devkitpro/libctru/lib/libcitro3d.a(effect.o)
                0x00000000001034fc                C3D_StencilOp
 .text.C3D_BlendingColor
                0x0000000000103520       0x1c /opt/devkitpro/libctru/lib/libcitro3d.a(effect.o)
                0x0000000000103520                C3D_BlendingColor
 .text.C3D_EarlyDepthTest
                0x000000000010353c       0x24 /opt/devkitpro/libctru/lib/libcitro3d.a(effect.o)
                0x000000000010353c                C3D_EarlyDepthTest
 .text.C3D_DepthTest
                0x0000000000103560       0x2c /opt/devkitpro/libctru/lib/libcitro3d.a(effect.o)
                0x0000000000103560                C3D_DepthTest
 .text.C3D_AlphaTest
                0x000000000010358c       0x2c /opt/devkitpro/libctru/lib/libcitro3d.a(effect.o)
                0x000000000010358c                C3D_AlphaTest
 .text.C3D_AlphaBlend
                0x00000000001035b8       0x50 /opt/devkitpro/libctru/lib/libcitro3d.a(effect.o)
                0x00000000001035b8                C3D_AlphaBlend
 .text.C3D_FragOpMode
                0x0000000000103608       0x30 /opt/devkitpro/libctru/lib/libcitro3d.a(effect.o)
                0x0000000000103608                C3D_FragOpMode
 .text.C3D_FragOpShadow
                0x0000000000103638       0x44 /opt/devkitpro/libctru/lib/libcitro3d.a(effect.o)
                0x0000000000103638                C3D_FragOpShadow
 .text.C3Di_EffectBind
                0x000000000010367c      0x1ac /opt/devkitpro/libctru/lib/libcitro3d.a(effect.o)
                0x000000000010367c                C3Di_EffectBind
 .text.AttrInfo_Init
                0x0000000000103828       0x28 /opt/devkitpro/libctru/lib/libcitro3d.a(attribs.o)
                0x0000000000103828                AttrInfo_Init
 .text.AttrInfo_AddLoader
                0x0000000000103850       0xa0 /opt/devkitpro/libctru/lib/libcitro3d.a(attribs.o)
                0x0000000000103850                AttrInfo_AddLoader
 .text.C3D_SetAttrInfo
                0x00000000001038f0       0x54 /opt/devkitpro/libctru/lib/libcitro3d.a(attribs.o)
                0x00000000001038f0                C3D_SetAttrInfo
 .text.C3Di_AttrInfoBind
                0x0000000000103944       0x80 /opt/devkitpro/libctru/lib/libcitro3d.a(attribs.o)
                0x0000000000103944                C3Di_AttrInfoBind
 .text.C3D_ImmSendAttrib
                0x00000000001039c4       0xa4 /opt/devkitpro/libctru/lib/libcitro3d.a(immediate.o)
                0x00000000001039c4                C3D_ImmSendAttrib
 .text.C3D_UpdateUniforms
                0x0000000000103a68      0x2b8 /opt/devkitpro/libctru/lib/libcitro3d.a(uniforms.o)
                0x0000000000103a68                C3D_UpdateUniforms
 .text.C3Di_DirtyUniforms
                0x0000000000103d20       0xc0 /opt/devkitpro/libctru/lib/libcitro3d.a(uniforms.o)
                0x0000000000103d20                C3Di_DirtyUniforms
 .text.C3Di_LoadShaderUniforms
                0x0000000000103de0       0xe0 /opt/devkitpro/libctru/lib/libcitro3d.a(uniforms.o)
                0x0000000000103de0                C3Di_LoadShaderUniforms
 .text.C3Di_ClearShaderUniforms
                0x0000000000103ec0       0x28 /opt/devkitpro/libctru/lib/libcitro3d.a(uniforms.o)
                0x0000000000103ec0                C3Di_ClearShaderUniforms
 .text.Mtx_Ortho
                0x0000000000103ee8       0xcc /opt/devkitpro/libctru/lib/libcitro3d.a(mtx_ortho.o)
                0x0000000000103ee8                Mtx_Ortho
 .text.Mtx_OrthoTilt
                0x0000000000103fb4       0xcc /opt/devkitpro/libctru/lib/libcitro3d.a(mtx_orthotilt.o)
                0x0000000000103fb4                Mtx_OrthoTilt
 .text._ZL21addrMapNodeComparatorPK11rbtree_nodeS1_
                0x0000000000104080       0x24 /opt/devkitpro/libctru/lib/libctru.a(vram.o)
 .text._ZL21addrMapNodeDestructorP11rbtree_node
                0x00000000001040a4        0x4 /opt/devkitpro/libctru/lib/libctru.a(vram.o)
 .text.vramMemAlign
                0x00000000001040a8      0x114 /opt/devkitpro/libctru/lib/libctru.a(vram.o)
                0x00000000001040a8                vramMemAlign
 .text.vramAlloc
                0x00000000001041bc        0x8 /opt/devkitpro/libctru/lib/libctru.a(vram.o)
                0x00000000001041bc                vramAlloc
 .text.vramFree
                0x00000000001041c4       0x54 /opt/devkitpro/libctru/lib/libctru.a(vram.o)
                0x00000000001041c4                vramFree
 .text._ZL21addrMapNodeComparatorPK11rbtree_nodeS1_
                0x0000000000104218       0x24 /opt/devkitpro/libctru/lib/libctru.a(linear.o)
 .text._ZL21addrMapNodeDestructorP11rbtree_node
                0x000000000010423c        0x4 /opt/devkitpro/libctru/lib/libctru.a(linear.o)
 .text.linearMemAlign
                0x0000000000104240      0x124 /opt/devkitpro/libctru/lib/libctru.a(linear.o)
                0x0000000000104240                linearMemAlign
 .text.linearAlloc
                0x0000000000104364        0x8 /opt/devkitpro/libctru/lib/libctru.a(linear.o)
                0x0000000000104364                linearAlloc
 .text.linearFree
                0x000000000010436c       0x54 /opt/devkitpro/libctru/lib/libctru.a(linear.o)
                0x000000000010436c                linearFree
 .text._ZN7MemPool13CoalesceRightEP8MemBlock
                0x00000000001043c0       0x8c /opt/devkitpro/libctru/lib/libctru.a(mem_pool.o)
                0x00000000001043c0                MemPool::CoalesceRight(MemBlock*)
 .text._ZN7MemPool8AllocateER8MemChunkmi
                0x000000000010444c      0x174 /opt/devkitpro/libctru/lib/libctru.a(mem_pool.o)
                0x000000000010444c                MemPool::Allocate(MemChunk&, unsigned long, int)
 .text._ZN7MemPool10DeallocateERK8MemChunk
                0x00000000001045c0       0xfc /opt/devkitpro/libctru/lib/libctru.a(mem_pool.o)
                0x00000000001045c0                MemPool::Deallocate(MemChunk const&)
 .text.getSysTime
                0x00000000001046bc       0x58 /opt/devkitpro/libctru/lib/libctru.a(os.o)
 .text.__ctru_speedup_config.part.0
                0x0000000000104714       0x28 /opt/devkitpro/libctru/lib/libctru.a(os.o)
 .text.osConvertVirtToPhys
                0x000000000010473c       0x4c /opt/devkitpro/libctru/lib/libctru.a(os.o)
                0x000000000010473c                osConvertVirtToPhys
 .text.osGetMemRegionUsed
                0x0000000000104788       0x24 /opt/devkitpro/libctru/lib/libctru.a(os.o)
                0x0000000000104788                osGetMemRegionUsed
 *fill*         0x00000000001047ac        0x4 
 .text.__libctru_gtod
                0x00000000001047b0      0x128 /opt/devkitpro/libctru/lib/libctru.a(os.o)
                0x00000000001047b0                __libctru_gtod
 .text.__ctru_speedup_config
                0x00000000001048d8       0x18 /opt/devkitpro/libctru/lib/libctru.a(os.o)
                0x00000000001048d8                __ctru_speedup_config
 .text.gfxSetFramebufferInfo.part.0
                0x00000000001048f0       0x8c /opt/devkitpro/libctru/lib/libctru.a(gfx.o)
 .text.gfxSetFramebufferInfo
                0x000000000010497c       0x6c /opt/devkitpro/libctru/lib/libctru.a(gfx.o)
 .text.gfxGetFramebuffer.part.0
                0x00000000001049e8       0x58 /opt/devkitpro/libctru/lib/libctru.a(gfx.o)
 .text.gfxIs3D  0x0000000000104a40       0x10 /opt/devkitpro/libctru/lib/libctru.a(gfx.o)
                0x0000000000104a40                gfxIs3D
 .text.__get_bytes_per_pixel
                0x0000000000104a50       0x18 /opt/devkitpro/libctru/lib/libctru.a(gfx.o)
                0x0000000000104a50                __get_bytes_per_pixel
 .text.gfxSetScreenFormat
                0x0000000000104a68      0x184 /opt/devkitpro/libctru/lib/libctru.a(gfx.o)
                0x0000000000104a68                gfxSetScreenFormat
 .text.gfxInit  0x0000000000104bec      0x214 /opt/devkitpro/libctru/lib/libctru.a(gfx.o)
                0x0000000000104bec                gfxInit
 .text.gfxInitDefault
                0x0000000000104e00       0x10 /opt/devkitpro/libctru/lib/libctru.a(gfx.o)
                0x0000000000104e00                gfxInitDefault
 .text.gfxExit  0x0000000000104e10       0xe0 /opt/devkitpro/libctru/lib/libctru.a(gfx.o)
                0x0000000000104e10                gfxExit
 .text.gfxGetFramebuffer
                0x0000000000104ef0       0x64 /opt/devkitpro/libctru/lib/libctru.a(gfx.o)
                0x0000000000104ef0                gfxGetFramebuffer
 .text.gfxConfigScreen
                0x0000000000104f54       0xf4 /opt/devkitpro/libctru/lib/libctru.a(gfx.o)
                0x0000000000104f54                gfxConfigScreen
 .text.shaderInstanceInit
                0x0000000000105048      0x1f0 /opt/devkitpro/libctru/lib/libctru.a(shaderProgram.o)
                0x0000000000105048                shaderInstanceInit
 .text.shaderInstanceFree
                0x0000000000105238       0x34 /opt/devkitpro/libctru/lib/libctru.a(shaderProgram.o)
                0x0000000000105238                shaderInstanceFree
 .text.shaderInstanceGetUniformLocation
                0x000000000010526c       0x18 /opt/devkitpro/libctru/lib/libctru.a(shaderProgram.o)
                0x000000000010526c                shaderInstanceGetUniformLocation
 .text.shaderProgramInit
                0x0000000000105284       0x18 /opt/devkitpro/libctru/lib/libctru.a(shaderProgram.o)
                0x0000000000105284                shaderProgramInit
 .text.shaderProgramSetVsh
                0x000000000010529c       0x6c /opt/devkitpro/libctru/lib/libctru.a(shaderProgram.o)
                0x000000000010529c                shaderProgramSetVsh
 .text.shaderProgramConfigure
                0x0000000000105308      0x8b4 /opt/devkitpro/libctru/lib/libctru.a(shaderProgram.o)
                0x0000000000105308                shaderProgramConfigure
 .text.DVLE_GenerateOutmap.part.0
                0x0000000000105bbc      0x1f8 /opt/devkitpro/libctru/lib/libctru.a(shbin.o)
 .text.DVLB_ParseFile
                0x0000000000105db4      0x1c8 /opt/devkitpro/libctru/lib/libctru.a(shbin.o)
                0x0000000000105db4                DVLB_ParseFile
 .text.DVLE_GetUniformRegister
                0x0000000000105f7c       0x78 /opt/devkitpro/libctru/lib/libctru.a(shbin.o)
                0x0000000000105f7c                DVLE_GetUniformRegister
 .text.submitGxCommand
                0x0000000000105ff4       0x38 /opt/devkitpro/libctru/lib/libctru.a(gx.o)
 .text.GX_BindQueue
                0x000000000010602c       0x10 /opt/devkitpro/libctru/lib/libctru.a(gx.o)
                0x000000000010602c                GX_BindQueue
 .text.GX_ProcessCommandList
                0x000000000010603c       0x50 /opt/devkitpro/libctru/lib/libctru.a(gx.o)
                0x000000000010603c                GX_ProcessCommandList
 .text.GX_MemoryFill
                0x000000000010608c       0x54 /opt/devkitpro/libctru/lib/libctru.a(gx.o)
                0x000000000010608c                GX_MemoryFill
 .text.GX_DisplayTransfer
                0x00000000001060e0       0x48 /opt/devkitpro/libctru/lib/libctru.a(gx.o)
                0x00000000001060e0                GX_DisplayTransfer
 .text.gxCmdQueueDoCommands.part.0
                0x0000000000106128       0x74 /opt/devkitpro/libctru/lib/libctru.a(gxqueue.o)
 .text.gxCmdQueueInterrupt
                0x000000000010619c       0xc8 /opt/devkitpro/libctru/lib/libctru.a(gxqueue.o)
                0x000000000010619c                gxCmdQueueInterrupt
 .text.gxCmdQueueClear
                0x0000000000106264       0x4c /opt/devkitpro/libctru/lib/libctru.a(gxqueue.o)
                0x0000000000106264                gxCmdQueueClear
 .text.gxCmdQueueAdd
                0x00000000001062b0       0xf8 /opt/devkitpro/libctru/lib/libctru.a(gxqueue.o)
                0x00000000001062b0                gxCmdQueueAdd
 .text.gxCmdQueueRun
                0x00000000001063a8       0x80 /opt/devkitpro/libctru/lib/libctru.a(gxqueue.o)
                0x00000000001063a8                gxCmdQueueRun
 .text.gxCmdQueueStop
                0x0000000000106428       0x60 /opt/devkitpro/libctru/lib/libctru.a(gxqueue.o)
                0x0000000000106428                gxCmdQueueStop
 .text.gxCmdQueueWait
                0x0000000000106488       0x84 /opt/devkitpro/libctru/lib/libctru.a(gxqueue.o)
                0x0000000000106488                gxCmdQueueWait
 .text.GPUCMD_Add
                0x000000000010650c      0x13c /opt/devkitpro/libctru/lib/libctru.a(gpu.o)
                0x000000000010650c                GPUCMD_Add
 .text.GPUCMD_Split
                0x0000000000106648       0xb0 /opt/devkitpro/libctru/lib/libctru.a(gpu.o)
                0x0000000000106648                GPUCMD_Split
 .text.f32tof16
                0x00000000001066f8       0x40 /opt/devkitpro/libctru/lib/libctru.a(gpu.o)
                0x00000000001066f8                f32tof16
 .text.f32tof24
                0x0000000000106738       0x40 /opt/devkitpro/libctru/lib/libctru.a(gpu.o)
                0x0000000000106738                f32tof24
 .text.f32tof31
                0x0000000000106778       0x44 /opt/devkitpro/libctru/lib/libctru.a(gpu.o)
                0x0000000000106778                f32tof31
 .text.gspInit  0x00000000001067bc       0x74 /opt/devkitpro/libctru/lib/libctru.a(gspgpu.o)
                0x00000000001067bc                gspInit
 .text.gspExit  0x0000000000106830       0x3c /opt/devkitpro/libctru/lib/libctru.a(gspgpu.o)
                0x0000000000106830                gspExit
 .text.gspSetEventCallback
                0x000000000010686c       0x34 /opt/devkitpro/libctru/lib/libctru.a(gspgpu.o)
                0x000000000010686c                gspSetEventCallback
 .text.gspInitEventHandler
                0x00000000001068a0       0xa4 /opt/devkitpro/libctru/lib/libctru.a(gspgpu.o)
                0x00000000001068a0                gspInitEventHandler
 .text.gspExitEventHandler
                0x0000000000106944       0x40 /opt/devkitpro/libctru/lib/libctru.a(gspgpu.o)
                0x0000000000106944                gspExitEventHandler
 .text.gspWaitForEvent
                0x0000000000106984       0x50 /opt/devkitpro/libctru/lib/libctru.a(gspgpu.o)
                0x0000000000106984                gspWaitForEvent
 .text.gspWaitForAnyEvent
                0x00000000001069d4       0x64 /opt/devkitpro/libctru/lib/libctru.a(gspgpu.o)
                0x00000000001069d4                gspWaitForAnyEvent
 .text.gspEventThreadMain
                0x0000000000106a38      0x178 /opt/devkitpro/libctru/lib/libctru.a(gspgpu.o)
 .text.gspSubmitGxCommand
                0x0000000000106bb0      0x124 /opt/devkitpro/libctru/lib/libctru.a(gspgpu.o)
                0x0000000000106bb0                gspSubmitGxCommand
 .text.GSPGPU_SetBufferSwap
                0x0000000000106cd4       0x6c /opt/devkitpro/libctru/lib/libctru.a(gspgpu.o)
                0x0000000000106cd4                GSPGPU_SetBufferSwap
 .text.GSPGPU_FlushDataCache
                0x0000000000106d40       0x4c /opt/devkitpro/libctru/lib/libctru.a(gspgpu.o)
                0x0000000000106d40                GSPGPU_FlushDataCache
 .text.GSPGPU_SetLcdForceBlack
                0x0000000000106d8c       0x34 /opt/devkitpro/libctru/lib/libctru.a(gspgpu.o)
                0x0000000000106d8c                GSPGPU_SetLcdForceBlack
 .text.GSPGPU_RegisterInterruptRelayQueue
                0x0000000000106dc0       0x64 /opt/devkitpro/libctru/lib/libctru.a(gspgpu.o)
                0x0000000000106dc0                GSPGPU_RegisterInterruptRelayQueue
 .text.GSPGPU_UnregisterInterruptRelayQueue
                0x0000000000106e24       0x2c /opt/devkitpro/libctru/lib/libctru.a(gspgpu.o)
                0x0000000000106e24                GSPGPU_UnregisterInterruptRelayQueue
 .text.GSPGPU_AcquireRight
                0x0000000000106e50       0x48 /opt/devkitpro/libctru/lib/libctru.a(gspgpu.o)
                0x0000000000106e50                GSPGPU_AcquireRight
 .text.GSPGPU_ReleaseRight
                0x0000000000106e98       0x2c /opt/devkitpro/libctru/lib/libctru.a(gspgpu.o)
                0x0000000000106e98                GSPGPU_ReleaseRight
 .text.GSPGPU_ImportDisplayCaptureInfo
                0x0000000000106ec4       0x80 /opt/devkitpro/libctru/lib/libctru.a(gspgpu.o)
                0x0000000000106ec4                GSPGPU_ImportDisplayCaptureInfo
 .text.GSPGPU_SaveVramSysArea
                0x0000000000106f44       0x2c /opt/devkitpro/libctru/lib/libctru.a(gspgpu.o)
                0x0000000000106f44                GSPGPU_SaveVramSysArea
 .text.GSPGPU_RestoreVramSysArea
                0x0000000000106f70       0x2c /opt/devkitpro/libctru/lib/libctru.a(gspgpu.o)
                0x0000000000106f70                GSPGPU_RestoreVramSysArea
 .text._aptDebug
                0x0000000000106f9c        0x4 /opt/devkitpro/libctru/lib/libctru.a(apt.o)
                0x0000000000106f9c                _aptDebug
 .text.aptSendCommand
                0x0000000000106fa0      0x170 /opt/devkitpro/libctru/lib/libctru.a(apt.o)
                0x0000000000106fa0                aptSendCommand
 .text.aptExitProcess
                0x0000000000107110       0x3c /opt/devkitpro/libctru/lib/libctru.a(apt.o)
 .text.aptHook  0x000000000010714c       0x30 /opt/devkitpro/libctru/lib/libctru.a(apt.o)
                0x000000000010714c                aptHook
 .text.APT_InquireNotification
                0x000000000010717c       0x50 /opt/devkitpro/libctru/lib/libctru.a(apt.o)
                0x000000000010717c                APT_InquireNotification
 .text.aptEventHandler
                0x00000000001071cc      0x194 /opt/devkitpro/libctru/lib/libctru.a(apt.o)
 .text.APT_AppletUtility
                0x0000000000107360       0x74 /opt/devkitpro/libctru/lib/libctru.a(apt.o)
                0x0000000000107360                APT_AppletUtility
 .text.aptSetSleepAllowed
                0x00000000001073d4       0xb0 /opt/devkitpro/libctru/lib/libctru.a(apt.o)
                0x00000000001073d4                aptSetSleepAllowed
 .text.APT_GlanceParameter
                0x0000000000107484       0xb4 /opt/devkitpro/libctru/lib/libctru.a(apt.o)
                0x0000000000107484                APT_GlanceParameter
 .text.APT_ReceiveParameter
                0x0000000000107538       0xc8 /opt/devkitpro/libctru/lib/libctru.a(apt.o)
                0x0000000000107538                APT_ReceiveParameter
 .text.aptReceiveParameter.constprop.0
                0x0000000000107600       0xbc /opt/devkitpro/libctru/lib/libctru.a(apt.o)
 *fill*         0x00000000001076bc        0x4 
 .text.aptScreenTransfer
                0x00000000001076c0      0x1e0 /opt/devkitpro/libctru/lib/libctru.a(apt.o)
 .text.aptWaitForWakeUp
                0x00000000001078a0      0x210 /opt/devkitpro/libctru/lib/libctru.a(apt.o)
 .text.APT_CancelParameter
                0x0000000000107ab0       0x70 /opt/devkitpro/libctru/lib/libctru.a(apt.o)
                0x0000000000107ab0                APT_CancelParameter
 .text.aptInit  0x0000000000107b20      0x25c /opt/devkitpro/libctru/lib/libctru.a(apt.o)
                0x0000000000107b20                aptInit
 .text.aptClearParamQueue
                0x0000000000107d7c       0x88 /opt/devkitpro/libctru/lib/libctru.a(apt.o)
 .text.aptMainLoop
                0x0000000000107e04      0x264 /opt/devkitpro/libctru/lib/libctru.a(apt.o)
                0x0000000000107e04                aptMainLoop
 .text.aptExit  0x0000000000108068      0x254 /opt/devkitpro/libctru/lib/libctru.a(apt.o)
                0x0000000000108068                aptExit
 .text.APT_CheckNew3DS
                0x00000000001082bc       0x7c /opt/devkitpro/libctru/lib/libctru.a(apt.o)
                0x00000000001082bc                APT_CheckNew3DS
 .text.hidCheckSectionUpdateTime.part.0
                0x0000000000108338       0x28 /opt/devkitpro/libctru/lib/libctru.a(hid.o)
 .text.hidExit  0x0000000000108360       0xd0 /opt/devkitpro/libctru/lib/libctru.a(hid.o)
                0x0000000000108360                hidExit
 .text.hidScanInput
                0x0000000000108430      0x1d8 /opt/devkitpro/libctru/lib/libctru.a(hid.o)
                0x0000000000108430                hidScanInput
 .text.hidKeysDown
                0x0000000000108608       0x10 /opt/devkitpro/libctru/lib/libctru.a(hid.o)
                0x0000000000108608                hidKeysDown
 .text.HIDUSER_GetHandles
                0x0000000000108618       0x90 /opt/devkitpro/libctru/lib/libctru.a(hid.o)
                0x0000000000108618                HIDUSER_GetHandles
 .text.hidInit  0x00000000001086a8      0x1a4 /opt/devkitpro/libctru/lib/libctru.a(hid.o)
                0x00000000001086a8                hidInit
 .text.ptmSysmInit
                0x000000000010884c       0x74 /opt/devkitpro/libctru/lib/libctru.a(ptmsysm.o)
                0x000000000010884c                ptmSysmInit
 .text.ptmSysmExit
                0x00000000001088c0       0x3c /opt/devkitpro/libctru/lib/libctru.a(ptmsysm.o)
                0x00000000001088c0                ptmSysmExit
 .text.PTMSYSM_ConfigureNew3DSCPU
                0x00000000001088fc       0x34 /opt/devkitpro/libctru/lib/libctru.a(ptmsysm.o)
                0x00000000001088fc                PTMSYSM_ConfigureNew3DSCPU
 .text.rbtree_init
                0x0000000000108930       0x14 /opt/devkitpro/libctru/lib/libctru.a(rbtree_init.o)
                0x0000000000108930                rbtree_init
 .text.do_insert
                0x0000000000108944      0x1a4 /opt/devkitpro/libctru/lib/libctru.a(rbtree_insert.o)
 .text.rbtree_insert
                0x0000000000108ae8        0x8 /opt/devkitpro/libctru/lib/libctru.a(rbtree_insert.o)
                0x0000000000108ae8                rbtree_insert
 .text.rbtree_rotate
                0x0000000000108af0       0x90 /opt/devkitpro/libctru/lib/libctru.a(rbtree_rotate.o)
                0x0000000000108af0                rbtree_rotate
 .text.rbtree_remove
                0x0000000000108b80      0x334 /opt/devkitpro/libctru/lib/libctru.a(rbtree_remove.o)
                0x0000000000108b80                rbtree_remove
 .text.rbtree_find
                0x0000000000108eb4       0x74 /opt/devkitpro/libctru/lib/libctru.a(rbtree_find.o)
                0x0000000000108eb4                rbtree_find
 .text.__libctru_init
                0x0000000000108f28       0x38 /opt/devkitpro/libctru/lib/libctru.a(initSystem.o)
                0x0000000000108f28                __libctru_init
 .text.__libctru_nanosleep
                0x0000000000108f60       0x34 /opt/devkitpro/libctru/lib/libctru.a(syscalls.o)
 .text.__ctru_get_reent
                0x0000000000108f94       0x30 /opt/devkitpro/libctru/lib/libctru.a(syscalls.o)
 .text.__system_initSyscalls
                0x0000000000108fc4       0xfc /opt/devkitpro/libctru/lib/libctru.a(syscalls.o)
                0x0000000000108fc4                __system_initSyscalls
 .text.__system_allocateHeaps
                0x00000000001090c0      0x100 /opt/devkitpro/libctru/lib/libctru.a(allocateHeaps.o)
                0x00000000001090c0                __system_allocateHeaps
 .text.__system_initArgv
                0x00000000001091c0       0xf0 /opt/devkitpro/libctru/lib/libctru.a(initArgv.o)
                0x00000000001091c0                __system_initArgv
 .text.svcControlMemory
                0x00000000001092b0       0x20 /opt/devkitpro/libctru/lib/libctru.a(svc.o)
                0x00000000001092b0                svcControlMemory
 .text.svcExitProcess
                0x00000000001092d0        0x8 /opt/devkitpro/libctru/lib/libctru.a(svc.o)
                0x00000000001092d0                svcExitProcess
 .text.svcCreateThread
                0x00000000001092d8       0x20 /opt/devkitpro/libctru/lib/libctru.a(svc.o)
                0x00000000001092d8                svcCreateThread
 .text.svcExitThread
                0x00000000001092f8        0x8 /opt/devkitpro/libctru/lib/libctru.a(svc.o)
                0x00000000001092f8                svcExitThread
 .text.svcSleepThread
                0x0000000000109300        0x8 /opt/devkitpro/libctru/lib/libctru.a(svc.o)
                0x0000000000109300                svcSleepThread
 .text.svcReleaseMutex
                0x0000000000109308        0x8 /opt/devkitpro/libctru/lib/libctru.a(svc.o)
                0x0000000000109308                svcReleaseMutex
 .text.svcCreateEvent
                0x0000000000109310       0x14 /opt/devkitpro/libctru/lib/libctru.a(svc.o)
                0x0000000000109310                svcCreateEvent
 .text.svcSignalEvent
                0x0000000000109324        0x8 /opt/devkitpro/libctru/lib/libctru.a(svc.o)
                0x0000000000109324                svcSignalEvent
 .text.svcClearEvent
                0x000000000010932c        0x8 /opt/devkitpro/libctru/lib/libctru.a(svc.o)
                0x000000000010932c                svcClearEvent
 .text.svcMapMemoryBlock
                0x0000000000109334        0x8 /opt/devkitpro/libctru/lib/libctru.a(svc.o)
                0x0000000000109334                svcMapMemoryBlock
 .text.svcUnmapMemoryBlock
                0x000000000010933c        0x8 /opt/devkitpro/libctru/lib/libctru.a(svc.o)
                0x000000000010933c                svcUnmapMemoryBlock
 .text.svcCreateAddressArbiter
                0x0000000000109344       0x14 /opt/devkitpro/libctru/lib/libctru.a(svc.o)
                0x0000000000109344                svcCreateAddressArbiter
 .text.svcArbitrateAddress
                0x0000000000109358       0x18 /opt/devkitpro/libctru/lib/libctru.a(svc.o)
                0x0000000000109358                svcArbitrateAddress
 .text.svcCloseHandle
                0x0000000000109370        0x8 /opt/devkitpro/libctru/lib/libctru.a(svc.o)
                0x0000000000109370                svcCloseHandle
 .text.svcWaitSynchronization
                0x0000000000109378        0x8 /opt/devkitpro/libctru/lib/libctru.a(svc.o)
                0x0000000000109378                svcWaitSynchronization
 .text.svcWaitSynchronizationN
                0x0000000000109380       0x28 /opt/devkitpro/libctru/lib/libctru.a(svc.o)
                0x0000000000109380                svcWaitSynchronizationN
 .text.svcDuplicateHandle
                0x00000000001093a8       0x14 /opt/devkitpro/libctru/lib/libctru.a(svc.o)
                0x00000000001093a8                svcDuplicateHandle
 .text.svcGetSystemTick
                0x00000000001093bc        0x8 /opt/devkitpro/libctru/lib/libctru.a(svc.o)
                0x00000000001093bc                svcGetSystemTick
 .text.svcGetSystemInfo
                0x00000000001093c4       0x18 /opt/devkitpro/libctru/lib/libctru.a(svc.o)
                0x00000000001093c4                svcGetSystemInfo
 .text.svcConnectToPort
                0x00000000001093dc       0x14 /opt/devkitpro/libctru/lib/libctru.a(svc.o)
                0x00000000001093dc                svcConnectToPort
 .text.svcSendSyncRequest
                0x00000000001093f0        0x8 /opt/devkitpro/libctru/lib/libctru.a(svc.o)
                0x00000000001093f0                svcSendSyncRequest
 .text.svcBreak
                0x00000000001093f8        0x8 /opt/devkitpro/libctru/lib/libctru.a(svc.o)
                0x00000000001093f8                svcBreak
 .text._ZL21addrMapNodeComparatorPK11rbtree_nodeS1_
                0x0000000000109400       0x24 /opt/devkitpro/libctru/lib/libctru.a(mappable.o)
 .text._ZL21addrMapNodeDestructorP11rbtree_node
                0x0000000000109424        0x4 /opt/devkitpro/libctru/lib/libctru.a(mappable.o)
 .text.mappableAlloc
                0x0000000000109428       0xe8 /opt/devkitpro/libctru/lib/libctru.a(mappable.o)
                0x0000000000109428                mappableAlloc
 .text.mappableFree
                0x0000000000109510       0x54 /opt/devkitpro/libctru/lib/libctru.a(mappable.o)
                0x0000000000109510                mappableFree
 .text.LightLock_Unlock.part.0
                0x0000000000109564       0x38 /opt/devkitpro/libctru/lib/libctru.a(synchronization.o)
 .text.__sync_init
                0x000000000010959c        0xc /opt/devkitpro/libctru/lib/libctru.a(synchronization.o)
                0x000000000010959c                __sync_init
 .text.__sync_fini
                0x00000000001095a8       0x18 /opt/devkitpro/libctru/lib/libctru.a(synchronization.o)
                0x00000000001095a8                __sync_fini
 .text.__sync_get_arbiter
                0x00000000001095c0       0x10 /opt/devkitpro/libctru/lib/libctru.a(synchronization.o)
                0x00000000001095c0                __sync_get_arbiter
 .text.LightLock_Init
                0x00000000001095d0       0x18 /opt/devkitpro/libctru/lib/libctru.a(synchronization.o)
                0x00000000001095d0                LightLock_Init
 .text.LightLock_Lock
                0x00000000001095e8       0x90 /opt/devkitpro/libctru/lib/libctru.a(synchronization.o)
                0x00000000001095e8                LightLock_Lock
 .text.LightLock_TryLock
                0x0000000000109678       0x34 /opt/devkitpro/libctru/lib/libctru.a(synchronization.o)
                0x0000000000109678                LightLock_TryLock
 .text.LightLock_Unlock
                0x00000000001096ac       0x20 /opt/devkitpro/libctru/lib/libctru.a(synchronization.o)
                0x00000000001096ac                LightLock_Unlock
 .text.RecursiveLock_Init
                0x00000000001096cc       0x24 /opt/devkitpro/libctru/lib/libctru.a(synchronization.o)
                0x00000000001096cc                RecursiveLock_Init
 .text.RecursiveLock_Lock
                0x00000000001096f0       0x30 /opt/devkitpro/libctru/lib/libctru.a(synchronization.o)
                0x00000000001096f0                RecursiveLock_Lock
 .text.RecursiveLock_TryLock
                0x0000000000109720       0x58 /opt/devkitpro/libctru/lib/libctru.a(synchronization.o)
                0x0000000000109720                RecursiveLock_TryLock
 .text.RecursiveLock_Unlock
                0x0000000000109778       0x38 /opt/devkitpro/libctru/lib/libctru.a(synchronization.o)
                0x0000000000109778                RecursiveLock_Unlock
 .text.LightEvent_Init
                0x00000000001097b0       0x38 /opt/devkitpro/libctru/lib/libctru.a(synchronization.o)
                0x00000000001097b0                LightEvent_Init
 .text.LightEvent_Clear
                0x00000000001097e8       0x7c /opt/devkitpro/libctru/lib/libctru.a(synchronization.o)
                0x00000000001097e8                LightEvent_Clear
 .text.LightEvent_Signal
                0x0000000000109864       0xdc /opt/devkitpro/libctru/lib/libctru.a(synchronization.o)
                0x0000000000109864                LightEvent_Signal
 .text.LightEvent_Wait
                0x0000000000109940       0xc0 /opt/devkitpro/libctru/lib/libctru.a(synchronization.o)
                0x0000000000109940                LightEvent_Wait
 .text.srvExit  0x0000000000109a00       0x58 /opt/devkitpro/libctru/lib/libctru.a(srv.o)
                0x0000000000109a00                srvExit
 .text.srvRegisterClient
                0x0000000000109a58       0x38 /opt/devkitpro/libctru/lib/libctru.a(srv.o)
                0x0000000000109a58                srvRegisterClient
 .text.srvInit  0x0000000000109a90       0xcc /opt/devkitpro/libctru/lib/libctru.a(srv.o)
                0x0000000000109a90                srvInit
 .text.srvGetServiceHandleDirect
                0x0000000000109b5c       0x80 /opt/devkitpro/libctru/lib/libctru.a(srv.o)
                0x0000000000109b5c                srvGetServiceHandleDirect
 .text.srvGetServiceHandle
                0x0000000000109bdc       0x48 /opt/devkitpro/libctru/lib/libctru.a(srv.o)
                0x0000000000109bdc                srvGetServiceHandle
 .text.threadFree.part.0
                0x0000000000109c24       0x1c /opt/devkitpro/libctru/lib/libctru.a(thread.o)
 .text.threadCreate
                0x0000000000109c40      0x180 /opt/devkitpro/libctru/lib/libctru.a(thread.o)
                0x0000000000109c40                threadCreate
 .text.threadJoin
                0x0000000000109dc0       0x24 /opt/devkitpro/libctru/lib/libctru.a(thread.o)
                0x0000000000109dc0                threadJoin
 .text.threadExit
                0x0000000000109de4       0x68 /opt/devkitpro/libctru/lib/libctru.a(thread.o)
                0x0000000000109de4                threadExit
 .text._thread_begin
                0x0000000000109e4c       0x48 /opt/devkitpro/libctru/lib/libctru.a(thread.o)
 .text.irrstScanInput
                0x0000000000109e94       0xac /opt/devkitpro/libctru/lib/libctru.a(irrst.o)
                0x0000000000109e94                irrstScanInput
 .text.irrstKeysHeld
                0x0000000000109f40       0x24 /opt/devkitpro/libctru/lib/libctru.a(irrst.o)
                0x0000000000109f40                irrstKeysHeld
 .text.IRRST_GetHandles
                0x0000000000109f64       0x50 /opt/devkitpro/libctru/lib/libctru.a(irrst.o)
                0x0000000000109f64                IRRST_GetHandles
 .text.irrstInit
                0x0000000000109fb4      0x154 /opt/devkitpro/libctru/lib/libctru.a(irrst.o)
                0x0000000000109fb4                irrstInit
 .text.IRRST_Shutdown
                0x000000000010a108       0x2c /opt/devkitpro/libctru/lib/libctru.a(irrst.o)
                0x000000000010a108                IRRST_Shutdown
 .text.irrstExit
                0x000000000010a134       0xac /opt/devkitpro/libctru/lib/libctru.a(irrst.o)
                0x000000000010a134                irrstExit
 .text.srvPmGetSessionHandle
                0x000000000010a1e0        0xc /opt/devkitpro/libctru/lib/libctru.a(srvpm.o)
                0x000000000010a1e0                srvPmGetSessionHandle
 .text.rbtree_node_next
                0x000000000010a1ec       0x50 /opt/devkitpro/libctru/lib/libctru.a(rbtree_iterator.o)
                0x000000000010a1ec                rbtree_node_next
 .text.__appInit
                0x000000000010a23c       0x1c /opt/devkitpro/libctru/lib/libctru.a(appInit.o)
                0x000000000010a23c                __appInit
 .text.__appExit
                0x000000000010a258       0x1c /opt/devkitpro/libctru/lib/libctru.a(appExit.o)
                0x000000000010a258                __appExit
 .text.__libctru_exit
                0x000000000010a274       0xa0 /opt/devkitpro/libctru/lib/libctru.a(ctru_exit.o)
                0x000000000010a274                __libctru_exit
 .text.envGetHandle
                0x000000000010a314       0x84 /opt/devkitpro/libctru/lib/libctru.a(env.o)
                0x000000000010a314                envGetHandle
 .text.envDestroyHandles
                0x000000000010a398       0x4c /opt/devkitpro/libctru/lib/libctru.a(env.o)
                0x000000000010a398                envDestroyHandles
 .text.sdmc_link
                0x000000000010a3e4       0x14 /opt/devkitpro/libctru/lib/libctru.a(sdmc_dev.o)
 .text.sdmc_dirreset
                0x000000000010a3f8       0x14 /opt/devkitpro/libctru/lib/libctru.a(sdmc_dev.o)
 .text.sdmc_chmod
                0x000000000010a40c       0x14 /opt/devkitpro/libctru/lib/libctru.a(sdmc_dev.o)
 .text.error_cmp
                0x000000000010a420       0x24 /opt/devkitpro/libctru/lib/libctru.a(sdmc_dev.o)
 .text.sdmc_translate_error
                0x000000000010a444       0x50 /opt/devkitpro/libctru/lib/libctru.a(sdmc_dev.o)
 .text.sdmc_fsync
                0x000000000010a494       0x34 /opt/devkitpro/libctru/lib/libctru.a(sdmc_dev.o)
 .text.sdmc_ftruncate
                0x000000000010a4c8       0x54 /opt/devkitpro/libctru/lib/libctru.a(sdmc_dev.o)
 .text.sdmc_statvfs
                0x000000000010a51c       0xbc /opt/devkitpro/libctru/lib/libctru.a(sdmc_dev.o)
 .text.sdmc_dirclose
                0x000000000010a5d8       0x38 /opt/devkitpro/libctru/lib/libctru.a(sdmc_dev.o)
 .text.sdmc_dirnext
                0x000000000010a610      0x13c /opt/devkitpro/libctru/lib/libctru.a(sdmc_dev.o)
 .text.sdmc_close
                0x000000000010a74c       0x34 /opt/devkitpro/libctru/lib/libctru.a(sdmc_dev.o)
 .text.sdmc_fstat
                0x000000000010a780       0x70 /opt/devkitpro/libctru/lib/libctru.a(sdmc_dev.o)
 .text.sdmc_seek
                0x000000000010a7f0       0xd4 /opt/devkitpro/libctru/lib/libctru.a(sdmc_dev.o)
 .text.sdmc_read
                0x000000000010a8c4       0x78 /opt/devkitpro/libctru/lib/libctru.a(sdmc_dev.o)
 .text.sdmc_write
                0x000000000010a93c       0xac /opt/devkitpro/libctru/lib/libctru.a(sdmc_dev.o)
 .text.sdmc_utf16path
                0x000000000010a9e8      0x1b0 /opt/devkitpro/libctru/lib/libctru.a(sdmc_dev.o)
 .text.sdmc_rmdir
                0x000000000010ab98       0x74 /opt/devkitpro/libctru/lib/libctru.a(sdmc_dev.o)
 .text.sdmc_diropen
                0x000000000010ac0c       0xa4 /opt/devkitpro/libctru/lib/libctru.a(sdmc_dev.o)
 .text.sdmc_chdir
                0x000000000010acb0       0xac /opt/devkitpro/libctru/lib/libctru.a(sdmc_dev.o)
 .text.sdmc_mkdir
                0x000000000010ad5c       0x98 /opt/devkitpro/libctru/lib/libctru.a(sdmc_dev.o)
 .text.sdmc_rename
                0x000000000010adf4      0x108 /opt/devkitpro/libctru/lib/libctru.a(sdmc_dev.o)
 .text.sdmc_unlink
                0x000000000010aefc       0x74 /opt/devkitpro/libctru/lib/libctru.a(sdmc_dev.o)
 .text.sdmc_stat
                0x000000000010af70      0x108 /opt/devkitpro/libctru/lib/libctru.a(sdmc_dev.o)
 .text.sdmc_open
                0x000000000010b078      0x198 /opt/devkitpro/libctru/lib/libctru.a(sdmc_dev.o)
 .text.sdmc_fchmod
                0x000000000010b210       0x14 /opt/devkitpro/libctru/lib/libctru.a(sdmc_dev.o)
 .text.sdmcInit
                0x000000000010b224      0x168 /opt/devkitpro/libctru/lib/libctru.a(sdmc_dev.o)
                0x000000000010b224                sdmcInit
 .text.sdmcExit
                0x000000000010b38c       0x60 /opt/devkitpro/libctru/lib/libctru.a(sdmc_dev.o)
                0x000000000010b38c                sdmcExit
 .text.fsSessionForArchive.part.0
                0x000000000010b3ec       0x28 /opt/devkitpro/libctru/lib/libctru.a(fs.o)
 .text.fsInit   0x000000000010b414       0xc4 /opt/devkitpro/libctru/lib/libctru.a(fs.o)
                0x000000000010b414                fsInit
 .text.fsExit   0x000000000010b4d8       0x3c /opt/devkitpro/libctru/lib/libctru.a(fs.o)
                0x000000000010b4d8                fsExit
 .text.fsExemptFromSession
                0x000000000010b514       0x64 /opt/devkitpro/libctru/lib/libctru.a(fs.o)
                0x000000000010b514                fsExemptFromSession
 .text.fsUnexemptFromSession
                0x000000000010b578       0x5c /opt/devkitpro/libctru/lib/libctru.a(fs.o)
                0x000000000010b578                fsUnexemptFromSession
 .text.FSUSER_OpenFile
                0x000000000010b5d4       0xbc /opt/devkitpro/libctru/lib/libctru.a(fs.o)
                0x000000000010b5d4                FSUSER_OpenFile
 .text.FSUSER_DeleteFile
                0x000000000010b690       0xac /opt/devkitpro/libctru/lib/libctru.a(fs.o)
                0x000000000010b690                FSUSER_DeleteFile
 .text.FSUSER_RenameFile
                0x000000000010b73c       0xe8 /opt/devkitpro/libctru/lib/libctru.a(fs.o)
                0x000000000010b73c                FSUSER_RenameFile
 .text.FSUSER_DeleteDirectory
                0x000000000010b824       0xac /opt/devkitpro/libctru/lib/libctru.a(fs.o)
                0x000000000010b824                FSUSER_DeleteDirectory
 .text.FSUSER_CreateFile
                0x000000000010b8d0       0xc4 /opt/devkitpro/libctru/lib/libctru.a(fs.o)
                0x000000000010b8d0                FSUSER_CreateFile
 .text.FSUSER_CreateDirectory
                0x000000000010b994       0xb4 /opt/devkitpro/libctru/lib/libctru.a(fs.o)
                0x000000000010b994                FSUSER_CreateDirectory
 .text.FSUSER_RenameDirectory
                0x000000000010ba48       0xe8 /opt/devkitpro/libctru/lib/libctru.a(fs.o)
                0x000000000010ba48                FSUSER_RenameDirectory
 .text.FSUSER_OpenDirectory
                0x000000000010bb30       0xa0 /opt/devkitpro/libctru/lib/libctru.a(fs.o)
                0x000000000010bb30                FSUSER_OpenDirectory
 .text.FSUSER_OpenArchive
                0x000000000010bbd0       0x98 /opt/devkitpro/libctru/lib/libctru.a(fs.o)
                0x000000000010bbd0                FSUSER_OpenArchive
 .text.FSUSER_CloseArchive
                0x000000000010bc68       0x78 /opt/devkitpro/libctru/lib/libctru.a(fs.o)
                0x000000000010bc68                FSUSER_CloseArchive
 .text.FSUSER_GetSdmcArchiveResource
                0x000000000010bce0       0x78 /opt/devkitpro/libctru/lib/libctru.a(fs.o)
                0x000000000010bce0                FSUSER_GetSdmcArchiveResource
 .text.FSUSER_IsSdmcWritable
                0x000000000010bd58       0x64 /opt/devkitpro/libctru/lib/libctru.a(fs.o)
                0x000000000010bd58                FSUSER_IsSdmcWritable
 .text.FSFILE_Read
                0x000000000010bdbc       0x5c /opt/devkitpro/libctru/lib/libctru.a(fs.o)
                0x000000000010bdbc                FSFILE_Read
 .text.FSFILE_Write
                0x000000000010be18       0x64 /opt/devkitpro/libctru/lib/libctru.a(fs.o)
                0x000000000010be18                FSFILE_Write
 .text.FSFILE_GetSize
                0x000000000010be7c       0x38 /opt/devkitpro/libctru/lib/libctru.a(fs.o)
                0x000000000010be7c                FSFILE_GetSize
 .text.FSFILE_SetSize
                0x000000000010beb4       0x28 /opt/devkitpro/libctru/lib/libctru.a(fs.o)
                0x000000000010beb4                FSFILE_SetSize
 .text.FSFILE_Close
                0x000000000010bedc       0x3c /opt/devkitpro/libctru/lib/libctru.a(fs.o)
                0x000000000010bedc                FSFILE_Close
 .text.FSFILE_Flush
                0x000000000010bf18       0x24 /opt/devkitpro/libctru/lib/libctru.a(fs.o)
                0x000000000010bf18                FSFILE_Flush
 .text.FSDIR_Read
                0x000000000010bf3c       0x54 /opt/devkitpro/libctru/lib/libctru.a(fs.o)
                0x000000000010bf3c                FSDIR_Read
 .text.FSDIR_Close
                0x000000000010bf90       0x3c /opt/devkitpro/libctru/lib/libctru.a(fs.o)
                0x000000000010bf90                FSDIR_Close
 .text.utf16_to_utf8
                0x000000000010bfcc       0xe8 /opt/devkitpro/libctru/lib/libctru.a(utf16_to_utf8.o)
                0x000000000010bfcc                utf16_to_utf8
 .text.decode_utf16
                0x000000000010c0b4       0x60 /opt/devkitpro/libctru/lib/libctru.a(decode_utf16.o)
                0x000000000010c0b4                decode_utf16
 .text.decode_utf8
                0x000000000010c114      0x138 /opt/devkitpro/libctru/lib/libctru.a(decode_utf8.o)
                0x000000000010c114                decode_utf8
 .text.utf8_to_utf16
                0x000000000010c24c       0xc0 /opt/devkitpro/libctru/lib/libctru.a(utf8_to_utf16.o)
                0x000000000010c24c                utf8_to_utf16
 .text.__aeabi_read_tp
                0x000000000010c30c        0xc /opt/devkitpro/libctru/lib/libctru.a(readtp.o)
                0x000000000010c30c                __aeabi_read_tp
 .text.encode_utf16
                0x000000000010c318       0x68 /opt/devkitpro/libctru/lib/libctru.a(encode_utf16.o)
                0x000000000010c318                encode_utf16
 .text.encode_utf8
                0x000000000010c380      0x104 /opt/devkitpro/libctru/lib/libctru.a(encode_utf8.o)
                0x000000000010c380                encode_utf8
 .text.__fixdfdi
                0x000000000010c484       0x38 /opt/devkitpro/devkitARM/lib/gcc/arm-none-eabi/9.1.0/armv6k/fpu/libgcc.a(_fixdfdi.o)
                0x000000000010c484                __aeabi_d2lz
                0x000000000010c484                __fixdfdi
 *fill*         0x000000000010c4bc        0x4 
 .text.__fixunsdfdi
                0x000000000010c4c0       0x40 /opt/devkitpro/devkitARM/lib/gcc/arm-none-eabi/9.1.0/armv6k/fpu/libgcc.a(_fixunsdfdi.o)
                0x000000000010c4c0                __aeabi_d2ulz
                0x000000000010c4c0                __fixunsdfdi
 .text.bsearch  0x000000000010c500       0x7c /opt/devkitpro/devkitARM/lib/gcc/arm-none-eabi/9.1.0/../../../../arm-none-eabi/lib/armv6k/fpu/libg.a(lib_a-bsearch.o)
                0x000000000010c500                bsearch
 .text.calloc   0x000000000010c57c       0x28 /opt/devkitpro/devkitARM/lib/gcc/arm-none-eabi/9.1.0/../../../../arm-none-eabi/lib/armv6k/fpu/libg.a(lib_a-calloc.o)
                0x000000000010c57c                calloc
 .text._calloc_r
                0x000000000010c5a4       0x94 /opt/devkitpro/devkitARM/lib/gcc/arm-none-eabi/9.1.0/../../../../arm-none-eabi/lib/armv6k/fpu/libg.a(lib_a-callocr.o)
                0x000000000010c5a4                _calloc_r
 .text.exit     0x000000000010c638       0x34 /opt/devkitpro/devkitARM/lib/gcc/arm-none-eabi/9.1.0/../../../../arm-none-eabi/lib/armv6k/fpu/libg.a(lib_a-exit.o)
                0x000000000010c638                exit
 .text.__libc_fini_array
                0x000000000010c66c       0x3c /opt/devkitpro/devkitARM/lib/gcc/arm-none-eabi/9.1.0/../../../../arm-none-eabi/lib/armv6k/fpu/libg.a(lib_a-fini.o)
                0x000000000010c66c                __libc_fini_array
 .text.__libc_init_array
                0x000000000010c6a8       0x7c /opt/devkitpro/devkitARM/lib/gcc/arm-none-eabi/9.1.0/../../../../arm-none-eabi/lib/armv6k/fpu/libg.a(lib_a-init.o)
                0x000000000010c6a8                __libc_init_array
 .text.memalign
                0x000000000010c724       0x28 /opt/devkitpro/devkitARM/lib/gcc/arm-none-eabi/9.1.0/../../../../arm-none-eabi/lib/armv6k/fpu/libg.a(lib_a-malign.o)
                0x000000000010c724                memalign
 .text._memalign_r
                0x000000000010c74c      0x14c /opt/devkitpro/devkitARM/lib/gcc/arm-none-eabi/9.1.0/../../../../arm-none-eabi/lib/armv6k/fpu/libg.a(lib_a-malignr.o)
                0x000000000010c74c                _memalign_r
 .text.malloc   0x000000000010c898       0x20 /opt/devkitpro/devkitARM/lib/gcc/arm-none-eabi/9.1.0/../../../../arm-none-eabi/lib/armv6k/fpu/libg.a(lib_a-malloc.o)
                0x000000000010c898                malloc
 .text.free     0x000000000010c8b8       0x20 /opt/devkitpro/devkitARM/lib/gcc/arm-none-eabi/9.1.0/../../../../arm-none-eabi/lib/armv6k/fpu/libg.a(lib_a-malloc.o)
                0x000000000010c8b8                free
 .text._malloc_r
                0x000000000010c8d8      0x7d0 /opt/devkitpro/devkitARM/lib/gcc/arm-none-eabi/9.1.0/../../../../arm-none-eabi/lib/armv6k/fpu/libg.a(lib_a-mallocr.o)
                0x000000000010c8d8                _malloc_r
 .text.memcpy   0x000000000010d0a8      0x120 /opt/devkitpro/devkitARM/lib/gcc/arm-none-eabi/9.1.0/../../../../arm-none-eabi/lib/armv6k/fpu/libg.a(lib_a-memcpy-stub.o)
                0x000000000010d0a8                memcpy
 .text.memset   0x000000000010d1c8      0x118 /opt/devkitpro/devkitARM/lib/gcc/arm-none-eabi/9.1.0/../../../../arm-none-eabi/lib/armv6k/fpu/libg.a(lib_a-memset.o)
                0x000000000010d1c8                memset
 .text.__malloc_lock
                0x000000000010d2e0        0xc /opt/devkitpro/devkitARM/lib/gcc/arm-none-eabi/9.1.0/../../../../arm-none-eabi/lib/armv6k/fpu/libg.a(lib_a-mlock.o)
                0x000000000010d2e0                __malloc_lock
 .text.__malloc_unlock
                0x000000000010d2ec        0xc /opt/devkitpro/devkitARM/lib/gcc/arm-none-eabi/9.1.0/../../../../arm-none-eabi/lib/armv6k/fpu/libg.a(lib_a-mlock.o)
                0x000000000010d2ec                __malloc_unlock
 .text.strlen   0x000000000010d2f8       0x5c /opt/devkitpro/devkitARM/lib/gcc/arm-none-eabi/9.1.0/../../../../arm-none-eabi/lib/armv6k/fpu/libg.a(lib_a-strlen-stub.o)
                0x000000000010d2f8                strlen
 .text.strncat  0x000000000010d354       0x98 /opt/devkitpro/devkitARM/lib/gcc/arm-none-eabi/9.1.0/../../../../arm-none-eabi/lib/armv6k/fpu/libg.a(lib_a-strncat.o)
                0x000000000010d354                strncat
 .text.strncpy  0x000000000010d3ec       0xc0 /opt/devkitpro/devkitARM/lib/gcc/arm-none-eabi/9.1.0/../../../../arm-none-eabi/lib/armv6k/fpu/libg.a(lib_a-strncpy.o)
                0x000000000010d3ec                strncpy
 .text.strnlen  0x000000000010d4ac       0x48 /opt/devkitpro/devkitARM/lib/gcc/arm-none-eabi/9.1.0/../../../../arm-none-eabi/lib/armv6k/fpu/libg.a(lib_a-strnlen.o)
                0x000000000010d4ac                strnlen
 .text.__call_exitprocs
                0x000000000010d4f4      0x118 /opt/devkitpro/devkitARM/lib/gcc/arm-none-eabi/9.1.0/../../../../arm-none-eabi/lib/armv6k/fpu/libg.a(lib_a-__call_atexit.o)
                0x000000000010d4f4                __call_exitprocs
 .text._malloc_trim_r
                0x000000000010d60c       0xf8 /opt/devkitpro/devkitARM/lib/gcc/arm-none-eabi/9.1.0/../../../../arm-none-eabi/lib/armv6k/fpu/libg.a(lib_a-freer.o)
                0x000000000010d60c                _malloc_trim_r
 .text._free_r  0x000000000010d704      0x2e8 /opt/devkitpro/devkitARM/lib/gcc/arm-none-eabi/9.1.0/../../../../arm-none-eabi/lib/armv6k/fpu/libg.a(lib_a-freer.o)
                0x000000000010d704                _free_r
 .text.null_write
                0x000000000010d9ec        0x8 /opt/devkitpro/devkitARM/lib/gcc/arm-none-eabi/9.1.0/../../../../arm-none-eabi/lib/armv6k/fpu/libsysbase.a(iosupport.o)
 .text.setDefaultDevice
                0x000000000010d9f4       0x18 /opt/devkitpro/devkitARM/lib/gcc/arm-none-eabi/9.1.0/../../../../arm-none-eabi/lib/armv6k/fpu/libsysbase.a(iosupport.o)
                0x000000000010d9f4                setDefaultDevice
 .text.FindDevice
                0x000000000010da0c       0xc8 /opt/devkitpro/devkitARM/lib/gcc/arm-none-eabi/9.1.0/../../../../arm-none-eabi/lib/armv6k/fpu/libsysbase.a(iosupport.o)
                0x000000000010da0c                FindDevice
 .text.RemoveDevice
                0x000000000010dad4       0x28 /opt/devkitpro/devkitARM/lib/gcc/arm-none-eabi/9.1.0/../../../../arm-none-eabi/lib/armv6k/fpu/libsysbase.a(iosupport.o)
                0x000000000010dad4                RemoveDevice
 .text.AddDevice
                0x000000000010dafc       0x9c /opt/devkitpro/devkitARM/lib/gcc/arm-none-eabi/9.1.0/../../../../arm-none-eabi/lib/armv6k/fpu/libsysbase.a(iosupport.o)
                0x000000000010dafc                AddDevice
 .text._sbrk_r  0x000000000010db98       0x78 /opt/devkitpro/devkitARM/lib/gcc/arm-none-eabi/9.1.0/../../../../arm-none-eabi/lib/armv6k/fpu/libsysbase.a(sbrk.o)
                0x000000000010db98                _sbrk_r
 .text._exit    0x000000000010dc10       0x24 /opt/devkitpro/devkitARM/lib/gcc/arm-none-eabi/9.1.0/../../../../arm-none-eabi/lib/armv6k/fpu/libsysbase.a(_exit.o)
                0x000000000010dc10                _exit
 .text._concatenate_path
                0x000000000010dc34      0x1bc /opt/devkitpro/devkitARM/lib/gcc/arm-none-eabi/9.1.0/../../../../arm-none-eabi/lib/armv6k/fpu/libsysbase.a(chdir.o)
                0x000000000010dc34                _concatenate_path
 .text.chdir    0x000000000010ddf0      0x15c /opt/devkitpro/devkitARM/lib/gcc/arm-none-eabi/9.1.0/../../../../arm-none-eabi/lib/armv6k/fpu/libsysbase.a(chdir.o)
                0x000000000010ddf0                chdir
 .text.__libc_lock_acquire_recursive
                0x000000000010df4c       0x18 /opt/devkitpro/devkitARM/lib/gcc/arm-none-eabi/9.1.0/../../../../arm-none-eabi/lib/armv6k/fpu/libsysbase.a(syscall_support.o)
                0x000000000010df4c                __libc_lock_acquire_recursive
 .text.__libc_lock_release_recursive
                0x000000000010df64       0x18 /opt/devkitpro/devkitARM/lib/gcc/arm-none-eabi/9.1.0/../../../../arm-none-eabi/lib/armv6k/fpu/libsysbase.a(syscall_support.o)
                0x000000000010df64                __libc_lock_release_recursive
 .text.__getreent
                0x000000000010df7c       0x28 /opt/devkitpro/devkitARM/lib/gcc/arm-none-eabi/9.1.0/../../../../arm-none-eabi/lib/armv6k/fpu/libsysbase.a(getreent.o)
                0x000000000010df7c                __getreent
 .text.strchr   0x000000000010dfa4      0x144 /opt/devkitpro/devkitARM/lib/gcc/arm-none-eabi/9.1.0/../../../../arm-none-eabi/lib/armv6k/fpu/libg.a(lib_a-strchr.o)
                0x000000000010dfa4                strchr
 .text.strncmp  0x000000000010e0e8       0xec /opt/devkitpro/devkitARM/lib/gcc/arm-none-eabi/9.1.0/../../../../arm-none-eabi/lib/armv6k/fpu/libg.a(lib_a-strncmp.o)
                0x000000000010e0e8                strncmp
 .text.strrchr  0x000000000010e1d4       0x44 /opt/devkitpro/devkitARM/lib/gcc/arm-none-eabi/9.1.0/../../../../arm-none-eabi/lib/armv6k/fpu/libg.a(lib_a-strrchr.o)
                0x000000000010e1d4                strrchr
 *(.glue_7)
 .glue_7        0x000000000010e218        0x0 linker stubs
 *(.glue_7t)
 .glue_7t       0x000000000010e218        0x0 linker stubs
 *(.stub)
 *(.gnu.warning)
 *(.gnu.linkonce.t*)
                0x000000000010e218                . = ALIGN (0x4)
 *(.fini)
 .fini          0x000000000010e218        0xc /opt/devkitpro/devkitARM/lib/gcc/arm-none-eabi/9.1.0/armv6k/fpu/crti.o
                0x000000000010e218                _fini
 .fini          0x000000000010e224        0xc /opt/devkitpro/devkitARM/lib/gcc/arm-none-eabi/9.1.0/armv6k/fpu/crtn.o
                0x000000000010e230                . = ALIGN (0x4)

.vfp11_veneer   0x000000000010e230        0x0
 .vfp11_veneer  0x000000000010e230        0x0 linker stubs

.v4_bx          0x000000000010e230        0x0
 .v4_bx         0x000000000010e230        0x0 linker stubs

.iplt           0x000000000010e230        0x0
 .iplt          0x000000000010e230        0x0 /opt/devkitpro/devkitARM/lib/gcc/arm-none-eabi/9.1.0/../../../../arm-none-eabi/lib/armv6k/fpu/3dsx_crt0.o
                0x000000000010f000                . = ALIGN (0x1000)

.rodata         0x000000000010f000      0x404
 *(.rodata)
 .rodata        0x000000000010f000      0x190 /opt/devkitpro/libctru/lib/libcitro2d.a(render2d.shbin.o)
                0x000000000010f000                render2d_shbin
                0x000000000010f18c                render2d_shbin_size
                0x000000000010f18c                render2d_shbin_end
 .rodata        0x000000000010f190        0xc /opt/devkitpro/libctru/lib/libctru.a(sdmc_dev.o)
 *(.roda)
 *(.rodata.*)
 .rodata.C2D_Init.str1.4
                0x000000000010f19c       0x10 /opt/devkitpro/libctru/lib/libcitro2d.a(base.o)
 .rodata.colorFmtSizes
                0x000000000010f1ac        0x5 /opt/devkitpro/libctru/lib/libcitro3d.a(framebuffer.o)
 *fill*         0x000000000010f1b1        0x3 
 .rodata.depthFmtSizes
                0x000000000010f1b4        0x4 /opt/devkitpro/libctru/lib/libcitro3d.a(framebuffer.o)
 .rodata.CSWTCH.7
                0x000000000010f1b8       0x10 /opt/devkitpro/libctru/lib/libcitro3d.a(proctex.o)
 .rodata.CSWTCH.62
                0x000000000010f1c8       0x14 /opt/devkitpro/libctru/lib/libctru.a(gfx.o)
 .rodata.framebufferInfoSt
                0x000000000010f1dc        0x8 /opt/devkitpro/libctru/lib/libctru.a(gfx.o)
 .rodata.gspInit.str1.4
                0x000000000010f1e4        0x9 /opt/devkitpro/libctru/lib/libctru.a(gspgpu.o)
 *fill*         0x000000000010f1ed        0x3 
 .rodata.aptSendCommand.str1.4
                0x000000000010f1f0       0x16 /opt/devkitpro/libctru/lib/libctru.a(apt.o)
 *fill*         0x000000000010f206        0x2 
 .rodata.hidInit.str1.4
                0x000000000010f208       0x15 /opt/devkitpro/libctru/lib/libctru.a(hid.o)
 *fill*         0x000000000010f21d        0x3 
 .rodata.ptmSysmInit.str1.4
                0x000000000010f220        0x9 /opt/devkitpro/libctru/lib/libctru.a(ptmsysm.o)
 *fill*         0x000000000010f229        0x3 
 .rodata.srvInit.str1.4
                0x000000000010f22c        0x5 /opt/devkitpro/libctru/lib/libctru.a(srv.o)
 *fill*         0x000000000010f231        0x3 
 .rodata.irrstInit.str1.4
                0x000000000010f234        0x7 /opt/devkitpro/libctru/lib/libctru.a(irrst.o)
 *fill*         0x000000000010f23b        0x1 
 .rodata.str1.4
                0x000000000010f23c        0x5 /opt/devkitpro/libctru/lib/libctru.a(sdmc_dev.o)
                                          0x9 (size before relaxing)
 *fill*         0x000000000010f241        0x3 
 .rodata.sdmcExit.str1.4
                0x000000000010f244        0x6 /opt/devkitpro/libctru/lib/libctru.a(sdmc_dev.o)
 *fill*         0x000000000010f24a        0x2 
 .rodata.error_table
                0x000000000010f24c       0x30 /opt/devkitpro/libctru/lib/libctru.a(sdmc_dev.o)
 .rodata.fsInit.str1.4
                0x000000000010f27c        0x8 /opt/devkitpro/libctru/lib/libctru.a(fs.o)
 .rodata._global_impure_ptr
                0x000000000010f284        0x4 /opt/devkitpro/devkitARM/lib/gcc/arm-none-eabi/9.1.0/../../../../arm-none-eabi/lib/armv6k/fpu/libg.a(lib_a-impure.o)
                0x000000000010f284                _global_impure_ptr
 .rodata.AddDevice.str1.4
                0x000000000010f288        0x8 /opt/devkitpro/devkitARM/lib/gcc/arm-none-eabi/9.1.0/../../../../arm-none-eabi/lib/armv6k/fpu/libsysbase.a(iosupport.o)
 .rodata.dotab_stdnull
                0x000000000010f290       0x70 /opt/devkitpro/devkitARM/lib/gcc/arm-none-eabi/9.1.0/../../../../arm-none-eabi/lib/armv6k/fpu/libsysbase.a(iosupport.o)
                0x000000000010f290                dotab_stdnull
 .rodata._ctype_
                0x000000000010f300      0x101 /opt/devkitpro/devkitARM/lib/gcc/arm-none-eabi/9.1.0/../../../../arm-none-eabi/lib/armv6k/fpu/libg.a(lib_a-ctype_.o)
                0x000000000010f300                _ctype_
 *all.rodata*(*)
 *(.gnu.linkonce.r*)
                0x000000000010f404                . = ALIGN (0x4)
 *fill*         0x000000000010f401        0x3 

.eh_frame       0x000000000010f404        0x0
 .eh_frame      0x000000000010f404        0x0 /opt/devkitpro/devkitARM/lib/gcc/arm-none-eabi/9.1.0/armv6k/fpu/crtbegin.o

.rel.dyn        0x000000000010f404        0x0
 .rel.iplt      0x000000000010f404        0x0 /opt/devkitpro/devkitARM/lib/gcc/arm-none-eabi/9.1.0/../../../../arm-none-eabi/lib/armv6k/fpu/3dsx_crt0.o

.ARM.extab
 *(.ARM.extab* .gnu.linkonce.armextab.*)
                0x000000000010f404                __exidx_start = .

ARM.exidx
 *(.ARM.exidx* .gnu.linkonce.armexidx.*)
                0x000000000010f404                __exidx_end = .
                0x0000000000110000                . = ALIGN (0x1000)

.data           0x0000000000110000     0x11c8
 *(.data)
 .data          0x0000000000110000        0x4 main.o
 .data          0x0000000000110004        0x4 /opt/devkitpro/libctru/lib/libctru.a(stack_adjust.o)
                0x0000000000110004                __stacksize__
 *(.data.*)
 .data.framerate
                0x0000000000110008        0x4 /opt/devkitpro/libctru/lib/libcitro3d.a(renderqueue.o)
 .data.framerateCounter
                0x000000000011000c        0x8 /opt/devkitpro/libctru/lib/libcitro3d.a(renderqueue.o)
 .data.botFormat
                0x0000000000110014        0x1 /opt/devkitpro/libctru/lib/libctru.a(gfx.o)
 *fill*         0x0000000000110015        0x3 
 .data.doubleBuf
                0x0000000000110018        0x8 /opt/devkitpro/libctru/lib/libctru.a(gfx.o)
 .data.topFormat
                0x0000000000110020        0x1 /opt/devkitpro/libctru/lib/libctru.a(gfx.o)
 *fill*         0x0000000000110021        0x3 
 .data.queueLock
                0x0000000000110024        0x4 /opt/devkitpro/libctru/lib/libctru.a(gxqueue.o)
 .data.gspLastEvent
                0x0000000000110028        0x4 /opt/devkitpro/libctru/lib/libctru.a(gspgpu.o)
 .data.aptFlags
                0x000000000011002c        0x4 /opt/devkitpro/libctru/lib/libctru.a(apt.o)
 .data.aptHomeAllowed
                0x0000000000110030        0x1 /opt/devkitpro/libctru/lib/libctru.a(apt.o)
 *fill*         0x0000000000110031        0x3 
 .data.__ctru_linear_heap_size
                0x0000000000110034        0x4 /opt/devkitpro/libctru/lib/libctru.a(allocateHeaps.o)
                0x0000000000110034                __ctru_linear_heap_size
 .data.__cwd    0x0000000000110038      0x401 /opt/devkitpro/libctru/lib/libctru.a(sdmc_dev.o)
 *fill*         0x0000000000110439        0x3 
 .data.sdmc_devoptab
                0x000000000011043c       0x70 /opt/devkitpro/libctru/lib/libctru.a(sdmc_dev.o)
 .data._impure_ptr
                0x00000000001104ac        0x4 /opt/devkitpro/devkitARM/lib/gcc/arm-none-eabi/9.1.0/../../../../arm-none-eabi/lib/armv6k/fpu/libg.a(lib_a-impure.o)
                0x00000000001104ac                _impure_ptr
 .data.impure_data
                0x00000000001104b0      0x460 /opt/devkitpro/devkitARM/lib/gcc/arm-none-eabi/9.1.0/../../../../arm-none-eabi/lib/armv6k/fpu/libg.a(lib_a-impure.o)
 .data.__malloc_av_
                0x0000000000110910      0x408 /opt/devkitpro/devkitARM/lib/gcc/arm-none-eabi/9.1.0/../../../../arm-none-eabi/lib/armv6k/fpu/libg.a(lib_a-mallocr.o)
                0x0000000000110910                __malloc_av_
 .data.__malloc_sbrk_base
                0x0000000000110d18        0x4 /opt/devkitpro/devkitARM/lib/gcc/arm-none-eabi/9.1.0/../../../../arm-none-eabi/lib/armv6k/fpu/libg.a(lib_a-mallocr.o)
                0x0000000000110d18                __malloc_sbrk_base
 .data.__malloc_trim_threshold
                0x0000000000110d1c        0x4 /opt/devkitpro/devkitARM/lib/gcc/arm-none-eabi/9.1.0/../../../../arm-none-eabi/lib/armv6k/fpu/libg.a(lib_a-mallocr.o)
                0x0000000000110d1c                __malloc_trim_threshold
 .data.__malloc_recursive_mutex
                0x0000000000110d20        0xc /opt/devkitpro/devkitARM/lib/gcc/arm-none-eabi/9.1.0/../../../../arm-none-eabi/lib/armv6k/fpu/libg.a(lib_a-mlock.o)
 .data.__atexit_recursive_mutex
                0x0000000000110d2c        0xc /opt/devkitpro/devkitARM/lib/gcc/arm-none-eabi/9.1.0/../../../../arm-none-eabi/lib/armv6k/fpu/libg.a(lib_a-__call_atexit.o)
                0x0000000000110d2c                __atexit_recursive_mutex
 .data.defaultDevice
                0x0000000000110d38        0x4 /opt/devkitpro/devkitARM/lib/gcc/arm-none-eabi/9.1.0/../../../../arm-none-eabi/lib/armv6k/fpu/libsysbase.a(iosupport.o)
 .data.devoptab_list
                0x0000000000110d3c       0x8c /opt/devkitpro/devkitARM/lib/gcc/arm-none-eabi/9.1.0/../../../../arm-none-eabi/lib/armv6k/fpu/libsysbase.a(iosupport.o)
                0x0000000000110d3c                devoptab_list
 .data._current_working_directory
                0x0000000000110dc8      0x400 /opt/devkitpro/devkitARM/lib/gcc/arm-none-eabi/9.1.0/../../../../arm-none-eabi/lib/armv6k/fpu/libsysbase.a(chdir.o)
 *(.gnu.linkonce.d*)
                0x00000000001111c8                . = ALIGN (0x4)

.igot.plt       0x00000000001111c8        0x0
 .igot.plt      0x00000000001111c8        0x0 /opt/devkitpro/devkitARM/lib/gcc/arm-none-eabi/9.1.0/../../../../arm-none-eabi/lib/armv6k/fpu/3dsx_crt0.o

.tm_clone_table
                0x00000000001111c8        0x0
 .tm_clone_table
                0x00000000001111c8        0x0 /opt/devkitpro/devkitARM/lib/gcc/arm-none-eabi/9.1.0/armv6k/fpu/crtbegin.o
 .tm_clone_table
                0x00000000001111c8        0x0 /opt/devkitpro/devkitARM/lib/gcc/arm-none-eabi/9.1.0/armv6k/fpu/crtend.o
                0x00000000001111c8                __TMC_END__

.tdata          0x00000000001111c8        0x0
                0x00000000001111c8                __tdata_lma = .
 *(.tdata)
 *(.tdata.*)
 *(.gnu.linkonce.td.*)
                0x00000000001111c8                . = ALIGN (0x4)
                0x00000000001111c8                __tdata_lma_end = .

.tbss           0x00000000001111c8     0x140c
 *(.tbss)
 *(.tbss.*)
 .tbss.__fixedpath
                0x00000000001111c8      0x401 /opt/devkitpro/libctru/lib/libctru.a(sdmc_dev.o)
 *fill*         0x00000000001115c9        0x3 
 .tbss.__utf16path
                0x00000000001115cc      0x802 /opt/devkitpro/libctru/lib/libctru.a(sdmc_dev.o)
 *fill*         0x0000000000111dce        0x2 
 .tbss.__utf16path_old.8583
                0x0000000000111dd0      0x802 /opt/devkitpro/libctru/lib/libctru.a(sdmc_dev.o)
 *(.gnu.linkonce.tb.*)
 *(.tcommon)
                0x00000000001125d4                . = ALIGN (0x4)
 *fill*         0x00000000001125d2        0x2 

.preinit_array  0x00000000001111c8        0x0
                0x00000000001111c8                PROVIDE (__preinit_array_start = .)
 *(.preinit_array)
                0x00000000001111c8                PROVIDE (__preinit_array_end = .)

.init_array     0x00000000001111c8        0x4
                0x00000000001111c8                PROVIDE (__init_array_start = .)
 *(SORT_BY_NAME(.init_array.*))
 *(.init_array)
 .init_array    0x00000000001111c8        0x4 /opt/devkitpro/devkitARM/lib/gcc/arm-none-eabi/9.1.0/armv6k/fpu/crtbegin.o
                0x00000000001111cc                PROVIDE (__init_array_end = .)

.fini_array     0x00000000001111cc        0x4
                0x00000000001111cc                PROVIDE (__fini_array_start = .)
 *(.fini_array)
 .fini_array    0x00000000001111cc        0x4 /opt/devkitpro/devkitARM/lib/gcc/arm-none-eabi/9.1.0/armv6k/fpu/crtbegin.o
 *(SORT_BY_NAME(.fini_array.*))
                0x00000000001111d0                PROVIDE (__fini_array_end = .)

.ctors
 *crtbegin.o(.ctors)
 *(EXCLUDE_FILE(*crtend.o) .ctors)
 *(SORT_BY_NAME(.ctors.*))
 *(.ctors)

.dtors
 *crtbegin.o(.dtors)
 *(EXCLUDE_FILE(*crtend.o) .dtors)
 *(SORT_BY_NAME(.dtors.*))
 *(.dtors)
                0x00000000001111d0                __bss_start__ = .

.bss            0x00000000001111d0     0x42e4
 *(.dynbss)
 *(.bss)
 .bss           0x00000000001111d0        0x8 main.o
 .bss           0x00000000001111d8        0x8 /opt/devkitpro/libctru/lib/libctru.a(stack_adjust.o)
 *(.bss.*)
 .bss.completed.10434
                0x00000000001111e0        0x1 /opt/devkitpro/devkitARM/lib/gcc/arm-none-eabi/9.1.0/armv6k/fpu/crtbegin.o
 *fill*         0x00000000001111e1        0x3 
 .bss.object.10439
                0x00000000001111e4       0x18 /opt/devkitpro/devkitARM/lib/gcc/arm-none-eabi/9.1.0/armv6k/fpu/crtbegin.o
 .bss.s_projBot
                0x00000000001111fc       0x40 /opt/devkitpro/libctru/lib/libcitro2d.a(base.o)
 .bss.s_projTop
                0x000000000011123c       0x40 /opt/devkitpro/libctru/lib/libcitro2d.a(base.o)
 .bss.uLoc_mdlvMtx
                0x000000000011127c        0x4 /opt/devkitpro/libctru/lib/libcitro2d.a(base.o)
 .bss.uLoc_projMtx
                0x0000000000111280        0x4 /opt/devkitpro/libctru/lib/libcitro2d.a(base.o)
 .bss.hookCookie
                0x0000000000111284        0xc /opt/devkitpro/libctru/lib/libcitro3d.a(base.o)
 .bss.cpuTime   0x0000000000111290       0x10 /opt/devkitpro/libctru/lib/libcitro3d.a(renderqueue.o)
 .bss.firstTarget
                0x00000000001112a0        0x4 /opt/devkitpro/libctru/lib/libcitro3d.a(renderqueue.o)
 .bss.frameCounter
                0x00000000001112a4        0x8 /opt/devkitpro/libctru/lib/libcitro3d.a(renderqueue.o)
 .bss.frameEndCb
                0x00000000001112ac        0x4 /opt/devkitpro/libctru/lib/libcitro3d.a(renderqueue.o)
 .bss.frameEndCbData
                0x00000000001112b0        0x4 /opt/devkitpro/libctru/lib/libcitro3d.a(renderqueue.o)
 .bss.frameStage
                0x00000000001112b4        0x1 /opt/devkitpro/libctru/lib/libcitro3d.a(renderqueue.o)
 *fill*         0x00000000001112b5        0x3 
 .bss.gpuTime   0x00000000001112b8       0x10 /opt/devkitpro/libctru/lib/libcitro3d.a(renderqueue.o)
 .bss.inFrame   0x00000000001112c8        0x1 /opt/devkitpro/libctru/lib/libcitro3d.a(renderqueue.o)
 .bss.inSafeTransfer
                0x00000000001112c9        0x1 /opt/devkitpro/libctru/lib/libcitro3d.a(renderqueue.o)
 .bss.initialized
                0x00000000001112ca        0x1 /opt/devkitpro/libctru/lib/libcitro3d.a(renderqueue.o)
 *fill*         0x00000000001112cb        0x1 
 .bss.lastTarget
                0x00000000001112cc        0x4 /opt/devkitpro/libctru/lib/libcitro3d.a(renderqueue.o)
 .bss.linkedTarget
                0x00000000001112d0        0xc /opt/devkitpro/libctru/lib/libcitro3d.a(renderqueue.o)
 .bss.measureGpuTime
                0x00000000001112dc        0x1 /opt/devkitpro/libctru/lib/libcitro3d.a(renderqueue.o)
 *fill*         0x00000000001112dd        0x3 
 .bss.C3Di_FVUnifEverDirty
                0x00000000001112e0       0xc0 /opt/devkitpro/libctru/lib/libcitro3d.a(uniforms.o)
 .bss.C3Di_IVUnifEverDirty
                0x00000000001113a0        0x8 /opt/devkitpro/libctru/lib/libcitro3d.a(uniforms.o)
 .bss.C3Di_ShaderFVecData
                0x00000000001113a8       0x18 /opt/devkitpro/libctru/lib/libcitro3d.a(uniforms.o)
 .bss._ZL8sAddrMap
                0x00000000001113c0        0xc /opt/devkitpro/libctru/lib/libctru.a(vram.o)
 .bss._ZL9sVramPool
                0x00000000001113cc        0x8 /opt/devkitpro/libctru/lib/libctru.a(vram.o)
 .bss._ZL11sLinearPool
                0x00000000001113d4        0x8 /opt/devkitpro/libctru/lib/libctru.a(linear.o)
 .bss._ZL8sAddrMap
                0x00000000001113dc        0xc /opt/devkitpro/libctru/lib/libctru.a(linear.o)
 .bss.__ctru_speedup
                0x00000000001113e8        0x1 /opt/devkitpro/libctru/lib/libctru.a(os.o)
                0x00000000001113e8                __ctru_speedup
 *fill*         0x00000000001113e9        0x3 
 .bss.currentBuffer
                0x00000000001113ec        0x2 /opt/devkitpro/libctru/lib/libctru.a(gfx.o)
 .bss.enable3d  0x00000000001113ee        0x1 /opt/devkitpro/libctru/lib/libctru.a(gfx.o)
 *fill*         0x00000000001113ef        0x1 
 .bss.screenAlloc
                0x00000000001113f0        0x4 /opt/devkitpro/libctru/lib/libctru.a(gfx.o)
 .bss.screenFree
                0x00000000001113f4        0x4 /opt/devkitpro/libctru/lib/libctru.a(gfx.o)
 .bss.boundQueue
                0x00000000001113f8        0x4 /opt/devkitpro/libctru/lib/libctru.a(gx.o)
 .bss.curQueue  0x00000000001113fc        0x4 /opt/devkitpro/libctru/lib/libctru.a(gxqueue.o)
 .bss.isActive  0x0000000000111400        0x1 /opt/devkitpro/libctru/lib/libctru.a(gxqueue.o)
 .bss.isRunning
                0x0000000000111401        0x1 /opt/devkitpro/libctru/lib/libctru.a(gxqueue.o)
 .bss.shouldStop
                0x0000000000111402        0x1 /opt/devkitpro/libctru/lib/libctru.a(gxqueue.o)
 *fill*         0x0000000000111403        0x1 
 .bss.gspEvent  0x0000000000111404        0x4 /opt/devkitpro/libctru/lib/libctru.a(gspgpu.o)
 .bss.gspEventCb
                0x0000000000111408       0x1c /opt/devkitpro/libctru/lib/libctru.a(gspgpu.o)
 .bss.gspEventCbData
                0x0000000000111424       0x1c /opt/devkitpro/libctru/lib/libctru.a(gspgpu.o)
 .bss.gspEventCbOneShot
                0x0000000000111440        0x7 /opt/devkitpro/libctru/lib/libctru.a(gspgpu.o)
 *fill*         0x0000000000111447        0x1 
 .bss.gspEventCounts
                0x0000000000111448       0x1c /opt/devkitpro/libctru/lib/libctru.a(gspgpu.o)
 .bss.gspEventData
                0x0000000000111464        0x4 /opt/devkitpro/libctru/lib/libctru.a(gspgpu.o)
 .bss.gspEventThread
                0x0000000000111468        0x4 /opt/devkitpro/libctru/lib/libctru.a(gspgpu.o)
 .bss.gspEvents
                0x000000000011146c       0x38 /opt/devkitpro/libctru/lib/libctru.a(gspgpu.o)
 .bss.gspRefCount
                0x00000000001114a4        0x4 /opt/devkitpro/libctru/lib/libctru.a(gspgpu.o)
 .bss.gspRunEvents
                0x00000000001114a8        0x1 /opt/devkitpro/libctru/lib/libctru.a(gspgpu.o)
 .bss.aptChainloadMediatype
                0x00000000001114a9        0x1 /opt/devkitpro/libctru/lib/libctru.a(apt.o)
 *fill*         0x00000000001114aa        0x6 
 .bss.aptChainloadTid
                0x00000000001114b0        0x8 /opt/devkitpro/libctru/lib/libctru.a(apt.o)
 .bss.aptEventHandlerThread
                0x00000000001114b8        0x4 /opt/devkitpro/libctru/lib/libctru.a(apt.o)
 .bss.aptEvents
                0x00000000001114bc        0xc /opt/devkitpro/libctru/lib/libctru.a(apt.o)
 .bss.aptFirstHook
                0x00000000001114c8        0xc /opt/devkitpro/libctru/lib/libctru.a(apt.o)
 .bss.aptHomeButtonState
                0x00000000001114d4        0x1 /opt/devkitpro/libctru/lib/libctru.a(apt.o)
 *fill*         0x00000000001114d5        0x3 
 .bss.aptLockHandle
                0x00000000001114d8        0x4 /opt/devkitpro/libctru/lib/libctru.a(apt.o)
 .bss.aptMessageFunc
                0x00000000001114dc        0x4 /opt/devkitpro/libctru/lib/libctru.a(apt.o)
 .bss.aptMessageFuncData
                0x00000000001114e0        0x4 /opt/devkitpro/libctru/lib/libctru.a(apt.o)
 .bss.aptParameters
                0x00000000001114e4     0x1000 /opt/devkitpro/libctru/lib/libctru.a(apt.o)
 .bss.aptRecentHomeButtonState
                0x00000000001124e4        0x1 /opt/devkitpro/libctru/lib/libctru.a(apt.o)
 *fill*         0x00000000001124e5        0x3 
 .bss.aptRefCount
                0x00000000001124e8        0x4 /opt/devkitpro/libctru/lib/libctru.a(apt.o)
 .bss.aptSleepEvent
                0x00000000001124ec        0x8 /opt/devkitpro/libctru/lib/libctru.a(apt.o)
 .bss.flagInit.8300
                0x00000000001124f4        0x1 /opt/devkitpro/libctru/lib/libctru.a(apt.o)
 .bss.flagValue.8301
                0x00000000001124f5        0x1 /opt/devkitpro/libctru/lib/libctru.a(apt.o)
 *fill*         0x00000000001124f6        0x2 
 .bss.serviceName.7930
                0x00000000001124f8        0x4 /opt/devkitpro/libctru/lib/libctru.a(apt.o)
 .bss.aVec      0x00000000001124fc        0x6 /opt/devkitpro/libctru/lib/libctru.a(hid.o)
 *fill*         0x0000000000112502        0x2 
 .bss.cPos      0x0000000000112504        0x4 /opt/devkitpro/libctru/lib/libctru.a(hid.o)
 .bss.gRate     0x0000000000112508        0x6 /opt/devkitpro/libctru/lib/libctru.a(hid.o)
 *fill*         0x000000000011250e        0x2 
 .bss.hidRefCount
                0x0000000000112510        0x4 /opt/devkitpro/libctru/lib/libctru.a(hid.o)
 .bss.kDown     0x0000000000112514        0x4 /opt/devkitpro/libctru/lib/libctru.a(hid.o)
 .bss.kHeld     0x0000000000112518        0x4 /opt/devkitpro/libctru/lib/libctru.a(hid.o)
 .bss.kOld      0x000000000011251c        0x4 /opt/devkitpro/libctru/lib/libctru.a(hid.o)
 .bss.kUp       0x0000000000112520        0x4 /opt/devkitpro/libctru/lib/libctru.a(hid.o)
 .bss.tPos      0x0000000000112524        0x4 /opt/devkitpro/libctru/lib/libctru.a(hid.o)
 .bss.ptmSysmHandle
                0x0000000000112528        0x4 /opt/devkitpro/libctru/lib/libctru.a(ptmsysm.o)
 .bss.ptmSysmRefCount
                0x000000000011252c        0x4 /opt/devkitpro/libctru/lib/libctru.a(ptmsysm.o)
 .bss.__ctru_heap_size
                0x0000000000112530        0x4 /opt/devkitpro/libctru/lib/libctru.a(allocateHeaps.o)
                0x0000000000112530                __ctru_heap_size
 .bss._ZL13sMappablePool
                0x0000000000112534        0x8 /opt/devkitpro/libctru/lib/libctru.a(mappable.o)
 .bss._ZL8sAddrMap
                0x000000000011253c        0xc /opt/devkitpro/libctru/lib/libctru.a(mappable.o)
 .bss.arbiter   0x0000000000112548        0x4 /opt/devkitpro/libctru/lib/libctru.a(synchronization.o)
 .bss.srvHandle
                0x000000000011254c        0x4 /opt/devkitpro/libctru/lib/libctru.a(srv.o)
 .bss.srvRefCount
                0x0000000000112550        0x4 /opt/devkitpro/libctru/lib/libctru.a(srv.o)
 .bss.csPos     0x0000000000112554        0x4 /opt/devkitpro/libctru/lib/libctru.a(irrst.o)
 .bss.irrstRefCount
                0x0000000000112558        0x4 /opt/devkitpro/libctru/lib/libctru.a(irrst.o)
 .bss.kHeld     0x000000000011255c        0x4 /opt/devkitpro/libctru/lib/libctru.a(irrst.o)
 .bss.srvPmHandle
                0x0000000000112560        0x4 /opt/devkitpro/libctru/lib/libctru.a(srvpm.o)
 *fill*         0x0000000000112564        0x4 
 .bss.sdmcArchive
                0x0000000000112568        0x8 /opt/devkitpro/libctru/lib/libctru.a(sdmc_dev.o)
 .bss.sdmcInitialised
                0x0000000000112570        0x1 /opt/devkitpro/libctru/lib/libctru.a(sdmc_dev.o)
 *fill*         0x0000000000112571        0x7 
 .bss.fsExemptArchives
                0x0000000000112578       0x80 /opt/devkitpro/libctru/lib/libctru.a(fs.o)
 .bss.fsuHandle
                0x00000000001125f8        0x4 /opt/devkitpro/libctru/lib/libctru.a(fs.o)
 .bss.fsuRefCount
                0x00000000001125fc        0x4 /opt/devkitpro/libctru/lib/libctru.a(fs.o)
 .bss.__malloc_current_mallinfo
                0x0000000000112600       0x28 /opt/devkitpro/devkitARM/lib/gcc/arm-none-eabi/9.1.0/../../../../arm-none-eabi/lib/armv6k/fpu/libg.a(lib_a-mallocr.o)
                0x0000000000112600                __malloc_current_mallinfo
 .bss.__malloc_max_sbrked_mem
                0x0000000000112628        0x4 /opt/devkitpro/devkitARM/lib/gcc/arm-none-eabi/9.1.0/../../../../arm-none-eabi/lib/armv6k/fpu/libg.a(lib_a-mallocr.o)
                0x0000000000112628                __malloc_max_sbrked_mem
 .bss.__malloc_max_total_mem
                0x000000000011262c        0x4 /opt/devkitpro/devkitARM/lib/gcc/arm-none-eabi/9.1.0/../../../../arm-none-eabi/lib/armv6k/fpu/libg.a(lib_a-mallocr.o)
                0x000000000011262c                __malloc_max_total_mem
 .bss.__malloc_top_pad
                0x0000000000112630        0x4 /opt/devkitpro/devkitARM/lib/gcc/arm-none-eabi/9.1.0/../../../../arm-none-eabi/lib/armv6k/fpu/libg.a(lib_a-mallocr.o)
                0x0000000000112630                __malloc_top_pad
 .bss.heap_start.7420
                0x0000000000112634        0x4 /opt/devkitpro/devkitARM/lib/gcc/arm-none-eabi/9.1.0/../../../../arm-none-eabi/lib/armv6k/fpu/libsysbase.a(sbrk.o)
 .bss.fake_heap_end
                0x0000000000112638        0x4 /opt/devkitpro/devkitARM/lib/gcc/arm-none-eabi/9.1.0/../../../../arm-none-eabi/lib/armv6k/fpu/libsysbase.a(malloc_vars.o)
                0x0000000000112638                fake_heap_end
 .bss.fake_heap_start
                0x000000000011263c        0x4 /opt/devkitpro/devkitARM/lib/gcc/arm-none-eabi/9.1.0/../../../../arm-none-eabi/lib/armv6k/fpu/libsysbase.a(malloc_vars.o)
                0x000000000011263c                fake_heap_start
 .bss.temp_cwd  0x0000000000112640      0x400 /opt/devkitpro/devkitARM/lib/gcc/arm-none-eabi/9.1.0/../../../../arm-none-eabi/lib/armv6k/fpu/libsysbase.a(chdir.o)
 .bss.__syscalls
                0x0000000000112a40       0x48 /opt/devkitpro/devkitARM/lib/gcc/arm-none-eabi/9.1.0/../../../../arm-none-eabi/lib/armv6k/fpu/libsysbase.a(syscall_support.o)
                0x0000000000112a40                __syscalls
 *(.gnu.linkonce.b*)
 *(COMMON)
 COMMON         0x0000000000112a88      0x5a0 /opt/devkitpro/libctru/lib/libcitro2d.a(base.o)
                0x0000000000112a88                __C2Di_Context
 COMMON         0x0000000000113028      0x2d0 /opt/devkitpro/libctru/lib/libcitro3d.a(base.o)
                0x0000000000113028                __C3D_Context
 COMMON         0x00000000001132f8      0xcf0 /opt/devkitpro/libctru/lib/libcitro3d.a(uniforms.o)
                0x00000000001132f8                C3D_IVUnif
                0x0000000000113318                C3D_FVUnifDirty
                0x00000000001133d8                C3D_BoolUnifsDirty
                0x00000000001133dc                C3D_IVUnifDirty
                0x00000000001133e4                C3D_BoolUnifs
                0x00000000001133e8                C3D_FVUnif
 COMMON         0x0000000000113fe8       0x68 /opt/devkitpro/libctru/lib/libctru.a(gfx.o)
                0x0000000000113fe8                gfxBottomFramebuffers
                0x0000000000113ff0                gspSharedMemHandle
                0x0000000000113ff4                bottomFramebufferInfo
                0x0000000000114010                gspEvent
                0x0000000000114014                gfxTopLeftFramebuffers
                0x000000000011401c                gfxTopRightFramebuffers
                0x0000000000114024                topFramebufferInfo
                0x0000000000114040                gfxThreadID